==> swift test --enable-code-coverage
==> swift test --enable-code-coverage
[0/1] Planning build
Building for debugging...
[0/6] Write sources
[2/6] Write swift-version--58304C5D6DBC2206.txt
[4/8] Compiling OuroMDAppSupport DocumentLink.swift
[5/8] Emitting module OuroMDAppSupport
[5/10] Write Objects.LinkFileList
[7/12] Emitting module OuroMDAppSupportTests
[8/12] Compiling OuroMDAppSupportTests DocumentLinkTests.swift
[8/12] Linking ouro-md
[9/12] Applying ouro-md
[11/13] Emitting module OuroMDTests
[11/13] Write Objects.LinkFileList
[12/13] Linking ouro-mdPackageTests
Build complete! (11.23s)
Test Suite 'All tests' started at 2026-08-24 12:39:44.192.
Test Suite 'ouro-mdPackageTests.xctest' started at 2026-08-24 12:39:44.195.
Test Suite 'AppDelegateLaunchTests' started at 2026-08-24 12:39:44.196.
Test Case '-[OuroMDTests.AppDelegateLaunchTests testOpensNewDocumentWhenNothingToRestore]' started.
Test Case '-[OuroMDTests.AppDelegateLaunchTests testOpensNewDocumentWhenNothingToRestore]' passed (0.001 seconds).
Test Case '-[OuroMDTests.AppDelegateLaunchTests testRestoresSessionWhenOneExistsAndNoDocumentOpened]' started.
Test Case '-[OuroMDTests.AppDelegateLaunchTests testRestoresSessionWhenOneExistsAndNoDocumentOpened]' passed (0.000 seconds).
Test Case '-[OuroMDTests.AppDelegateLaunchTests testSkipsFallbackWhenADocumentAlreadyOpened]' started.
Test Case '-[OuroMDTests.AppDelegateLaunchTests testSkipsFallbackWhenADocumentAlreadyOpened]' passed (0.000 seconds).
Test Suite 'AppDelegateLaunchTests' passed at 2026-08-24 12:39:44.199.
	 Executed 3 tests, with 0 failures (0 unexpected) in 0.001 (0.004) seconds
Test Suite 'AppDelegateWindowRoutingTests' started at 2026-08-24 12:39:44.199.
Test Case '-[OuroMDTests.AppDelegateWindowRoutingTests testApplicationOpenReusesCleanUntitledFrontWindowThenOpensNewWindows]' started.
Test Case '-[OuroMDTests.AppDelegateWindowRoutingTests testApplicationOpenReusesCleanUntitledFrontWindowThenOpensNewWindows]' passed (1.791 seconds).
Test Case '-[OuroMDTests.AppDelegateWindowRoutingTests testLinkedMarkdownDocumentOpensInAnotherWindowAndReusesIt]' started.
Test Case '-[OuroMDTests.AppDelegateWindowRoutingTests testLinkedMarkdownDocumentOpensInAnotherWindowAndReusesIt]' passed (0.496 seconds).
Test Case '-[OuroMDTests.AppDelegateWindowRoutingTests testLinkedMarkdownReportsUnreadableAfterSandboxGrant]' started.
Test Case '-[OuroMDTests.AppDelegateWindowRoutingTests testLinkedMarkdownReportsUnreadableAfterSandboxGrant]' passed (0.344 seconds).
Test Case '-[OuroMDTests.AppDelegateWindowRoutingTests testLinkedMarkdownRequestsSandboxAccessBeforeOpening]' started.
Test Case '-[OuroMDTests.AppDelegateWindowRoutingTests testLinkedMarkdownRequestsSandboxAccessBeforeOpening]' passed (0.473 seconds).
Test Case '-[OuroMDTests.AppDelegateWindowRoutingTests testSaveAndRenameCommandsTargetKeyWindowOnly]' started.
Test Case '-[OuroMDTests.AppDelegateWindowRoutingTests testSaveAndRenameCommandsTargetKeyWindowOnly]' passed (0.987 seconds).
Test Case '-[OuroMDTests.AppDelegateWindowRoutingTests testSidebarAndThemeCommandsTargetKeyWindowOnly]' started.
Test Case '-[OuroMDTests.AppDelegateWindowRoutingTests testSidebarAndThemeCommandsTargetKeyWindowOnly]' passed (0.641 seconds).
Test Suite 'AppDelegateWindowRoutingTests' passed at 2026-08-24 12:39:48.936.
	 Executed 6 tests, with 0 failures (0 unexpected) in 4.733 (4.736) seconds
Test Suite 'AppModelDeletionTests' started at 2026-08-24 12:39:48.936.
Test Case '-[OuroMDTests.AppModelDeletionTests testDeletedFileSurfacesAsDeletedNotAsUnsavedEdit]' started.
Test Case '-[OuroMDTests.AppModelDeletionTests testDeletedFileSurfacesAsDeletedNotAsUnsavedEdit]' passed (0.868 seconds).
Test Case '-[OuroMDTests.AppModelDeletionTests testRecreatedFileClearsDeletedMarker]' started.
Test Case '-[OuroMDTests.AppModelDeletionTests testRecreatedFileClearsDeletedMarker]' passed (1.624 seconds).
Test Case '-[OuroMDTests.AppModelDeletionTests testTransientAtomicSaveGapIsNotFlaggedAsDeleted]' started.
Test Case '-[OuroMDTests.AppModelDeletionTests testTransientAtomicSaveGapIsNotFlaggedAsDeleted]' passed (1.733 seconds).
Test Suite 'AppModelDeletionTests' passed at 2026-08-24 12:39:53.161.
	 Executed 3 tests, with 0 failures (0 unexpected) in 4.225 (4.226) seconds
Test Suite 'AppModelDocumentTruthTests' started at 2026-08-24 12:39:53.161.
Test Case '-[OuroMDTests.AppModelDocumentTruthTests testDeletedAndRestoredFilesRefreshTruthWithoutMarkingGitCertainty]' started.
Test Case '-[OuroMDTests.AppModelDocumentTruthTests testDeletedAndRestoredFilesRefreshTruthWithoutMarkingGitCertainty]' passed (0.115 seconds).
Test Case '-[OuroMDTests.AppModelDocumentTruthTests testExternalReloadRefreshesTruthAfterAgentWritesFile]' started.
Test Case '-[OuroMDTests.AppModelDocumentTruthTests testExternalReloadRefreshesTruthAfterAgentWritesFile]' passed (0.079 seconds).
Test Case '-[OuroMDTests.AppModelDocumentTruthTests testTruthRefreshesAcrossWelcomeLoadDirtySaveRenameSaveAsAndNewDocument]' started.
Test Case '-[OuroMDTests.AppModelDocumentTruthTests testTruthRefreshesAcrossWelcomeLoadDirtySaveRenameSaveAsAndNewDocument]' passed (0.082 seconds).
Test Suite 'AppModelDocumentTruthTests' passed at 2026-08-24 12:39:53.439.
	 Executed 3 tests, with 0 failures (0 unexpected) in 0.277 (0.278) seconds
Test Suite 'AppModelReloadTests' started at 2026-08-24 12:39:53.439.
Test Case '-[OuroMDTests.AppModelReloadTests testAppearanceSelectionRemembersLightThemeAcrossModelRecreation]' started.
Test Case '-[OuroMDTests.AppModelReloadTests testAppearanceSelectionRemembersLightThemeAcrossModelRecreation]' passed (0.002 seconds).
Test Case '-[OuroMDTests.AppModelReloadTests testCleanPerformSaveCompletesWithoutRoundTripThroughEditor]' started.
Test Case '-[OuroMDTests.AppModelReloadTests testCleanPerformSaveCompletesWithoutRoundTripThroughEditor]' passed (0.244 seconds).
Test Case '-[OuroMDTests.AppModelReloadTests testCleanSaveDoesNotRoundTripThroughEditor]' started.
Test Case '-[OuroMDTests.AppModelReloadTests testCleanSaveDoesNotRoundTripThroughEditor]' passed (0.319 seconds).
Test Case '-[OuroMDTests.AppModelReloadTests testDirtyFormattingOnlySaveDoesNotRestoreOriginalBytes]' started.
Test Case '-[OuroMDTests.AppModelReloadTests testDirtyFormattingOnlySaveDoesNotRestoreOriginalBytes]' passed (0.565 seconds).
Test Case '-[OuroMDTests.AppModelReloadTests testEditorCrashRecoveryEmitsCompletionAfterRecoveredContentReachesBridge]' started.
Test Case '-[OuroMDTests.AppModelReloadTests testEditorCrashRecoveryEmitsCompletionAfterRecoveredContentReachesBridge]' passed (0.182 seconds).
Test Case '-[OuroMDTests.AppModelReloadTests testExternalEditBeforeEditorReadyQueuesReloadWithoutFalseCompletion]' started.
Test Case '-[OuroMDTests.AppModelReloadTests testExternalEditBeforeEditorReadyQueuesReloadWithoutFalseCompletion]' passed (0.327 seconds).
Test Case '-[OuroMDTests.AppModelReloadTests testExternalEditTriggersLiveReload]' started.
Test Case '-[OuroMDTests.AppModelReloadTests testExternalEditTriggersLiveReload]' passed (0.429 seconds).
Test Case '-[OuroMDTests.AppModelReloadTests testFailedDirtySaveAsRestoresPreviousURL]' started.
Test Case '-[OuroMDTests.AppModelReloadTests testFailedDirtySaveAsRestoresPreviousURL]' passed (0.415 seconds).
Test Case '-[OuroMDTests.AppModelReloadTests testFailedSaveAsRestoresPreviousURL]' started.
Test Case '-[OuroMDTests.AppModelReloadTests testFailedSaveAsRestoresPreviousURL]' passed (0.416 seconds).
Test Case '-[OuroMDTests.AppModelReloadTests testInitialUnreadableFileShowsErrorAndLoadsWelcome]' started.
Test Case '-[OuroMDTests.AppModelReloadTests testInitialUnreadableFileShowsErrorAndLoadsWelcome]' passed (0.051 seconds).
Test Case '-[OuroMDTests.AppModelReloadTests testInvalidFolderRegexSetsVisibleSearchError]' started.
Test Case '-[OuroMDTests.AppModelReloadTests testInvalidFolderRegexSetsVisibleSearchError]' passed (0.014 seconds).
Test Case '-[OuroMDTests.AppModelReloadTests testOpenFailureTelemetryIsCoarse]' started.
Test Case '-[OuroMDTests.AppModelReloadTests testOpenFailureTelemetryIsCoarse]' passed (0.013 seconds).
Test Case '-[OuroMDTests.AppModelReloadTests testOwnSaveDoesNotSelfReload]' started.
Test Case '-[OuroMDTests.AppModelReloadTests testOwnSaveDoesNotSelfReload]' passed (1.762 seconds).
Test Case '-[OuroMDTests.AppModelReloadTests testRenameCaseOnlyIsAllowed]' started.
Test Case '-[OuroMDTests.AppModelReloadTests testRenameCaseOnlyIsAllowed]' passed (0.260 seconds).
Test Case '-[OuroMDTests.AppModelReloadTests testRenameMovesFileAndRetargetsModel]' started.
Test Case '-[OuroMDTests.AppModelReloadTests testRenameMovesFileAndRetargetsModel]' passed (0.209 seconds).
Test Case '-[OuroMDTests.AppModelReloadTests testRenameRefusesCollision]' started.
Test Case '-[OuroMDTests.AppModelReloadTests testRenameRefusesCollision]' passed (0.122 seconds).
Test Case '-[OuroMDTests.AppModelReloadTests testRenameWithoutExtensionKeepsOriginal]' started.
Test Case '-[OuroMDTests.AppModelReloadTests testRenameWithoutExtensionKeepsOriginal]' passed (0.226 seconds).
Test Case '-[OuroMDTests.AppModelReloadTests testSaveAsCleanDocumentWritesNewDestination]' started.
Test Case '-[OuroMDTests.AppModelReloadTests testSaveAsCleanDocumentWritesNewDestination]' passed (0.535 seconds).
Test Case '-[OuroMDTests.AppModelReloadTests testSaveAsCleanNonUTF8DocumentCopiesOriginalBytes]' started.
Test Case '-[OuroMDTests.AppModelReloadTests testSaveAsCleanNonUTF8DocumentCopiesOriginalBytes]' passed (0.353 seconds).
Test Case '-[OuroMDTests.AppModelReloadTests testSaveAsDirtyDocumentWritesEditorBuffer]' started.
Test Case '-[OuroMDTests.AppModelReloadTests testSaveAsDirtyDocumentWritesEditorBuffer]' passed (0.943 seconds).
Test Case '-[OuroMDTests.AppModelReloadTests testSaveBeforeEditorReadyDoesNotEmptyFile]' started.
Test Case '-[OuroMDTests.AppModelReloadTests testSaveBeforeEditorReadyDoesNotEmptyFile]' passed (0.502 seconds).
Test Case '-[OuroMDTests.AppModelReloadTests testSaveWhenEditorValueUnavailableEmitsCoarseTelemetry]' started.
Test Case '-[OuroMDTests.AppModelReloadTests testSaveWhenEditorValueUnavailableEmitsCoarseTelemetry]' passed (0.554 seconds).
Test Case '-[OuroMDTests.AppModelReloadTests testSaveWithoutBridgeEmitsCoarseTelemetry]' started.
Test Case '-[OuroMDTests.AppModelReloadTests testSaveWithoutBridgeEmitsCoarseTelemetry]' passed (0.510 seconds).
Test Case '-[OuroMDTests.AppModelReloadTests testSearchSnippetClickRevealsCurrentFileMatch]' started.
Test Case '-[OuroMDTests.AppModelReloadTests testSearchSnippetClickRevealsCurrentFileMatch]' passed (0.290 seconds).
Test Case '-[OuroMDTests.AppModelReloadTests testSearchSnippetRevealUsesTrimmedQueryForPaddedFolderSearch]' started.
Test Case '-[OuroMDTests.AppModelReloadTests testSearchSnippetRevealUsesTrimmedQueryForPaddedFolderSearch]' passed (0.412 seconds).
Test Suite 'AppModelReloadTests' passed at 2026-08-24 12:40:03.100.
	 Executed 25 tests, with 0 failures (0 unexpected) in 9.656 (9.661) seconds
Test Suite 'CommandPaletteCatalogTests' started at 2026-08-24 12:40:03.100.
Test Case '-[OuroMDAppSupportTests.CommandPaletteCatalogTests testCatalogCarriesShortcutMetadataForPowerUserDiscovery]' started.
Test Case '-[OuroMDAppSupportTests.CommandPaletteCatalogTests testCatalogCarriesShortcutMetadataForPowerUserDiscovery]' passed (0.001 seconds).
Test Case '-[OuroMDAppSupportTests.CommandPaletteCatalogTests testCatalogFiltersByMultipleTermsShortcutAliasesAndLimits]' started.
Test Case '-[OuroMDAppSupportTests.CommandPaletteCatalogTests testCatalogFiltersByMultipleTermsShortcutAliasesAndLimits]' passed (0.005 seconds).
Test Case '-[OuroMDAppSupportTests.CommandPaletteCatalogTests testCatalogHonorsResultLimit]' started.
Test Case '-[OuroMDAppSupportTests.CommandPaletteCatalogTests testCatalogHonorsResultLimit]' passed (0.000 seconds).
Test Case '-[OuroMDAppSupportTests.CommandPaletteCatalogTests testCatalogIncludesDocumentTruthCommands]' started.
Test Case '-[OuroMDAppSupportTests.CommandPaletteCatalogTests testCatalogIncludesDocumentTruthCommands]' passed (0.001 seconds).
Test Case '-[OuroMDAppSupportTests.CommandPaletteCatalogTests testCatalogIncludesThemeCommandsFromDescriptors]' started.
Test Case '-[OuroMDAppSupportTests.CommandPaletteCatalogTests testCatalogIncludesThemeCommandsFromDescriptors]' passed (0.000 seconds).
Test Suite 'CommandPaletteCatalogTests' passed at 2026-08-24 12:40:03.108.
	 Executed 5 tests, with 0 failures (0 unexpected) in 0.007 (0.008) seconds
Test Suite 'CommandPaletteTests' started at 2026-08-24 12:40:03.108.
Test Case '-[OuroMDTests.CommandPaletteTests testCatalogCarriesShortcutMetadataForPowerUserDiscovery]' started.
Test Case '-[OuroMDTests.CommandPaletteTests testCatalogCarriesShortcutMetadataForPowerUserDiscovery]' passed (0.000 seconds).
Test Case '-[OuroMDTests.CommandPaletteTests testCatalogFiltersByMultipleTermsAndLimitsDefaultSuggestions]' started.
Test Case '-[OuroMDTests.CommandPaletteTests testCatalogFiltersByMultipleTermsAndLimitsDefaultSuggestions]' passed (0.004 seconds).
Test Case '-[OuroMDTests.CommandPaletteTests testCatalogIncludesEditorMenuCommandsWithoutShortcuts]' started.
Test Case '-[OuroMDTests.CommandPaletteTests testCatalogIncludesEditorMenuCommandsWithoutShortcuts]' passed (0.000 seconds).
Test Case '-[OuroMDTests.CommandPaletteTests testDocumentTruthCommandsCopyAndRevealCurrentFile]' started.
Test Case '-[OuroMDTests.CommandPaletteTests testDocumentTruthCommandsCopyAndRevealCurrentFile]' passed (0.074 seconds).
Test Case '-[OuroMDTests.CommandPaletteTests testDocumentTruthCommandsFailHonestlyWithoutCurrentFileOrRepository]' started.
Test Case '-[OuroMDTests.CommandPaletteTests testDocumentTruthCommandsFailHonestlyWithoutCurrentFileOrRepository]' passed (0.000 seconds).
Test Case '-[OuroMDTests.CommandPaletteTests testPaletteDispatchesFormatModeSidebarAndThemeActions]' started.
Test Case '-[OuroMDTests.CommandPaletteTests testPaletteDispatchesFormatModeSidebarAndThemeActions]' passed (0.001 seconds).
Test Case '-[OuroMDTests.CommandPaletteTests testPaletteVisibilityAndFindCommandsResetQuery]' started.
Test Case '-[OuroMDTests.CommandPaletteTests testPaletteVisibilityAndFindCommandsResetQuery]' passed (0.000 seconds).
Test Suite 'CommandPaletteTests' passed at 2026-08-24 12:40:03.188.
	 Executed 7 tests, with 0 failures (0 unexpected) in 0.080 (0.081) seconds
Test Suite 'ContentSearcherTests' started at 2026-08-24 12:40:03.188.
Test Case '-[OuroMDTests.ContentSearcherTests testAppModelPublishesSearchCancelAndFormatsSkippedFileUXState]' started.
Test Case '-[OuroMDTests.ContentSearcherTests testAppModelPublishesSearchCancelAndFormatsSkippedFileUXState]' passed (0.123 seconds).
Test Case '-[OuroMDTests.ContentSearcherTests testBinaryAndUnreadableMarkdownFilesAreSkippedWithoutLeakingPaths]' started.
Test Case '-[OuroMDTests.ContentSearcherTests testBinaryAndUnreadableMarkdownFilesAreSkippedWithoutLeakingPaths]' passed (0.099 seconds).
Test Case '-[OuroMDTests.ContentSearcherTests testCaseSensitiveOption]' started.
Test Case '-[OuroMDTests.ContentSearcherTests testCaseSensitiveOption]' passed (0.099 seconds).
Test Case '-[OuroMDTests.ContentSearcherTests testInvalidRegularExpressionReportsValidationError]' started.
Test Case '-[OuroMDTests.ContentSearcherTests testInvalidRegularExpressionReportsValidationError]' passed (0.072 seconds).
Test Case '-[OuroMDTests.ContentSearcherTests testMatchOrdinalCountsEarlierOccurrencesOnSameLine]' started.
Test Case '-[OuroMDTests.ContentSearcherTests testMatchOrdinalCountsEarlierOccurrencesOnSameLine]' passed (0.052 seconds).
Test Case '-[OuroMDTests.ContentSearcherTests testSearchCanBeCancelledBeforeCompletion]' started.
Test Case '-[OuroMDTests.ContentSearcherTests testSearchCanBeCancelledBeforeCompletion]' passed (1.591 seconds).
Test Case '-[OuroMDTests.ContentSearcherTests testStreamsRankedResultsWithSnippets]' started.
Test Case '-[OuroMDTests.ContentSearcherTests testStreamsRankedResultsWithSnippets]' passed (0.064 seconds).
Test Case '-[OuroMDTests.ContentSearcherTests testTruncatedSnippetKeepsSourceCoordinates]' started.
Test Case '-[OuroMDTests.ContentSearcherTests testTruncatedSnippetKeepsSourceCoordinates]' passed (0.108 seconds).
Test Suite 'ContentSearcherTests' passed at 2026-08-24 12:40:05.399.
	 Executed 8 tests, with 0 failures (0 unexpected) in 2.209 (2.211) seconds
Test Suite 'DocumentLinkTests' started at 2026-08-24 12:40:05.399.
Test Case '-[OuroMDAppSupportTests.DocumentLinkTests testAbsoluteAndFileMarkdownTargetsAreSupported]' started.
Test Case '-[OuroMDAppSupportTests.DocumentLinkTests testAbsoluteAndFileMarkdownTargetsAreSupported]' passed (0.001 seconds).
Test Case '-[OuroMDAppSupportTests.DocumentLinkTests testAnchorsAndUnsupportedTargetsDoNotBecomeFiles]' started.
Test Case '-[OuroMDAppSupportTests.DocumentLinkTests testAnchorsAndUnsupportedTargetsDoNotBecomeFiles]' passed (0.000 seconds).
Test Case '-[OuroMDAppSupportTests.DocumentLinkTests testExternalWebAndMailSchemesStayExternal]' started.
Test Case '-[OuroMDAppSupportTests.DocumentLinkTests testExternalWebAndMailSchemesStayExternal]' passed (0.000 seconds).
Test Case '-[OuroMDAppSupportTests.DocumentLinkTests testRelativeMarkdownResolvesBesideCurrentDocument]' started.
Test Case '-[OuroMDAppSupportTests.DocumentLinkTests testRelativeMarkdownResolvesBesideCurrentDocument]' passed (0.000 seconds).
Test Suite 'DocumentLinkTests' passed at 2026-08-24 12:40:05.402.
	 Executed 4 tests, with 0 failures (0 unexpected) in 0.002 (0.002) seconds
Test Suite 'DocumentTruthTests' started at 2026-08-24 12:40:05.402.
Test Case '-[OuroMDAppSupportTests.DocumentTruthTests testDefaultFileExistenceProbeWorksForExistingFiles]' started.
Test Case '-[OuroMDAppSupportTests.DocumentTruthTests testDefaultFileExistenceProbeWorksForExistingFiles]' passed (0.043 seconds).
Test Case '-[OuroMDAppSupportTests.DocumentTruthTests testDiffCommandsMatchTheVisibleGitState]' started.
Test Case '-[OuroMDAppSupportTests.DocumentTruthTests testDiffCommandsMatchTheVisibleGitState]' passed (0.001 seconds).
Test Case '-[OuroMDAppSupportTests.DocumentTruthTests testGitUnavailableIsDifferentFromLocalNonRepositoryFile]' started.
Test Case '-[OuroMDAppSupportTests.DocumentTruthTests testGitUnavailableIsDifferentFromLocalNonRepositoryFile]' passed (0.000 seconds).
Test Case '-[OuroMDAppSupportTests.DocumentTruthTests testMissingOrUnreadableFileFallsBackWithoutGitCertainty]' started.
Test Case '-[OuroMDAppSupportTests.DocumentTruthTests testMissingOrUnreadableFileFallsBackWithoutGitCertainty]' passed (0.000 seconds).
Test Case '-[OuroMDAppSupportTests.DocumentTruthTests testRealGitClassifiesNestedTrackedModifiedFile]' started.
Test Case '-[OuroMDAppSupportTests.DocumentTruthTests testRealGitClassifiesNestedTrackedModifiedFile]' passed (1.467 seconds).
Test Case '-[OuroMDAppSupportTests.DocumentTruthTests testRepositoryMismatchAndStatusFailureFallBackHonestly]' started.
Test Case '-[OuroMDAppSupportTests.DocumentTruthTests testRepositoryMismatchAndStatusFailureFallBackHonestly]' passed (0.001 seconds).
Test Case '-[OuroMDAppSupportTests.DocumentTruthTests testShellEscapesDiffCommandComponents]' started.
Test Case '-[OuroMDAppSupportTests.DocumentTruthTests testShellEscapesDiffCommandComponents]' passed (0.001 seconds).
Test Case '-[OuroMDAppSupportTests.DocumentTruthTests testThrownSubcommandsAndRepositoryRootFilePathAreCovered]' started.
Test Case '-[OuroMDAppSupportTests.DocumentTruthTests testThrownSubcommandsAndRepositoryRootFilePathAreCovered]' passed (0.000 seconds).
Test Case '-[OuroMDAppSupportTests.DocumentTruthTests testTrackedCleanFileCarriesRepositoryPathsAndDiffCommand]' started.
Test Case '-[OuroMDAppSupportTests.DocumentTruthTests testTrackedCleanFileCarriesRepositoryPathsAndDiffCommand]' passed (0.000 seconds).
Test Case '-[OuroMDAppSupportTests.DocumentTruthTests testTrackedModifiedAndMixedStatesUseMechanicalPorcelainStatus]' started.
Test Case '-[OuroMDAppSupportTests.DocumentTruthTests testTrackedModifiedAndMixedStatesUseMechanicalPorcelainStatus]' passed (0.000 seconds).
Test Case '-[OuroMDAppSupportTests.DocumentTruthTests testUntitledAndNonFileURLsHaveHonestUnavailableState]' started.
Test Case '-[OuroMDAppSupportTests.DocumentTruthTests testUntitledAndNonFileURLsHaveHonestUnavailableState]' passed (0.000 seconds).
Test Case '-[OuroMDAppSupportTests.DocumentTruthTests testUntrackedAndIgnoredFilesAreNotPresentedAsTrackedDiffs]' started.
Test Case '-[OuroMDAppSupportTests.DocumentTruthTests testUntrackedAndIgnoredFilesAreNotPresentedAsTrackedDiffs]' passed (0.001 seconds).
Test Suite 'DocumentTruthTests' passed at 2026-08-24 12:40:06.919.
	 Executed 12 tests, with 0 failures (0 unexpected) in 1.515 (1.517) seconds
Test Suite 'DocumentWindowControllerTests' started at 2026-08-24 12:40:06.919.
Test Case '-[OuroMDTests.DocumentWindowControllerTests testDocumentChromeAcrossSavedRenamedDirtyAndDeletedStates]' started.
Test Case '-[OuroMDTests.DocumentWindowControllerTests testDocumentChromeAcrossSavedRenamedDirtyAndDeletedStates]' passed (0.600 seconds).
Test Case '-[OuroMDTests.DocumentWindowControllerTests testDocumentTruthAccessoryIsFixedSizeNativeGlyphWithAccessibleMenu]' started.
Test Case '-[OuroMDTests.DocumentWindowControllerTests testDocumentTruthAccessoryIsFixedSizeNativeGlyphWithAccessibleMenu]' passed (0.134 seconds).
Test Case '-[OuroMDTests.DocumentWindowControllerTests testRealTitleClickEventsRouteToOpenPanelWithoutConsumingNativeChrome]' started.
Test Case '-[OuroMDTests.DocumentWindowControllerTests testRealTitleClickEventsRouteToOpenPanelWithoutConsumingNativeChrome]' passed (0.642 seconds).
Test Case '-[OuroMDTests.DocumentWindowControllerTests testTitleClickGestureDistinguishesClickFromDrag]' started.
Test Case '-[OuroMDTests.DocumentWindowControllerTests testTitleClickGestureDistinguishesClickFromDrag]' passed (0.000 seconds).
Test Suite 'DocumentWindowControllerTests' passed at 2026-08-24 12:40:08.295.
	 Executed 4 tests, with 0 failures (0 unexpected) in 1.375 (1.376) seconds
Test Suite 'EditorWebViewTests' started at 2026-08-24 12:40:08.295.
Test Case '-[OuroMDTests.EditorWebViewTests testCoordinatorRoutesExternalAndRelativeMarkdownLinks]' started.
Test Case '-[OuroMDTests.EditorWebViewTests testCoordinatorRoutesExternalAndRelativeMarkdownLinks]' passed (0.154 seconds).
Test Case '-[OuroMDTests.EditorWebViewTests testEditorDropWebViewAcceptsOnlyOpenableMarkdownFiles]' started.
Test Case '-[OuroMDTests.EditorWebViewTests testEditorDropWebViewAcceptsOnlyOpenableMarkdownFiles]' passed (0.049 seconds).
Test Case '-[OuroMDTests.EditorWebViewTests testInitialThemeBootstrapSeedsDarkThemeBeforeEditorReady]' started.
Test Case '-[OuroMDTests.EditorWebViewTests testInitialThemeBootstrapSeedsDarkThemeBeforeEditorReady]' passed (0.003 seconds).
Test Suite 'EditorWebViewTests' passed at 2026-08-24 12:40:08.501.
	 Executed 3 tests, with 0 failures (0 unexpected) in 0.206 (0.206) seconds
Test Suite 'FileWatcherLiveReloadTests' started at 2026-08-24 12:40:08.501.
Test Case '-[OuroMDTests.FileWatcherLiveReloadTests testWatcherFiresOnAtomicReplaceAfterInitialWindow]' started.
Test Case '-[OuroMDTests.FileWatcherLiveReloadTests testWatcherFiresOnAtomicReplaceAfterInitialWindow]' passed (0.671 seconds).
Test Case '-[OuroMDTests.FileWatcherLiveReloadTests testWatcherReflectsRapidAtomicReplaces]' started.
Test Case '-[OuroMDTests.FileWatcherLiveReloadTests testWatcherReflectsRapidAtomicReplaces]' passed (0.892 seconds).
Test Suite 'FileWatcherLiveReloadTests' passed at 2026-08-24 12:40:10.064.
	 Executed 2 tests, with 0 failures (0 unexpected) in 1.563 (1.563) seconds
Test Suite 'FileWatcherTests' started at 2026-08-24 12:40:10.064.
Test Case '-[OuroMDTests.FileWatcherTests testDetectsInPlaceWrite]' started.
Test Case '-[OuroMDTests.FileWatcherTests testDetectsInPlaceWrite]' passed (0.567 seconds).
Test Case '-[OuroMDTests.FileWatcherTests testReArmsAcrossAtomicReplace]' started.
Test Case '-[OuroMDTests.FileWatcherTests testReArmsAcrossAtomicReplace]' passed (0.605 seconds).
Test Suite 'FileWatcherTests' passed at 2026-08-24 12:40:11.237.
	 Executed 2 tests, with 0 failures (0 unexpected) in 1.173 (1.173) seconds
Test Suite 'FolderBrowserTests' started at 2026-08-24 12:40:11.237.
Test Case '-[OuroMDTests.FolderBrowserTests testDeepTreeReportsTruncationAtDepthCap]' started.
Test Case '-[OuroMDTests.FolderBrowserTests testDeepTreeReportsTruncationAtDepthCap]' passed (0.108 seconds).
Test Case '-[OuroMDTests.FolderBrowserTests testFlatListIncludesOnlyOpenableFiles]' started.
Test Case '-[OuroMDTests.FolderBrowserTests testFlatListIncludesOnlyOpenableFiles]' passed (0.034 seconds).
Test Case '-[OuroMDTests.FolderBrowserTests testFolderSortLabelsAndDateSorts]' started.
Test Case '-[OuroMDTests.FolderBrowserTests testFolderSortLabelsAndDateSorts]' passed (0.068 seconds).
Test Case '-[OuroMDTests.FolderBrowserTests testLargeWorkspaceBudgetSkipsOversizedHiddenAndSymlinkedFiles]' started.
Test Case '-[OuroMDTests.FolderBrowserTests testLargeWorkspaceBudgetSkipsOversizedHiddenAndSymlinkedFiles]' passed (6.640 seconds).
Test Case '-[OuroMDTests.FolderBrowserTests testNameSortIsNatural]' started.
Test Case '-[OuroMDTests.FolderBrowserTests testNameSortIsNatural]' passed (0.107 seconds).
Test Case '-[OuroMDTests.FolderBrowserTests testOpenFolderPopulatesModelAndFilter]' started.
Test Case '-[OuroMDTests.FolderBrowserTests testOpenFolderPopulatesModelAndFilter]' passed (0.690 seconds).
Test Case '-[OuroMDTests.FolderBrowserTests testReadsNonUTF8File]' started.
Test Case '-[OuroMDTests.FolderBrowserTests testReadsNonUTF8File]' passed (0.105 seconds).
Test Case '-[OuroMDTests.FolderBrowserTests testSnapshotOfMissingFolderIsEmpty]' started.
Test Case '-[OuroMDTests.FolderBrowserTests testSnapshotOfMissingFolderIsEmpty]' passed (0.056 seconds).
Test Case '-[OuroMDTests.FolderBrowserTests testSnapshotProvidesTreeAndFlatViewsFromOneAPI]' started.
Test Case '-[OuroMDTests.FolderBrowserTests testSnapshotProvidesTreeAndFlatViewsFromOneAPI]' passed (0.177 seconds).
Test Case '-[OuroMDTests.FolderBrowserTests testSymlinkCycleDoesNotCrashOrRecurse]' started.
Test Case '-[OuroMDTests.FolderBrowserTests testSymlinkCycleDoesNotCrashOrRecurse]' passed (0.143 seconds).
Test Case '-[OuroMDTests.FolderBrowserTests testTreeGroupsDirsFirstAndPrunesEmpties]' started.
Test Case '-[OuroMDTests.FolderBrowserTests testTreeGroupsDirsFirstAndPrunesEmpties]' passed (0.109 seconds).
Test Case '-[OuroMDTests.FolderBrowserTests testUnusualNamesDuplicateBasenamesAndSymlinkedMarkdownAreHandled]' started.
Test Case '-[OuroMDTests.FolderBrowserTests testUnusualNamesDuplicateBasenamesAndSymlinkedMarkdownAreHandled]' passed (0.198 seconds).
Test Suite 'FolderBrowserTests' passed at 2026-08-24 12:40:19.675.
	 Executed 12 tests, with 0 failures (0 unexpected) in 8.435 (8.438) seconds
Test Suite 'FolderDisplayTests' started at 2026-08-24 12:40:19.675.
Test Case '-[OuroMDTests.FolderDisplayTests testDuplicateFileNamesAreDetectedCaseInsensitively]' started.
Test Case '-[OuroMDTests.FolderDisplayTests testDuplicateFileNamesAreDetectedCaseInsensitively]' passed (0.004 seconds).
Test Case '-[OuroMDTests.FolderDisplayTests testRelativePathAndParentHintStayWithinMountedFolder]' started.
Test Case '-[OuroMDTests.FolderDisplayTests testRelativePathAndParentHintStayWithinMountedFolder]' passed (0.001 seconds).
Test Suite 'FolderDisplayTests' passed at 2026-08-24 12:40:19.680.
	 Executed 2 tests, with 0 failures (0 unexpected) in 0.005 (0.005) seconds
Test Suite 'HTMLDocumentTests' started at 2026-08-24 12:40:19.680.
Test Case '-[OuroMDTests.HTMLDocumentTests testEscapeAttrAlsoEscapesDoubleQuotes]' started.
Test Case '-[OuroMDTests.HTMLDocumentTests testEscapeAttrAlsoEscapesDoubleQuotes]' passed (0.000 seconds).
Test Case '-[OuroMDTests.HTMLDocumentTests testEscapeHandlesEveryReservedCharacterAndPassesOthersThrough]' started.
Test Case '-[OuroMDTests.HTMLDocumentTests testEscapeHandlesEveryReservedCharacterAndPassesOthersThrough]' passed (0.000 seconds).
Test Case '-[OuroMDTests.HTMLDocumentTests testWrapProducesCompleteDocumentWithEscapedTitleAndEmbeddedCSS]' started.
Test Case '-[OuroMDTests.HTMLDocumentTests testWrapProducesCompleteDocumentWithEscapedTitleAndEmbeddedCSS]' passed (0.000 seconds).
Test Suite 'HTMLDocumentTests' passed at 2026-08-24 12:40:19.682.
	 Executed 3 tests, with 0 failures (0 unexpected) in 0.001 (0.002) seconds
Test Suite 'MarkdownRendererTests' started at 2026-08-24 12:40:19.682.
Test Case '-[OuroMDTests.MarkdownRendererTests testBlockQuote]' started.
Test Case '-[OuroMDTests.MarkdownRendererTests testBlockQuote]' passed (0.002 seconds).
Test Case '-[OuroMDTests.MarkdownRendererTests testBoldAndItalic]' started.
Test Case '-[OuroMDTests.MarkdownRendererTests testBoldAndItalic]' passed (0.001 seconds).
Test Case '-[OuroMDTests.MarkdownRendererTests testBrokenOrUnknownFootnoteReferencesAreLeftAsText]' started.
Test Case '-[OuroMDTests.MarkdownRendererTests testBrokenOrUnknownFootnoteReferencesAreLeftAsText]' passed (0.001 seconds).
Test Case '-[OuroMDTests.MarkdownRendererTests testCodeOnlyTableCellsAreMarkedForIntrinsicWidth]' started.
Test Case '-[OuroMDTests.MarkdownRendererTests testCodeOnlyTableCellsAreMarkedForIntrinsicWidth]' passed (0.001 seconds).
Test Case '-[OuroMDTests.MarkdownRendererTests testDocumentWrap]' started.
Test Case '-[OuroMDTests.MarkdownRendererTests testDocumentWrap]' passed (0.000 seconds).
Test Case '-[OuroMDTests.MarkdownRendererTests testDuplicateFootnoteDefinitionsDoNotCrash]' started.
Test Case '-[OuroMDTests.MarkdownRendererTests testDuplicateFootnoteDefinitionsDoNotCrash]' passed (0.000 seconds).
Test Case '-[OuroMDTests.MarkdownRendererTests testFencedCodeBlock]' started.
Test Case '-[OuroMDTests.MarkdownRendererTests testFencedCodeBlock]' passed (0.000 seconds).
Test Case '-[OuroMDTests.MarkdownRendererTests testFootnoteContinuationsAreRendered]' started.
Test Case '-[OuroMDTests.MarkdownRendererTests testFootnoteContinuationsAreRendered]' passed (0.000 seconds).
Test Case '-[OuroMDTests.MarkdownRendererTests testFootnoteDefinitionsInsideCodeBlocksRemainCode]' started.
Test Case '-[OuroMDTests.MarkdownRendererTests testFootnoteDefinitionsInsideCodeBlocksRemainCode]' passed (0.000 seconds).
Test Case '-[OuroMDTests.MarkdownRendererTests testFootnoteMultiParagraphContinuationRendersInsideFootnote]' started.
Test Case '-[OuroMDTests.MarkdownRendererTests testFootnoteMultiParagraphContinuationRendersInsideFootnote]' passed (0.000 seconds).
Test Case '-[OuroMDTests.MarkdownRendererTests testFootnoteReferencesInsideFencedCodeAreLeftAlone]' started.
Test Case '-[OuroMDTests.MarkdownRendererTests testFootnoteReferencesInsideFencedCodeAreLeftAlone]' passed (0.000 seconds).
Test Case '-[OuroMDTests.MarkdownRendererTests testFootnoteReferencesInsideIndentedCodeAreLeftAlone]' started.
Test Case '-[OuroMDTests.MarkdownRendererTests testFootnoteReferencesInsideIndentedCodeAreLeftAlone]' passed (0.000 seconds).
Test Case '-[OuroMDTests.MarkdownRendererTests testFootnoteReferencesInsideInlineCodeOrEscapesAreLeftAlone]' started.
Test Case '-[OuroMDTests.MarkdownRendererTests testFootnoteReferencesInsideInlineCodeOrEscapesAreLeftAlone]' passed (0.000 seconds).
Test Case '-[OuroMDTests.MarkdownRendererTests testFootnotesRenderAsBacklinkedSection]' started.
Test Case '-[OuroMDTests.MarkdownRendererTests testFootnotesRenderAsBacklinkedSection]' passed (0.000 seconds).
Test Case '-[OuroMDTests.MarkdownRendererTests testHeading]' started.
Test Case '-[OuroMDTests.MarkdownRendererTests testHeading]' passed (0.000 seconds).
Test Case '-[OuroMDTests.MarkdownRendererTests testHeadingAnchorContractMatchesSharedFixture]' started.
Test Case '-[OuroMDTests.MarkdownRendererTests testHeadingAnchorContractMatchesSharedFixture]' passed (0.005 seconds).
Test Case '-[OuroMDTests.MarkdownRendererTests testHeadingHasSlugID]' started.
Test Case '-[OuroMDTests.MarkdownRendererTests testHeadingHasSlugID]' passed (0.001 seconds).
Test Case '-[OuroMDTests.MarkdownRendererTests testHeadingSlugCollapsesRuns]' started.
Test Case '-[OuroMDTests.MarkdownRendererTests testHeadingSlugCollapsesRuns]' passed (0.001 seconds).
Test Case '-[OuroMDTests.MarkdownRendererTests testHTMLEscaping]' started.
Test Case '-[OuroMDTests.MarkdownRendererTests testHTMLEscaping]' passed (0.000 seconds).
Test Case '-[OuroMDTests.MarkdownRendererTests testImageAlt]' started.
Test Case '-[OuroMDTests.MarkdownRendererTests testImageAlt]' passed (0.000 seconds).
Test Case '-[OuroMDTests.MarkdownRendererTests testImageSourcesAreEscapedOrInlined]' started.
Test Case '-[OuroMDTests.MarkdownRendererTests testImageSourcesAreEscapedOrInlined]' passed (0.086 seconds).
Test Case '-[OuroMDTests.MarkdownRendererTests testInlineCode]' started.
Test Case '-[OuroMDTests.MarkdownRendererTests testInlineCode]' passed (0.000 seconds).
Test Case '-[OuroMDTests.MarkdownRendererTests testLineBreaksAndRawHTMLPassThrough]' started.
Test Case '-[OuroMDTests.MarkdownRendererTests testLineBreaksAndRawHTMLPassThrough]' passed (0.000 seconds).
Test Case '-[OuroMDTests.MarkdownRendererTests testLink]' started.
Test Case '-[OuroMDTests.MarkdownRendererTests testLink]' passed (0.000 seconds).
Test Case '-[OuroMDTests.MarkdownRendererTests testLongFencesCanContainShorterFenceExamples]' started.
Test Case '-[OuroMDTests.MarkdownRendererTests testLongFencesCanContainShorterFenceExamples]' passed (0.000 seconds).
Test Case '-[OuroMDTests.MarkdownRendererTests testOrderedList]' started.
Test Case '-[OuroMDTests.MarkdownRendererTests testOrderedList]' passed (0.000 seconds).
Test Case '-[OuroMDTests.MarkdownRendererTests testPathologicalTableCellsRenderAlignmentHTMLURLsAndEmptyCells]' started.
Test Case '-[OuroMDTests.MarkdownRendererTests testPathologicalTableCellsRenderAlignmentHTMLURLsAndEmptyCells]' passed (0.001 seconds).
Test Case '-[OuroMDTests.MarkdownRendererTests testReferenceStyleLinksResolveWithoutChangingUnresolvedSource]' started.
Test Case '-[OuroMDTests.MarkdownRendererTests testReferenceStyleLinksResolveWithoutChangingUnresolvedSource]' passed (0.000 seconds).
Test Case '-[OuroMDTests.MarkdownRendererTests testRepeatedFootnoteReferencesUseUniqueAnchorIDs]' started.
Test Case '-[OuroMDTests.MarkdownRendererTests testRepeatedFootnoteReferencesUseUniqueAnchorIDs]' passed (0.000 seconds).
Test Case '-[OuroMDTests.MarkdownRendererTests testShortCellsStayFreeWhileLongAndCodeBearingCellsGetAReadableFloor]' started.
Test Case '-[OuroMDTests.MarkdownRendererTests testShortCellsStayFreeWhileLongAndCodeBearingCellsGetAReadableFloor]' passed (0.000 seconds).
Test Case '-[OuroMDTests.MarkdownRendererTests testStrikethrough]' started.
Test Case '-[OuroMDTests.MarkdownRendererTests testStrikethrough]' passed (0.000 seconds).
Test Case '-[OuroMDTests.MarkdownRendererTests testTable]' started.
Test Case '-[OuroMDTests.MarkdownRendererTests testTable]' passed (0.000 seconds).
Test Case '-[OuroMDTests.MarkdownRendererTests testTaskList]' started.
Test Case '-[OuroMDTests.MarkdownRendererTests testTaskList]' passed (0.000 seconds).
Test Case '-[OuroMDTests.MarkdownRendererTests testThematicBreak]' started.
Test Case '-[OuroMDTests.MarkdownRendererTests testThematicBreak]' passed (0.000 seconds).
Test Case '-[OuroMDTests.MarkdownRendererTests testThemeStore]' started.
Test Case '-[OuroMDTests.MarkdownRendererTests testThemeStore]' passed (0.000 seconds).
Test Case '-[OuroMDTests.MarkdownRendererTests testUnorderedList]' started.
Test Case '-[OuroMDTests.MarkdownRendererTests testUnorderedList]' passed (0.000 seconds).
Test Suite 'MarkdownRendererTests' passed at 2026-08-24 12:40:19.790.
	 Executed 36 tests, with 0 failures (0 unexpected) in 0.104 (0.108) seconds
Test Suite 'MarkdownTidyTests' started at 2026-08-24 12:40:19.790.
Test Case '-[OuroMDTests.MarkdownTidyTests testCollapsesConsecutiveBlankLines]' started.
Test Case '-[OuroMDTests.MarkdownTidyTests testCollapsesConsecutiveBlankLines]' passed (0.000 seconds).
Test Case '-[OuroMDTests.MarkdownTidyTests testDoesNotRewriteNonTableLinesThatMerelyUseSeparatorCharacters]' started.
Test Case '-[OuroMDTests.MarkdownTidyTests testDoesNotRewriteNonTableLinesThatMerelyUseSeparatorCharacters]' passed (0.000 seconds).
Test Case '-[OuroMDTests.MarkdownTidyTests testDoesNotTouchFencedCode]' started.
Test Case '-[OuroMDTests.MarkdownTidyTests testDoesNotTouchFencedCode]' passed (0.000 seconds).
Test Case '-[OuroMDTests.MarkdownTidyTests testDoesNotTouchTildeFencedCode]' started.
Test Case '-[OuroMDTests.MarkdownTidyTests testDoesNotTouchTildeFencedCode]' passed (0.000 seconds).
Test Case '-[OuroMDTests.MarkdownTidyTests testExpandsCompactAndNoSpaceSeparators]' started.
Test Case '-[OuroMDTests.MarkdownTidyTests testExpandsCompactAndNoSpaceSeparators]' passed (0.000 seconds).
Test Case '-[OuroMDTests.MarkdownTidyTests testExpandsTableSeparator]' started.
Test Case '-[OuroMDTests.MarkdownTidyTests testExpandsTableSeparator]' passed (0.000 seconds).
Test Case '-[OuroMDTests.MarkdownTidyTests testFrontMatterClosingFenceAtEndOfDocumentUnchanged]' started.
Test Case '-[OuroMDTests.MarkdownTidyTests testFrontMatterClosingFenceAtEndOfDocumentUnchanged]' passed (0.000 seconds).
Test Case '-[OuroMDTests.MarkdownTidyTests testFrontMatterOnlyNoBodyUnchanged]' started.
Test Case '-[OuroMDTests.MarkdownTidyTests testFrontMatterOnlyNoBodyUnchanged]' passed (0.000 seconds).
Test Case '-[OuroMDTests.MarkdownTidyTests testFrontMatterWithExistingBlankLineUnchanged]' started.
Test Case '-[OuroMDTests.MarkdownTidyTests testFrontMatterWithExistingBlankLineUnchanged]' passed (0.000 seconds).
Test Case '-[OuroMDTests.MarkdownTidyTests testIndentedTableSeparatorKeepsItsIndent]' started.
Test Case '-[OuroMDTests.MarkdownTidyTests testIndentedTableSeparatorKeepsItsIndent]' passed (0.000 seconds).
Test Case '-[OuroMDTests.MarkdownTidyTests testLeavesHorizontalRuleAlone]' started.
Test Case '-[OuroMDTests.MarkdownTidyTests testLeavesHorizontalRuleAlone]' passed (0.000 seconds).
Test Case '-[OuroMDTests.MarkdownTidyTests testMidDocumentTripleDashNotTreatedAsFrontMatter]' started.
Test Case '-[OuroMDTests.MarkdownTidyTests testMidDocumentTripleDashNotTreatedAsFrontMatter]' passed (0.000 seconds).
Test Case '-[OuroMDTests.MarkdownTidyTests testMidDocumentTripleDashWithoutSurroundingBlanksNotTreatedAsFrontMatter]' started.
Test Case '-[OuroMDTests.MarkdownTidyTests testMidDocumentTripleDashWithoutSurroundingBlanksNotTreatedAsFrontMatter]' passed (0.000 seconds).
Test Case '-[OuroMDTests.MarkdownTidyTests testNonTableContentUnchanged]' started.
Test Case '-[OuroMDTests.MarkdownTidyTests testNonTableContentUnchanged]' passed (0.000 seconds).
Test Case '-[OuroMDTests.MarkdownTidyTests testNormalTidyDoesNotConsultOriginalForDirtySave]' started.
Test Case '-[OuroMDTests.MarkdownTidyTests testNormalTidyDoesNotConsultOriginalForDirtySave]' passed (0.000 seconds).
Test Case '-[OuroMDTests.MarkdownTidyTests testPreservesBlankLineAfterClosingFence]' started.
Test Case '-[OuroMDTests.MarkdownTidyTests testPreservesBlankLineAfterClosingFence]' passed (0.000 seconds).
Test Case '-[OuroMDTests.MarkdownTidyTests testPreservesTableAlignment]' started.
Test Case '-[OuroMDTests.MarkdownTidyTests testPreservesTableAlignment]' passed (0.000 seconds).
Test Case '-[OuroMDTests.MarkdownTidyTests testRestoresBlankLineAfterFrontMatter]' started.
Test Case '-[OuroMDTests.MarkdownTidyTests testRestoresBlankLineAfterFrontMatter]' passed (0.000 seconds).
Test Case '-[OuroMDTests.MarkdownTidyTests testRoundTripperReadsExistingInput]' started.
Test Case '-[OuroMDTests.MarkdownTidyTests testRoundTripperReadsExistingInput]' passed (0.142 seconds).
Test Case '-[OuroMDTests.MarkdownTidyTests testRoundTripperRejectsMissingInput]' started.
Test Case '-[OuroMDTests.MarkdownTidyTests testRoundTripperRejectsMissingInput]' passed (0.018 seconds).
Test Case '-[OuroMDTests.MarkdownTidyTests testRoundTripProbePreservesOriginalWhenOnlyKnownEditorNormalizationChanged]' started.
Test Case '-[OuroMDTests.MarkdownTidyTests testRoundTripProbePreservesOriginalWhenOnlyKnownEditorNormalizationChanged]' passed (0.000 seconds).
Test Case '-[OuroMDTests.MarkdownTidyTests testRoundTripProbeReturnsTidiedOutputWhenContentChanged]' started.
Test Case '-[OuroMDTests.MarkdownTidyTests testRoundTripProbeReturnsTidiedOutputWhenContentChanged]' passed (0.000 seconds).
Test Case '-[OuroMDTests.MarkdownTidyTests testSeparatorRequiresBothBoundingPipes]' started.
Test Case '-[OuroMDTests.MarkdownTidyTests testSeparatorRequiresBothBoundingPipes]' passed (0.000 seconds).
Test Case '-[OuroMDTests.MarkdownTidyTests testTidyIsIdempotent]' started.
Test Case '-[OuroMDTests.MarkdownTidyTests testTidyIsIdempotent]' passed (0.000 seconds).
Test Case '-[OuroMDTests.MarkdownTidyTests testUnclosedFrontMatterFenceLeftUnchanged]' started.
Test Case '-[OuroMDTests.MarkdownTidyTests testUnclosedFrontMatterFenceLeftUnchanged]' passed (0.000 seconds).
Test Suite 'MarkdownTidyTests' passed at 2026-08-24 12:40:19.957.
	 Executed 25 tests, with 0 failures (0 unexpected) in 0.164 (0.167) seconds
Test Suite 'OuroMDAppStoreApplyPlanTests' started at 2026-08-24 12:40:19.957.
Test Case '-[OuroMDTests.OuroMDAppStoreApplyPlanTests testApplyExecutorCapturesReviewDetailIdFromFetchResponse]' started.
Test Case '-[OuroMDTests.OuroMDAppStoreApplyPlanTests testApplyExecutorCapturesReviewDetailIdFromFetchResponse]' passed (0.309 seconds).
Test Case '-[OuroMDTests.OuroMDAppStoreApplyPlanTests testApplyExecutorClassifiesRetryableFixtureErrors]' started.
Test Case '-[OuroMDTests.OuroMDAppStoreApplyPlanTests testApplyExecutorClassifiesRetryableFixtureErrors]' passed (0.293 seconds).
Test Case '-[OuroMDTests.OuroMDAppStoreApplyPlanTests testApplyExecutorExecutesFakeTransportAndWritesRedactedArtifacts]' started.
Test Case '-[OuroMDTests.OuroMDAppStoreApplyPlanTests testApplyExecutorExecutesFakeTransportAndWritesRedactedArtifacts]' passed (0.309 seconds).
Test Case '-[OuroMDTests.OuroMDAppStoreApplyPlanTests testApplyExecutorRejectsBlockedDryRunPlans]' started.
Test Case '-[OuroMDTests.OuroMDAppStoreApplyPlanTests testApplyExecutorRejectsBlockedDryRunPlans]' passed (0.354 seconds).
Test Case '-[OuroMDTests.OuroMDAppStoreApplyPlanTests testApplyExecutorRejectsScreenshotBytesChangedAfterDryRun]' started.
Test Case '-[OuroMDTests.OuroMDAppStoreApplyPlanTests testApplyExecutorRejectsScreenshotBytesChangedAfterDryRun]' passed (0.346 seconds).
Test Case '-[OuroMDTests.OuroMDAppStoreApplyPlanTests testApplyExecutorRequiresExplicitApplyMode]' started.
Test Case '-[OuroMDTests.OuroMDAppStoreApplyPlanTests testApplyExecutorRequiresExplicitApplyMode]' passed (0.367 seconds).
Test Case '-[OuroMDTests.OuroMDAppStoreApplyPlanTests testLiveApplyAllowsRetargetedRejectedIdsWhenOwnedByPreflight]' started.
Test Case '-[OuroMDTests.OuroMDAppStoreApplyPlanTests testLiveApplyAllowsRetargetedRejectedIdsWhenOwnedByPreflight]' passed (0.334 seconds).
Test Case '-[OuroMDTests.OuroMDAppStoreApplyPlanTests testLiveApplyRejectsLaterStagesWithoutUnit7cResolvedStateBeforeNetwork]' started.
Test Case '-[OuroMDTests.OuroMDAppStoreApplyPlanTests testLiveApplyRejectsLaterStagesWithoutUnit7cResolvedStateBeforeNetwork]' passed (0.333 seconds).
Test Case '-[OuroMDTests.OuroMDAppStoreApplyPlanTests testLiveApplyRejectsMismatchedUploadedBuildPreflightBeforeNetwork]' started.
Test Case '-[OuroMDTests.OuroMDAppStoreApplyPlanTests testLiveApplyRejectsMismatchedUploadedBuildPreflightBeforeNetwork]' passed (0.319 seconds).
Test Case '-[OuroMDTests.OuroMDAppStoreApplyPlanTests testLiveApplyRejectsStalePersistedStateBeforeNetwork]' started.
Test Case '-[OuroMDTests.OuroMDAppStoreApplyPlanTests testLiveApplyRejectsStalePersistedStateBeforeNetwork]' passed (0.276 seconds).
Test Case '-[OuroMDTests.OuroMDAppStoreApplyPlanTests testLiveApplyRejectsUnownedPersistedStateBeforeNetwork]' started.
Test Case '-[OuroMDTests.OuroMDAppStoreApplyPlanTests testLiveApplyRejectsUnownedPersistedStateBeforeNetwork]' passed (0.363 seconds).
Test Case '-[OuroMDTests.OuroMDAppStoreApplyPlanTests testLiveApplyRequiresStageAndExactStatePreflight]' started.
Test Case '-[OuroMDTests.OuroMDAppStoreApplyPlanTests testLiveApplyRequiresStageAndExactStatePreflight]' passed (0.194 seconds).
Test Case '-[OuroMDTests.OuroMDAppStoreApplyPlanTests testLiveFinalSubmitRequiresOldRejectionThreadReplyHandlingBeforeNetwork]' started.
Test Case '-[OuroMDTests.OuroMDAppStoreApplyPlanTests testLiveFinalSubmitRequiresOldRejectionThreadReplyHandlingBeforeNetwork]' passed (0.280 seconds).
Test Suite 'OuroMDAppStoreApplyPlanTests' passed at 2026-08-24 12:40:24.035.
	 Executed 13 tests, with 0 failures (0 unexpected) in 4.076 (4.079) seconds
Test Suite 'OuroMDAppStorePackageReadinessTests' started at 2026-08-24 12:40:24.036.
Test Case '-[OuroMDTests.OuroMDAppStorePackageReadinessTests testArtifactFlagRequiresReadinessMode]' started.
Test Case '-[OuroMDTests.OuroMDAppStorePackageReadinessTests testArtifactFlagRequiresReadinessMode]' passed (0.128 seconds).
Test Case '-[OuroMDTests.OuroMDAppStorePackageReadinessTests testPackageReadinessWritesStructuredNonSecretArtifact]' started.
Test Case '-[OuroMDTests.OuroMDAppStorePackageReadinessTests testPackageReadinessWritesStructuredNonSecretArtifact]' passed (1.124 seconds).
Test Case '-[OuroMDTests.OuroMDAppStorePackageReadinessTests testReadinessDoesNotEchoSecretShapedArtifactPath]' started.
Test Case '-[OuroMDTests.OuroMDAppStorePackageReadinessTests testReadinessDoesNotEchoSecretShapedArtifactPath]' passed (0.793 seconds).
Test Case '-[OuroMDTests.OuroMDAppStorePackageReadinessTests testReadinessSecretScanRedactsCredentialShapedFilenames]' started.
Test Case '-[OuroMDTests.OuroMDAppStorePackageReadinessTests testReadinessSecretScanRedactsCredentialShapedFilenames]' passed (1.075 seconds).
Test Suite 'OuroMDAppStorePackageReadinessTests' passed at 2026-08-24 12:40:27.157.
	 Executed 4 tests, with 0 failures (0 unexpected) in 3.120 (3.121) seconds
Test Suite 'OuroMDAppStoreRequestPlanTests' started at 2026-08-24 12:40:27.157.
Test Case '-[OuroMDTests.OuroMDAppStoreRequestPlanTests testDryRunPlanBuildsExactTargetVersionRequestGraph]' started.
Test Case '-[OuroMDTests.OuroMDAppStoreRequestPlanTests testDryRunPlanBuildsExactTargetVersionRequestGraph]' passed (0.115 seconds).
Test Case '-[OuroMDTests.OuroMDAppStoreRequestPlanTests testDryRunPlanDoesNotSubmitWhenManifestOnlyHasRemoteScreenshotProof]' started.
Test Case '-[OuroMDTests.OuroMDAppStoreRequestPlanTests testDryRunPlanDoesNotSubmitWhenManifestOnlyHasRemoteScreenshotProof]' passed (0.161 seconds).
Test Case '-[OuroMDTests.OuroMDAppStoreRequestPlanTests testDryRunPlanIncludesMacScreenshotReservationUploadAndCommitSteps]' started.
Test Case '-[OuroMDTests.OuroMDAppStoreRequestPlanTests testDryRunPlanIncludesMacScreenshotReservationUploadAndCommitSteps]' passed (0.112 seconds).
Test Case '-[OuroMDTests.OuroMDAppStoreRequestPlanTests testDryRunPlanIncludesSubmitOnlyAfterRequiredLocalScreenshots]' started.
Test Case '-[OuroMDTests.OuroMDAppStoreRequestPlanTests testDryRunPlanIncludesSubmitOnlyAfterRequiredLocalScreenshots]' passed (0.202 seconds).
Test Case '-[OuroMDTests.OuroMDAppStoreRequestPlanTests testDryRunPlanOutputAndErrorsAreRedacted]' started.
Test Case '-[OuroMDTests.OuroMDAppStoreRequestPlanTests testDryRunPlanOutputAndErrorsAreRedacted]' passed (0.128 seconds).
Test Case '-[OuroMDTests.OuroMDAppStoreRequestPlanTests testDryRunPlanRecordsExistingRejectionThreadStrategyWithoutMutatingStaleSubmission]' started.
Test Case '-[OuroMDTests.OuroMDAppStoreRequestPlanTests testDryRunPlanRecordsExistingRejectionThreadStrategyWithoutMutatingStaleSubmission]' passed (0.208 seconds).
Test Case '-[OuroMDTests.OuroMDAppStoreRequestPlanTests testDryRunPlanRejectsExplicitGeneratedResourceIds]' started.
Test Case '-[OuroMDTests.OuroMDAppStoreRequestPlanTests testDryRunPlanRejectsExplicitGeneratedResourceIds]' passed (0.416 seconds).
Test Case '-[OuroMDTests.OuroMDAppStoreRequestPlanTests testDryRunPlanRejectsMissingReleaseHighlights]' started.
Test Case '-[OuroMDTests.OuroMDAppStoreRequestPlanTests testDryRunPlanRejectsMissingReleaseHighlights]' passed (0.219 seconds).
Test Case '-[OuroMDTests.OuroMDAppStoreRequestPlanTests testDryRunPlanRejectsStaleRejectedIdsForTargetGraph]' started.
Test Case '-[OuroMDTests.OuroMDAppStoreRequestPlanTests testDryRunPlanRejectsStaleRejectedIdsForTargetGraph]' passed (0.077 seconds).
Test Case '-[OuroMDTests.OuroMDAppStoreRequestPlanTests testDryRunPlanRejectsUnexpectedBundleInManifest]' started.
Test Case '-[OuroMDTests.OuroMDAppStoreRequestPlanTests testDryRunPlanRejectsUnexpectedBundleInManifest]' passed (0.216 seconds).
Test Case '-[OuroMDTests.OuroMDAppStoreRequestPlanTests testDryRunPlanRejectsUnknownArguments]' started.
Test Case '-[OuroMDTests.OuroMDAppStoreRequestPlanTests testDryRunPlanRejectsUnknownArguments]' passed (0.213 seconds).
Test Case '-[OuroMDTests.OuroMDAppStoreRequestPlanTests testDryRunPlanReusesExistingAppInfoLocalizationWhenProvided]' started.
Test Case '-[OuroMDTests.OuroMDAppStoreRequestPlanTests testDryRunPlanReusesExistingAppInfoLocalizationWhenProvided]' passed (0.278 seconds).
Test Case '-[OuroMDTests.OuroMDAppStoreRequestPlanTests testDryRunPlanUsesLocalScreenshotInputsAndIgnoresRemoteProofUris]' started.
Test Case '-[OuroMDTests.OuroMDAppStoreRequestPlanTests testDryRunPlanUsesLocalScreenshotInputsAndIgnoresRemoteProofUris]' passed (0.394 seconds).
Test Case '-[OuroMDTests.OuroMDAppStoreRequestPlanTests testDryRunPlanWritesTextArtifactWhenRequested]' started.
Test Case '-[OuroMDTests.OuroMDAppStoreRequestPlanTests testDryRunPlanWritesTextArtifactWhenRequested]' passed (0.300 seconds).
Test Suite 'OuroMDAppStoreRequestPlanTests' passed at 2026-08-24 12:40:30.199.
	 Executed 14 tests, with 0 failures (0 unexpected) in 3.039 (3.042) seconds
Test Suite 'OuroMDAppStoreScreenshotTests' started at 2026-08-24 12:40:30.199.
Test Case '-[OuroMDTests.OuroMDAppStoreScreenshotTests testAppStoreManifestDeclaresFourLocalReviewScreenshots]' started.
Test Case '-[OuroMDTests.OuroMDAppStoreScreenshotTests testAppStoreManifestDeclaresFourLocalReviewScreenshots]' passed (0.149 seconds).
Test Case '-[OuroMDTests.OuroMDAppStoreScreenshotTests testScreenshotCheckerSelftestCoversRemoteOnlyManifest]' started.
Test Case '-[OuroMDTests.OuroMDAppStoreScreenshotTests testScreenshotCheckerSelftestCoversRemoteOnlyManifest]' passed (0.136 seconds).
Test Suite 'OuroMDAppStoreScreenshotTests' passed at 2026-08-24 12:40:30.484.
	 Executed 2 tests, with 0 failures (0 unexpected) in 0.285 (0.285) seconds
Test Suite 'OuroMDAppStoreStatusTests' started at 2026-08-24 12:40:30.484.
Test Case '-[OuroMDTests.OuroMDAppStoreStatusTests testLiveStatusRequiresExplicitVersionIdsOrRejectedAuditFlag]' started.
Test Case '-[OuroMDTests.OuroMDAppStoreStatusTests testLiveStatusRequiresExplicitVersionIdsOrRejectedAuditFlag]' passed (0.075 seconds).
Test Case '-[OuroMDTests.OuroMDAppStoreStatusTests testRejectedAuditDefaultsAreExplicitInJsonAndText]' started.
Test Case '-[OuroMDTests.OuroMDAppStoreStatusTests testRejectedAuditDefaultsAreExplicitInJsonAndText]' passed (0.279 seconds).
Test Case '-[OuroMDTests.OuroMDAppStoreStatusTests testStatusReaderFailsWhenRequiredLiveFieldsAreMissing]' started.
Test Case '-[OuroMDTests.OuroMDAppStoreStatusTests testStatusReaderFailsWhenRequiredLiveFieldsAreMissing]' passed (0.194 seconds).
Test Case '-[OuroMDTests.OuroMDAppStoreStatusTests testStatusReaderMatchesReviewItemByAppStoreVersionRelationship]' started.
Test Case '-[OuroMDTests.OuroMDAppStoreStatusTests testStatusReaderMatchesReviewItemByAppStoreVersionRelationship]' passed (0.144 seconds).
Test Case '-[OuroMDTests.OuroMDAppStoreStatusTests testStatusReaderRedactsMultilinePrivateKeysFromErrors]' started.
Test Case '-[OuroMDTests.OuroMDAppStoreStatusTests testStatusReaderRedactsMultilinePrivateKeysFromErrors]' passed (0.073 seconds).
Test Case '-[OuroMDTests.OuroMDAppStoreStatusTests testStatusReaderRejectsReviewItemWithoutVersionRelationship]' started.
Test Case '-[OuroMDTests.OuroMDAppStoreStatusTests testStatusReaderRejectsReviewItemWithoutVersionRelationship]' passed (0.112 seconds).
Test Case '-[OuroMDTests.OuroMDAppStoreStatusTests testStatusReaderRejectsUnexpectedBundleId]' started.
Test Case '-[OuroMDTests.OuroMDAppStoreStatusTests testStatusReaderRejectsUnexpectedBundleId]' passed (0.083 seconds).
Test Case '-[OuroMDTests.OuroMDAppStoreStatusTests testStatusReaderRejectsUnknownArguments]' started.
Test Case '-[OuroMDTests.OuroMDAppStoreStatusTests testStatusReaderRejectsUnknownArguments]' passed (0.082 seconds).
Test Case '-[OuroMDTests.OuroMDAppStoreStatusTests testStatusReaderRequiresCompleteScreenshotDeliveryState]' started.
Test Case '-[OuroMDTests.OuroMDAppStoreStatusTests testStatusReaderRequiresCompleteScreenshotDeliveryState]' passed (0.125 seconds).
Test Case '-[OuroMDTests.OuroMDAppStoreStatusTests testStatusReaderRequiresDesktopScreenshotSet]' started.
Test Case '-[OuroMDTests.OuroMDAppStoreStatusTests testStatusReaderRequiresDesktopScreenshotSet]' passed (0.100 seconds).
Test Case '-[OuroMDTests.OuroMDAppStoreStatusTests testStatusReaderRequiresScreenshotDeliveryState]' started.
Test Case '-[OuroMDTests.OuroMDAppStoreStatusTests testStatusReaderRequiresScreenshotDeliveryState]' passed (0.138 seconds).
Test Case '-[OuroMDTests.OuroMDAppStoreStatusTests testStatusReaderSelftestNormalizesAndRedactsAppStoreConnectState]' started.
Test Case '-[OuroMDTests.OuroMDAppStoreStatusTests testStatusReaderSelftestNormalizesAndRedactsAppStoreConnectState]' passed (0.101 seconds).
Test Case '-[OuroMDTests.OuroMDAppStoreStatusTests testStatusReaderTextSummaryIsCompactAndRedacted]' started.
Test Case '-[OuroMDTests.OuroMDAppStoreStatusTests testStatusReaderTextSummaryIsCompactAndRedacted]' passed (0.087 seconds).
Test Case '-[OuroMDTests.OuroMDAppStoreStatusTests testStatusReaderWritesJsonArtifactWhenRequested]' started.
Test Case '-[OuroMDTests.OuroMDAppStoreStatusTests testStatusReaderWritesJsonArtifactWhenRequested]' passed (0.176 seconds).
Test Suite 'OuroMDAppStoreStatusTests' passed at 2026-08-24 12:40:32.256.
	 Executed 14 tests, with 0 failures (0 unexpected) in 1.769 (1.772) seconds
Test Suite 'OuroMDDistributionTests' started at 2026-08-24 12:40:32.256.
Test Case '-[OuroMDTests.OuroMDDistributionTests testAppStoreDisablesDirectUpdates]' started.
Test Case '-[OuroMDTests.OuroMDDistributionTests testAppStoreDisablesDirectUpdates]' passed (0.000 seconds).
Test Case '-[OuroMDTests.OuroMDDistributionTests testAppStoreManifestCarriesDistinctReviewMetadata]' started.
Test Case '-[OuroMDTests.OuroMDDistributionTests testAppStoreManifestCarriesDistinctReviewMetadata]' passed (0.001 seconds).
Test Case '-[OuroMDTests.OuroMDDistributionTests testDefaultsToDeveloperIDDirectUpdates]' started.
Test Case '-[OuroMDTests.OuroMDDistributionTests testDefaultsToDeveloperIDDirectUpdates]' passed (0.000 seconds).
Test Case '-[OuroMDTests.OuroMDDistributionTests testLocalBuildsAllowDirectUpdates]' started.
Test Case '-[OuroMDTests.OuroMDDistributionTests testLocalBuildsAllowDirectUpdates]' passed (0.000 seconds).
Test Suite 'OuroMDDistributionTests' passed at 2026-08-24 12:40:32.258.
	 Executed 4 tests, with 0 failures (0 unexpected) in 0.002 (0.002) seconds
Test Suite 'OuroMDPositioningTests' started at 2026-08-24 12:40:32.258.
Test Case '-[OuroMDTests.OuroMDPositioningTests testReleaseHighlightsCarryReviewFacingDifferentiators]' started.
Test Case '-[OuroMDTests.OuroMDPositioningTests testReleaseHighlightsCarryReviewFacingDifferentiators]' passed (0.000 seconds).
Test Case '-[OuroMDTests.OuroMDPositioningTests testReleaseHighlightsDoNotExposeInternalReviewRemediationLanguage]' started.
Test Case '-[OuroMDTests.OuroMDPositioningTests testReleaseHighlightsDoNotExposeInternalReviewRemediationLanguage]' passed (0.000 seconds).
Test Case '-[OuroMDTests.OuroMDPositioningTests testShellAboutSubtitleUsesLocalWorkspacePositioning]' started.
Test Case '-[OuroMDTests.OuroMDPositioningTests testShellAboutSubtitleUsesLocalWorkspacePositioning]' passed (0.001 seconds).
Test Case '-[OuroMDTests.OuroMDPositioningTests testWelcomeCopyExplainsLocalWorkspaceWorkflow]' started.
Test Case '-[OuroMDTests.OuroMDPositioningTests testWelcomeCopyExplainsLocalWorkspaceWorkflow]' passed (0.000 seconds).
Test Case '-[OuroMDTests.OuroMDPositioningTests testWelcomeVisualFixtureMatchesSourceWelcomeCopy]' started.
Test Case '-[OuroMDTests.OuroMDPositioningTests testWelcomeVisualFixtureMatchesSourceWelcomeCopy]' passed (0.000 seconds).
Test Suite 'OuroMDPositioningTests' passed at 2026-08-24 12:40:32.261.
	 Executed 5 tests, with 0 failures (0 unexpected) in 0.003 (0.003) seconds
Test Suite 'OuroMDShellContractTests' started at 2026-08-24 12:40:32.261.
Test Case '-[OuroMDTests.OuroMDShellContractTests testAppStoreShellContractUsesStoreOwnedUpdateSemantics]' started.
Test Case '-[OuroMDTests.OuroMDShellContractTests testAppStoreShellContractUsesStoreOwnedUpdateSemantics]' passed (0.001 seconds).
Test Case '-[OuroMDTests.OuroMDShellContractTests testShellCommandManifestPinsPublicSurfaceSemantics]' started.
Test Case '-[OuroMDTests.OuroMDShellContractTests testShellCommandManifestPinsPublicSurfaceSemantics]' passed (0.001 seconds).
Test Case '-[OuroMDTests.OuroMDShellContractTests testShellContractDocumentsUtilityWindowsAndSettingsEntryPoint]' started.
Test Case '-[OuroMDTests.OuroMDShellContractTests testShellContractDocumentsUtilityWindowsAndSettingsEntryPoint]' passed (0.001 seconds).
Test Case '-[OuroMDTests.OuroMDShellContractTests testShellContractIsValidAndDeclaresSharedSurfaces]' started.
Test Case '-[OuroMDTests.OuroMDShellContractTests testShellContractIsValidAndDeclaresSharedSurfaces]' passed (0.003 seconds).
Test Case '-[OuroMDTests.OuroMDShellContractTests testShellContractMatchesRuntimeIdentityReleaseAndShortcutSurfaces]' started.
Test Case '-[OuroMDTests.OuroMDShellContractTests testShellContractMatchesRuntimeIdentityReleaseAndShortcutSurfaces]' passed (0.002 seconds).
Test Suite 'OuroMDShellContractTests' passed at 2026-08-24 12:40:32.269.
	 Executed 5 tests, with 0 failures (0 unexpected) in 0.007 (0.008) seconds
Test Suite 'OuroMDTelemetryTests' started at 2026-08-24 12:40:32.270.
Test Case '-[OuroMDTests.OuroMDTelemetryTests testCaptureCanUseDefaultClockWithInjectedSender]' started.
Test Case '-[OuroMDTests.OuroMDTelemetryTests testCaptureCanUseDefaultClockWithInjectedSender]' passed (0.016 seconds).
Test Case '-[OuroMDTests.OuroMDTelemetryTests testCaptureReusesExistingDistinctID]' started.
Test Case '-[OuroMDTests.OuroMDTelemetryTests testCaptureReusesExistingDistinctID]' passed (0.003 seconds).
Test Case '-[OuroMDTests.OuroMDTelemetryTests testCaptureSendsAnonymousPostHogPayload]' started.
Test Case '-[OuroMDTests.OuroMDTelemetryTests testCaptureSendsAnonymousPostHogPayload]' passed (0.003 seconds).
Test Case '-[OuroMDTests.OuroMDTelemetryTests testConfigurationIgnoresAmbientPostHogKeyEnvironmentAndSupportsDisableFlag]' started.
Test Case '-[OuroMDTests.OuroMDTelemetryTests testConfigurationIgnoresAmbientPostHogKeyEnvironmentAndSupportsDisableFlag]' passed (0.091 seconds).
Test Case '-[OuroMDTests.OuroMDTelemetryTests testConfigurationIgnoresStoredPostHogDefaults]' started.
Test Case '-[OuroMDTests.OuroMDTelemetryTests testConfigurationIgnoresStoredPostHogDefaults]' passed (0.017 seconds).
Test Case '-[OuroMDTests.OuroMDTelemetryTests testConfigurationLoadsEmbeddedPostHogBundleValues]' started.
Test Case '-[OuroMDTests.OuroMDTelemetryTests testConfigurationLoadsEmbeddedPostHogBundleValues]' passed (0.066 seconds).
Test Case '-[OuroMDTests.OuroMDTelemetryTests testConfigurationRejectsInvalidEmbeddedHost]' started.
Test Case '-[OuroMDTests.OuroMDTelemetryTests testConfigurationRejectsInvalidEmbeddedHost]' passed (0.074 seconds).
Test Case '-[OuroMDTests.OuroMDTelemetryTests testOptOutSuppressesCaptureAndPersists]' started.
Test Case '-[OuroMDTests.OuroMDTelemetryTests testOptOutSuppressesCaptureAndPersists]' passed (0.008 seconds).
Test Case '-[OuroMDTests.OuroMDTelemetryTests testUnconfiguredTelemetryIsDisabled]' started.
Test Case '-[OuroMDTests.OuroMDTelemetryTests testUnconfiguredTelemetryIsDisabled]' passed (0.001 seconds).
Test Suite 'OuroMDTelemetryTests' passed at 2026-08-24 12:40:32.550.
	 Executed 9 tests, with 0 failures (0 unexpected) in 0.279 (0.281) seconds
Test Suite 'OuroMDUpdateCoordinatorTests' started at 2026-08-24 12:40:32.550.
Test Case '-[OuroMDTests.OuroMDUpdateCoordinatorTests testApplyStagedUpdateOnQuitOnlyWhenEnabledAndNotManualInstall]' started.
Test Case '-[OuroMDTests.OuroMDUpdateCoordinatorTests testApplyStagedUpdateOnQuitOnlyWhenEnabledAndNotManualInstall]' passed (0.005 seconds).
Test Case '-[OuroMDTests.OuroMDUpdateCoordinatorTests testAppShellUpdateActionsExposeReviewButKeepDirectInstallBehindOuroMDPrompt]' started.
Test Case '-[OuroMDTests.OuroMDUpdateCoordinatorTests testAppShellUpdateActionsExposeReviewButKeepDirectInstallBehindOuroMDPrompt]' passed (0.032 seconds).
Test Case '-[OuroMDTests.OuroMDUpdateCoordinatorTests testAutoUpdateCheckIsDefaultOnThrottledAndOncePerSession]' started.
Test Case '-[OuroMDTests.OuroMDUpdateCoordinatorTests testAutoUpdateCheckIsDefaultOnThrottledAndOncePerSession]' passed (0.008 seconds).
Test Case '-[OuroMDTests.OuroMDUpdateCoordinatorTests testAutoUpdateCheckSkipsWhenDisabled]' started.
Test Case '-[OuroMDTests.OuroMDUpdateCoordinatorTests testAutoUpdateCheckSkipsWhenDisabled]' passed (0.004 seconds).
Test Case '-[OuroMDTests.OuroMDUpdateCoordinatorTests testAutoUpdateDefaultsToEnabledAndPersistsOptOut]' started.
Test Case '-[OuroMDTests.OuroMDUpdateCoordinatorTests testAutoUpdateDefaultsToEnabledAndPersistsOptOut]' passed (0.004 seconds).
Test Case '-[OuroMDTests.OuroMDUpdateCoordinatorTests testAutoUpdateStagesInstallableUpdateInBackground]' started.
Test Case '-[OuroMDTests.OuroMDUpdateCoordinatorTests testAutoUpdateStagesInstallableUpdateInBackground]' passed (0.016 seconds).
Test Case '-[OuroMDTests.OuroMDUpdateCoordinatorTests testBadgeAndPromptUseCheckedReleaseWhenNoUpdateIsStaged]' started.
Test Case '-[OuroMDTests.OuroMDUpdateCoordinatorTests testBadgeAndPromptUseCheckedReleaseWhenNoUpdateIsStaged]' passed (0.002 seconds).
Test Case '-[OuroMDTests.OuroMDUpdateCoordinatorTests testCancelPendingManualInstallPreventsLaterApply]' started.
Test Case '-[OuroMDTests.OuroMDUpdateCoordinatorTests testCancelPendingManualInstallPreventsLaterApply]' passed (0.022 seconds).
Test Case '-[OuroMDTests.OuroMDUpdateCoordinatorTests testCheckedReleaseStateTakesPrecedenceOverLaunchInstalledState]' started.
Test Case '-[OuroMDTests.OuroMDUpdateCoordinatorTests testCheckedReleaseStateTakesPrecedenceOverLaunchInstalledState]' passed (0.009 seconds).
Test Case '-[OuroMDTests.OuroMDUpdateCoordinatorTests testDismissingNonInstallablePromptDoesNotEmitDeferredTelemetry]' started.
Test Case '-[OuroMDTests.OuroMDUpdateCoordinatorTests testDismissingNonInstallablePromptDoesNotEmitDeferredTelemetry]' passed (0.001 seconds).
Test Case '-[OuroMDTests.OuroMDUpdateCoordinatorTests testFailedStartedManualInstallCanRetryWithoutAnotherCheck]' started.
Test Case '-[OuroMDTests.OuroMDUpdateCoordinatorTests testFailedStartedManualInstallCanRetryWithoutAnotherCheck]' passed (0.029 seconds).
Test Case '-[OuroMDTests.OuroMDUpdateCoordinatorTests testLaunchVersionMemorySurfacesPostUpdateConfirmationOnceVersionChanges]' started.
Test Case '-[OuroMDTests.OuroMDUpdateCoordinatorTests testLaunchVersionMemorySurfacesPostUpdateConfirmationOnceVersionChanges]' passed (0.003 seconds).
Test Case '-[OuroMDTests.OuroMDUpdateCoordinatorTests testManualCheckAwaitsInFlightLaunchCheckBeforePrompting]' started.
Test Case '-[OuroMDTests.OuroMDUpdateCoordinatorTests testManualCheckAwaitsInFlightLaunchCheckBeforePrompting]' passed (0.003 seconds).
Test Case '-[OuroMDTests.OuroMDUpdateCoordinatorTests testManualCheckClearsPendingStageWhenReleaseIsNoLongerInstallable]' started.
Test Case '-[OuroMDTests.OuroMDUpdateCoordinatorTests testManualCheckClearsPendingStageWhenReleaseIsNoLongerInstallable]' passed (0.003 seconds).
Test Case '-[OuroMDTests.OuroMDUpdateCoordinatorTests testManualCheckPromptsInstallableCurrentAndUnavailableStates]' started.
Test Case '-[OuroMDTests.OuroMDUpdateCoordinatorTests testManualCheckPromptsInstallableCurrentAndUnavailableStates]' passed (0.001 seconds).
Test Case '-[OuroMDTests.OuroMDUpdateCoordinatorTests testManualCheckReportsMissingInstallableAssets]' started.
Test Case '-[OuroMDTests.OuroMDUpdateCoordinatorTests testManualCheckReportsMissingInstallableAssets]' passed (0.001 seconds).
Test Case '-[OuroMDTests.OuroMDUpdateCoordinatorTests testManualInstallExposesProgressWhileStageIsRunning]' started.
Test Case '-[OuroMDTests.OuroMDUpdateCoordinatorTests testManualInstallExposesProgressWhileStageIsRunning]' passed (0.002 seconds).
Test Case '-[OuroMDTests.OuroMDUpdateCoordinatorTests testManualInstallFailureSetsFailedPromptForAppObserver]' started.
Test Case '-[OuroMDTests.OuroMDUpdateCoordinatorTests testManualInstallFailureSetsFailedPromptForAppObserver]' passed (0.002 seconds).
Test Case '-[OuroMDTests.OuroMDUpdateCoordinatorTests testManualInstallOfPendingStageIsIdempotent]' started.
Test Case '-[OuroMDTests.OuroMDUpdateCoordinatorTests testManualInstallOfPendingStageIsIdempotent]' passed (0.006 seconds).
Test Case '-[OuroMDTests.OuroMDUpdateCoordinatorTests testManualInstallReportsPlannerFailure]' started.
Test Case '-[OuroMDTests.OuroMDUpdateCoordinatorTests testManualInstallReportsPlannerFailure]' passed (0.002 seconds).
Test Case '-[OuroMDTests.OuroMDUpdateCoordinatorTests testManualInstallReportsStagingProgressBeforeApplying]' started.
Test Case '-[OuroMDTests.OuroMDUpdateCoordinatorTests testManualInstallReportsStagingProgressBeforeApplying]' passed (0.006 seconds).
Test Case '-[OuroMDTests.OuroMDUpdateCoordinatorTests testManualInstallRequiresPriorCheck]' started.
Test Case '-[OuroMDTests.OuroMDUpdateCoordinatorTests testManualInstallRequiresPriorCheck]' passed (0.001 seconds).
Test Case '-[OuroMDTests.OuroMDUpdateCoordinatorTests testManualInstallRestagesWhenCheckedReleaseIsNewerThanPendingStage]' started.
Test Case '-[OuroMDTests.OuroMDUpdateCoordinatorTests testManualInstallRestagesWhenCheckedReleaseIsNewerThanPendingStage]' passed (0.003 seconds).
Test Case '-[OuroMDTests.OuroMDUpdateCoordinatorTests testManualInstallUsesAlreadyStagedUpdateAndSuppressesQuitApply]' started.
Test Case '-[OuroMDTests.OuroMDUpdateCoordinatorTests testManualInstallUsesAlreadyStagedUpdateAndSuppressesQuitApply]' passed (0.002 seconds).
Test Case '-[OuroMDTests.OuroMDUpdateCoordinatorTests testManualUpdateFailureTelemetryDoesNotLeakRawErrorDetails]' started.
Test Case '-[OuroMDTests.OuroMDUpdateCoordinatorTests testManualUpdateFailureTelemetryDoesNotLeakRawErrorDetails]' passed (0.002 seconds).
Test Case '-[OuroMDTests.OuroMDUpdateCoordinatorTests testManualUpdateFlowCapturesTelemetryWithoutRawErrorDetails]' started.
Test Case '-[OuroMDTests.OuroMDUpdateCoordinatorTests testManualUpdateFlowCapturesTelemetryWithoutRawErrorDetails]' passed (0.001 seconds).
Test Case '-[OuroMDTests.OuroMDUpdateCoordinatorTests testPromptDisplayHelpersAreUserFacing]' started.
Test Case '-[OuroMDTests.OuroMDUpdateCoordinatorTests testPromptDisplayHelpersAreUserFacing]' passed (0.000 seconds).
Test Case '-[OuroMDTests.OuroMDUpdateCoordinatorTests testPromptFallsBackToStagedVersionWhenLatestSnapshotIsNotInstallable]' started.
Test Case '-[OuroMDTests.OuroMDUpdateCoordinatorTests testPromptFallsBackToStagedVersionWhenLatestSnapshotIsNotInstallable]' passed (0.004 seconds).
Test Case '-[OuroMDTests.OuroMDUpdateCoordinatorTests testPromptPresentationBindingDismissesPrompt]' started.
Test Case '-[OuroMDTests.OuroMDUpdateCoordinatorTests testPromptPresentationBindingDismissesPrompt]' passed (0.001 seconds).
Test Case '-[OuroMDTests.OuroMDUpdateCoordinatorTests testReleaseMetadataFormatsPublishedDateAndNotesPreview]' started.
Test Case '-[OuroMDTests.OuroMDUpdateCoordinatorTests testReleaseMetadataFormatsPublishedDateAndNotesPreview]' passed (0.003 seconds).
Test Case '-[OuroMDTests.OuroMDUpdateCoordinatorTests testReleaseStatusLineCoversUncheckedCheckingCurrentAvailableAndUnavailableStates]' started.
Test Case '-[OuroMDTests.OuroMDUpdateCoordinatorTests testReleaseStatusLineCoversUncheckedCheckingCurrentAvailableAndUnavailableStates]' passed (0.002 seconds).
Test Case '-[OuroMDTests.OuroMDUpdateCoordinatorTests testStartedManualInstallCanCancelInFlightStageAndRetry]' started.
Test Case '-[OuroMDTests.OuroMDUpdateCoordinatorTests testStartedManualInstallCanCancelInFlightStageAndRetry]' passed (0.030 seconds).
Test Suite 'OuroMDUpdateCoordinatorTests' passed at 2026-08-24 12:40:32.771.
	 Executed 32 tests, with 0 failures (0 unexpected) in 0.214 (0.220) seconds
Test Suite 'OuroMDUpdateInstallerTests' started at 2026-08-24 12:40:32.771.
Test Case '-[OuroMDTests.OuroMDUpdateInstallerTests testApplyScriptDoesNotDeleteBackupBeforeDestinationShapeIsProven]' started.
Test Case '-[OuroMDTests.OuroMDUpdateInstallerTests testApplyScriptDoesNotDeleteBackupBeforeDestinationShapeIsProven]' passed (0.000 seconds).
Test Case '-[OuroMDTests.OuroMDUpdateInstallerTests testApplyScriptFailsFastAroundBackupInstallAndRollback]' started.
Test Case '-[OuroMDTests.OuroMDUpdateInstallerTests testApplyScriptFailsFastAroundBackupInstallAndRollback]' passed (0.000 seconds).
Test Case '-[OuroMDTests.OuroMDUpdateInstallerTests testApplyScriptRestoresBackupWhenReplacementIsNotAnAppBundle]' started.
Test Case '-[OuroMDTests.OuroMDUpdateInstallerTests testApplyScriptRestoresBackupWhenReplacementIsNotAnAppBundle]' passed (0.455 seconds).
Test Case '-[OuroMDTests.OuroMDUpdateInstallerTests testApplyScriptRestoresStaleBackupBeforeTryingNewInstall]' started.
ditto: Cannot get the real path for source '/var/folders/nh/3z0zcc3j0xs16ys7lkh3x80c0000gp/T/ouro-apply-stale-backup-1947FB71-DF1B-4825-A51C-7915B8D8CCDB/missing-staged/Ouro MD.app'
Test Case '-[OuroMDTests.OuroMDUpdateInstallerTests testApplyScriptRestoresStaleBackupBeforeTryingNewInstall]' passed (0.266 seconds).
Test Case '-[OuroMDTests.OuroMDUpdateInstallerTests testApplyScriptRunsInTemporaryDirectoryWithoutNestingUpdatedApp]' started.
Test Case '-[OuroMDTests.OuroMDUpdateInstallerTests testApplyScriptRunsInTemporaryDirectoryWithoutNestingUpdatedApp]' passed (0.800 seconds).
Test Case '-[OuroMDTests.OuroMDUpdateInstallerTests testInstallErrorDescriptionsAreUserReadable]' started.
Test Case '-[OuroMDTests.OuroMDUpdateInstallerTests testInstallErrorDescriptionsAreUserReadable]' passed (0.000 seconds).
Test Case '-[OuroMDTests.OuroMDUpdateInstallerTests testOneLineInstallerRollbackDoesNotSwallowRestoreFailure]' started.
Test Case '-[OuroMDTests.OuroMDUpdateInstallerTests testOneLineInstallerRollbackDoesNotSwallowRestoreFailure]' passed (0.001 seconds).
Test Case '-[OuroMDTests.OuroMDUpdateInstallerTests testStagePreservesInstallerErrorFromDataLoader]' started.
Test Case '-[OuroMDTests.OuroMDUpdateInstallerTests testStagePreservesInstallerErrorFromDataLoader]' passed (0.100 seconds).
Test Case '-[OuroMDTests.OuroMDUpdateInstallerTests testStageSucceedsAfterManifestArchiveExtractedBundleAndCodesignVerify]' started.
Test Case '-[OuroMDTests.OuroMDUpdateInstallerTests testStageSucceedsAfterManifestArchiveExtractedBundleAndCodesignVerify]' passed (0.058 seconds).
Test Case '-[OuroMDTests.OuroMDUpdateInstallerTests testStageThrowsOnArchiveNameMismatch]' started.
Test Case '-[OuroMDTests.OuroMDUpdateInstallerTests testStageThrowsOnArchiveNameMismatch]' passed (0.125 seconds).
Test Case '-[OuroMDTests.OuroMDUpdateInstallerTests testStageThrowsOnBundleIdentifierMismatch]' started.
Test Case '-[OuroMDTests.OuroMDUpdateInstallerTests testStageThrowsOnBundleIdentifierMismatch]' passed (0.089 seconds).
Test Case '-[OuroMDTests.OuroMDUpdateInstallerTests testStageThrowsOnByteCountMismatch]' started.
Test Case '-[OuroMDTests.OuroMDUpdateInstallerTests testStageThrowsOnByteCountMismatch]' passed (0.120 seconds).
Test Case '-[OuroMDTests.OuroMDUpdateInstallerTests testStageThrowsOnCodesignFailure]' started.
Test Case '-[OuroMDTests.OuroMDUpdateInstallerTests testStageThrowsOnCodesignFailure]' passed (0.192 seconds).
Test Case '-[OuroMDTests.OuroMDUpdateInstallerTests testStageThrowsOnManifestDecodeFailure]' started.
Test Case '-[OuroMDTests.OuroMDUpdateInstallerTests testStageThrowsOnManifestDecodeFailure]' passed (0.126 seconds).
Test Case '-[OuroMDTests.OuroMDUpdateInstallerTests testStageThrowsOnMissingStagedApp]' started.
Test Case '-[OuroMDTests.OuroMDUpdateInstallerTests testStageThrowsOnMissingStagedApp]' passed (0.118 seconds).
Test Case '-[OuroMDTests.OuroMDUpdateInstallerTests testStageThrowsOnNonNewerVersion]' started.
Test Case '-[OuroMDTests.OuroMDUpdateInstallerTests testStageThrowsOnNonNewerVersion]' passed (0.105 seconds).
Test Case '-[OuroMDTests.OuroMDUpdateInstallerTests testStageThrowsOnSHAMismatch]' started.
Test Case '-[OuroMDTests.OuroMDUpdateInstallerTests testStageThrowsOnSHAMismatch]' passed (0.146 seconds).
Test Case '-[OuroMDTests.OuroMDUpdateInstallerTests testStageThrowsOnStagedBundleIdentifierMismatch]' started.
Test Case '-[OuroMDTests.OuroMDUpdateInstallerTests testStageThrowsOnStagedBundleIdentifierMismatch]' passed (0.117 seconds).
Test Case '-[OuroMDTests.OuroMDUpdateInstallerTests testStageThrowsOnStagedVersionMismatch]' started.
Test Case '-[OuroMDTests.OuroMDUpdateInstallerTests testStageThrowsOnStagedVersionMismatch]' passed (0.135 seconds).
Test Case '-[OuroMDTests.OuroMDUpdateInstallerTests testStageThrowsOnUnzipFailureWithExitStatusFallback]' started.
Test Case '-[OuroMDTests.OuroMDUpdateInstallerTests testStageThrowsOnUnzipFailureWithExitStatusFallback]' passed (0.177 seconds).
Test Case '-[OuroMDTests.OuroMDUpdateInstallerTests testStageWrapsGenericDataLoaderFailureAsDownloadError]' started.
Test Case '-[OuroMDTests.OuroMDUpdateInstallerTests testStageWrapsGenericDataLoaderFailureAsDownloadError]' passed (0.106 seconds).
Test Suite 'OuroMDUpdateInstallerTests' passed at 2026-08-24 12:40:36.013.
	 Executed 21 tests, with 0 failures (0 unexpected) in 3.237 (3.243) seconds
Test Suite 'OuroMDUpdateTests' started at 2026-08-24 12:40:36.013.
Test Case '-[OuroMDTests.OuroMDUpdateTests testPlannerAcceptsOuroMDReleaseAssets]' started.
Test Case '-[OuroMDTests.OuroMDUpdateTests testPlannerAcceptsOuroMDReleaseAssets]' passed (0.000 seconds).
Test Case '-[OuroMDTests.OuroMDUpdateTests testPlannerRequiresHTTPSReleaseAssets]' started.
Test Case '-[OuroMDTests.OuroMDUpdateTests testPlannerRequiresHTTPSReleaseAssets]' passed (0.000 seconds).
Test Case '-[OuroMDTests.OuroMDUpdateTests testVerificationAcceptsNewerOuroMDManifest]' started.
Test Case '-[OuroMDTests.OuroMDUpdateTests testVerificationAcceptsNewerOuroMDManifest]' passed (0.000 seconds).
Test Case '-[OuroMDTests.OuroMDUpdateTests testVerificationIgnoresBuildIdentityForOuroMDReleases]' started.
Test Case '-[OuroMDTests.OuroMDUpdateTests testVerificationIgnoresBuildIdentityForOuroMDReleases]' passed (0.001 seconds).
Test Suite 'OuroMDUpdateTests' passed at 2026-08-24 12:40:36.016.
	 Executed 4 tests, with 0 failures (0 unexpected) in 0.002 (0.003) seconds
Test Suite 'OutlineTreeTests' started at 2026-08-24 12:40:36.016.
Test Case '-[OuroMDTests.OutlineTreeTests testHandlesLeadingDeepHeading]' started.
Test Case '-[OuroMDTests.OutlineTreeTests testHandlesLeadingDeepHeading]' passed (0.001 seconds).
Test Case '-[OuroMDTests.OutlineTreeTests testNestsByLevel]' started.
Test Case '-[OuroMDTests.OutlineTreeTests testNestsByLevel]' passed (0.000 seconds).
Test Suite 'OutlineTreeTests' passed at 2026-08-24 12:40:36.017.
	 Executed 2 tests, with 0 failures (0 unexpected) in 0.001 (0.001) seconds
Test Suite 'ReleaseUpdateTests' started at 2026-08-24 12:40:36.017.
Test Case '-[OuroMDTests.ReleaseUpdateTests testCheckerConstructionUsesOuroMDConfiguration]' started.
Test Case '-[OuroMDTests.ReleaseUpdateTests testCheckerConstructionUsesOuroMDConfiguration]' passed (0.000 seconds).
Test Case '-[OuroMDTests.ReleaseUpdateTests testCustomConfigurationFlowsIntoShellConfiguration]' started.
Test Case '-[OuroMDTests.ReleaseUpdateTests testCustomConfigurationFlowsIntoShellConfiguration]' passed (0.000 seconds).
Test Case '-[OuroMDTests.ReleaseUpdateTests testDefaultConfigurationTargetsStableOuroMDGitHubReleases]' started.
Test Case '-[OuroMDTests.ReleaseUpdateTests testDefaultConfigurationTargetsStableOuroMDGitHubReleases]' passed (0.000 seconds).
Test Case '-[OuroMDTests.ReleaseUpdateTests testReleaseDescriptorMatchesCurrentDistribution]' started.
Test Case '-[OuroMDTests.ReleaseUpdateTests testReleaseDescriptorMatchesCurrentDistribution]' passed (0.001 seconds).
Test Suite 'ReleaseUpdateTests' passed at 2026-08-24 12:40:36.020.
	 Executed 4 tests, with 0 failures (0 unexpected) in 0.002 (0.003) seconds
Test Suite 'RoundTripTests' started at 2026-08-24 12:40:36.020.
Test Case '-[OuroMDTests.RoundTripTests testStrictRawRoundTripRequiresBothEditorValuesToMatchOriginalBytes]' started.
Test Case '-[OuroMDTests.RoundTripTests testStrictRawRoundTripRequiresBothEditorValuesToMatchOriginalBytes]' passed (0.000 seconds).
Test Suite 'RoundTripTests' passed at 2026-08-24 12:40:36.021.
	 Executed 1 test, with 0 failures (0 unexpected) in 0.000 (0.001) seconds
Test Suite 'TableLayoutPolicyTests' started at 2026-08-24 12:40:36.021.
Test Case '-[OuroMDTests.TableLayoutPolicyTests testEditorThemeLeftAlignsTablesAndCapsThemAtTheColumn]' started.
Test Case '-[OuroMDTests.TableLayoutPolicyTests testEditorThemeLeftAlignsTablesAndCapsThemAtTheColumn]' passed (0.006 seconds).
Test Case '-[OuroMDTests.TableLayoutPolicyTests testStandaloneThemeLeftAlignsTablesAndCapsThemAtTheColumn]' started.
Test Case '-[OuroMDTests.TableLayoutPolicyTests testStandaloneThemeLeftAlignsTablesAndCapsThemAtTheColumn]' passed (0.001 seconds).
Test Suite 'TableLayoutPolicyTests' passed at 2026-08-24 12:40:36.029.
	 Executed 2 tests, with 0 failures (0 unexpected) in 0.007 (0.007) seconds
Test Suite 'TerminationSaveCoordinatorTests' started at 2026-08-24 12:40:36.029.
Test Case '-[OuroMDTests.TerminationSaveCoordinatorTests testDefaultCancelHandlerIsSafeWhenSaveFails]' started.
Test Case '-[OuroMDTests.TerminationSaveCoordinatorTests testDefaultCancelHandlerIsSafeWhenSaveFails]' passed (0.000 seconds).
Test Case '-[OuroMDTests.TerminationSaveCoordinatorTests testRepliesFalseAndCancelsWhenAnySaveFails]' started.
Test Case '-[OuroMDTests.TerminationSaveCoordinatorTests testRepliesFalseAndCancelsWhenAnySaveFails]' passed (0.000 seconds).
Test Case '-[OuroMDTests.TerminationSaveCoordinatorTests testRepliesTrueImmediatelyWhenNothingIsDirty]' started.
Test Case '-[OuroMDTests.TerminationSaveCoordinatorTests testRepliesTrueImmediatelyWhenNothingIsDirty]' passed (0.000 seconds).
Test Case '-[OuroMDTests.TerminationSaveCoordinatorTests testRepliesTrueOnlyAfterAllSavesSucceed]' started.
Test Case '-[OuroMDTests.TerminationSaveCoordinatorTests testRepliesTrueOnlyAfterAllSavesSucceed]' passed (0.000 seconds).
Test Case '-[OuroMDTests.TerminationSaveCoordinatorTests testSaveFailureCancelsPendingManualUpdateBeforeQuitReply]' started.
Test Case '-[OuroMDTests.TerminationSaveCoordinatorTests testSaveFailureCancelsPendingManualUpdateBeforeQuitReply]' passed (0.001 seconds).
Test Case '-[OuroMDTests.TerminationSaveCoordinatorTests testTimeoutCancelsInsteadOfForcingQuit]' started.
Test Case '-[OuroMDTests.TerminationSaveCoordinatorTests testTimeoutCancelsInsteadOfForcingQuit]' passed (0.012 seconds).
Test Suite 'TerminationSaveCoordinatorTests' passed at 2026-08-24 12:40:36.044.
	 Executed 6 tests, with 0 failures (0 unexpected) in 0.015 (0.016) seconds
Test Suite 'ThemeAccessibilityTests' started at 2026-08-24 12:40:36.044.
Test Case '-[OuroMDTests.ThemeAccessibilityTests testBuiltInThemesMeetContrastForDocumentTextLinksAndSecondaryText]' started.
Test Case '-[OuroMDTests.ThemeAccessibilityTests testBuiltInThemesMeetContrastForDocumentTextLinksAndSecondaryText]' passed (0.001 seconds).
Test Case '-[OuroMDTests.ThemeAccessibilityTests testEditorThemesApplyAccessibleAccentToInlineAndReferenceLinks]' started.
Test Case '-[OuroMDTests.ThemeAccessibilityTests testEditorThemesApplyAccessibleAccentToInlineAndReferenceLinks]' passed (0.002 seconds).
Test Case '-[OuroMDTests.ThemeAccessibilityTests testEditorThemesRespectReducedMotionForFocusMode]' started.
Test Case '-[OuroMDTests.ThemeAccessibilityTests testEditorThemesRespectReducedMotionForFocusMode]' passed (0.003 seconds).
Test Suite 'ThemeAccessibilityTests' passed at 2026-08-24 12:40:36.051.
	 Executed 3 tests, with 0 failures (0 unexpected) in 0.006 (0.007) seconds
Test Suite 'UndoRedoRoutingTests' started at 2026-08-24 12:40:36.051.
Test Case '-[OuroMDTests.UndoRedoRoutingTests testClearRecentDocumentsUsesInjectedHandler]' started.
Test Case '-[OuroMDTests.UndoRedoRoutingTests testClearRecentDocumentsUsesInjectedHandler]' passed (0.000 seconds).
Test Case '-[OuroMDTests.UndoRedoRoutingTests testCommandPaletteMenuUsesStandardSearchableActionShortcut]' started.
Test Case '-[OuroMDTests.UndoRedoRoutingTests testCommandPaletteMenuUsesStandardSearchableActionShortcut]' passed (0.002 seconds).
Test Case '-[OuroMDTests.UndoRedoRoutingTests testCommandYRedoUsesEditorFallbackWhenFocusIsInWebEditor]' started.
Test Case '-[OuroMDTests.UndoRedoRoutingTests testCommandYRedoUsesEditorFallbackWhenFocusIsInWebEditor]' passed (0.000 seconds).
Test Case '-[OuroMDTests.UndoRedoRoutingTests testFileMenuSurfacesDocumentTruthCommands]' started.
Test Case '-[OuroMDTests.UndoRedoRoutingTests testFileMenuSurfacesDocumentTruthCommands]' passed (0.002 seconds).
Test Case '-[OuroMDTests.UndoRedoRoutingTests testHelpMenuSurfacesKeyboardShortcutsReference]' started.
Test Case '-[OuroMDTests.UndoRedoRoutingTests testHelpMenuSurfacesKeyboardShortcutsReference]' passed (0.001 seconds).
Test Case '-[OuroMDTests.UndoRedoRoutingTests testHelpMenuSurfacesVersionAndUpdateCommands]' started.
Test Case '-[OuroMDTests.UndoRedoRoutingTests testHelpMenuSurfacesVersionAndUpdateCommands]' passed (0.002 seconds).
Test Case '-[OuroMDTests.UndoRedoRoutingTests testMenuValidationChecksRecentItemsAndDefaults]' started.
Test Case '-[OuroMDTests.UndoRedoRoutingTests testMenuValidationChecksRecentItemsAndDefaults]' passed (0.001 seconds).
Test Case '-[OuroMDTests.UndoRedoRoutingTests testMenuValidationDisablesEditorOnlyCommandsWithoutAWindow]' started.
Test Case '-[OuroMDTests.UndoRedoRoutingTests testMenuValidationDisablesEditorOnlyCommandsWithoutAWindow]' passed (0.000 seconds).
Test Case '-[OuroMDTests.UndoRedoRoutingTests testMenuValidationEnablesDocumentTruthCommandsFromCurrentDocumentState]' started.
Test Case '-[OuroMDTests.UndoRedoRoutingTests testMenuValidationEnablesDocumentTruthCommandsFromCurrentDocumentState]' passed (0.642 seconds).
Test Case '-[OuroMDTests.UndoRedoRoutingTests testMenuValidationKeepsGlobalCommandsEnabledWithoutAWindow]' started.
Test Case '-[OuroMDTests.UndoRedoRoutingTests testMenuValidationKeepsGlobalCommandsEnabledWithoutAWindow]' passed (0.000 seconds).
Test Case '-[OuroMDTests.UndoRedoRoutingTests testRecentMenuDelegateShowsEmptyStateFromInjectedProvider]' started.
Test Case '-[OuroMDTests.UndoRedoRoutingTests testRecentMenuDelegateShowsEmptyStateFromInjectedProvider]' passed (0.000 seconds).
Test Case '-[OuroMDTests.UndoRedoRoutingTests testRecentMenuDelegateUsesInjectedRecentProvider]' started.
Test Case '-[OuroMDTests.UndoRedoRoutingTests testRecentMenuDelegateUsesInjectedRecentProvider]' passed (0.000 seconds).
Test Case '-[OuroMDTests.UndoRedoRoutingTests testRedoDoesNotFallThroughWhenNativeTextViewHasEmptyStack]' started.
Test Case '-[OuroMDTests.UndoRedoRoutingTests testRedoDoesNotFallThroughWhenNativeTextViewHasEmptyStack]' passed (0.000 seconds).
Test Case '-[OuroMDTests.UndoRedoRoutingTests testShortcutMonitorHandlesNSApplicationSendEventBeforeMenuDispatch]' started.
Test Case '-[OuroMDTests.UndoRedoRoutingTests testShortcutMonitorHandlesNSApplicationSendEventBeforeMenuDispatch]' passed (0.059 seconds).
Test Case '-[OuroMDTests.UndoRedoRoutingTests testShortcutParserRecognizesMacUndoRedoKeystrokes]' started.
Test Case '-[OuroMDTests.UndoRedoRoutingTests testShortcutParserRecognizesMacUndoRedoKeystrokes]' passed (0.000 seconds).
Test Case '-[OuroMDTests.UndoRedoRoutingTests testShortcutParserRejectsModifiedNonUndoRedoKeystrokes]' started.
Test Case '-[OuroMDTests.UndoRedoRoutingTests testShortcutParserRejectsModifiedNonUndoRedoKeystrokes]' passed (0.001 seconds).
Test Case '-[OuroMDTests.UndoRedoRoutingTests testUndoAndRedoFallBackForTextViewsInsideWebView]' started.
Test Case '-[OuroMDTests.UndoRedoRoutingTests testUndoAndRedoFallBackForTextViewsInsideWebView]' passed (0.048 seconds).
Test Case '-[OuroMDTests.UndoRedoRoutingTests testUndoAndRedoFallBackWhenResponderIsNotNativeTextView]' started.
Test Case '-[OuroMDTests.UndoRedoRoutingTests testUndoAndRedoFallBackWhenResponderIsNotNativeTextView]' passed (0.001 seconds).
Test Case '-[OuroMDTests.UndoRedoRoutingTests testUndoAndRedoMenuItemsTargetNativeAppDelegateSelectors]' started.
Test Case '-[OuroMDTests.UndoRedoRoutingTests testUndoAndRedoMenuItemsTargetNativeAppDelegateSelectors]' passed (0.003 seconds).
Test Case '-[OuroMDTests.UndoRedoRoutingTests testUndoAndRedoUseNativeTextViewManagerWhenAvailable]' started.
Test Case '-[OuroMDTests.UndoRedoRoutingTests testUndoAndRedoUseNativeTextViewManagerWhenAvailable]' passed (0.001 seconds).
Test Case '-[OuroMDTests.UndoRedoRoutingTests testUndoDoesNotFallThroughWhenNativeTextViewHasEmptyStack]' started.
Test Case '-[OuroMDTests.UndoRedoRoutingTests testUndoDoesNotFallThroughWhenNativeTextViewHasEmptyStack]' passed (0.000 seconds).
Test Case '-[OuroMDTests.UndoRedoRoutingTests testViewSearchMenuTargetsSidebarSearch]' started.
Test Case '-[OuroMDTests.UndoRedoRoutingTests testViewSearchMenuTargetsSidebarSearch]' passed (0.003 seconds).
Test Suite 'UndoRedoRoutingTests' passed at 2026-08-24 12:40:36.823.
	 Executed 22 tests, with 0 failures (0 unexpected) in 0.769 (0.772) seconds
Test Suite 'ouro-mdPackageTests.xctest' passed at 2026-08-24 12:40:36.823.
	 Executed 332 tests, with 0 failures (0 unexpected) in 52.563 (52.628) seconds
Test Suite 'All tests' passed at 2026-08-24 12:40:36.823.
	 Executed 332 tests, with 0 failures (0 unexpected) in 52.563 (52.631) seconds
◇ Test run started.
↳ Testing Library Version: 1902
↳ Target Platform: arm64e-apple-macos14.0
✔ Test run with 0 tests in 0 suites passed after 0.001 seconds.

==> slowest XCTest cases (top 15)
  6.640s  passed  -[OuroMDTests.FolderBrowserTests testLargeWorkspaceBudgetSkipsOversizedHiddenAndSymlinkedFiles]
  1.791s  passed  -[OuroMDTests.AppDelegateWindowRoutingTests testApplicationOpenReusesCleanUntitledFrontWindowThenOpensNewWindows]
  1.762s  passed  -[OuroMDTests.AppModelReloadTests testOwnSaveDoesNotSelfReload]
  1.733s  passed  -[OuroMDTests.AppModelDeletionTests testTransientAtomicSaveGapIsNotFlaggedAsDeleted]
  1.624s  passed  -[OuroMDTests.AppModelDeletionTests testRecreatedFileClearsDeletedMarker]
  1.591s  passed  -[OuroMDTests.ContentSearcherTests testSearchCanBeCancelledBeforeCompletion]
  1.467s  passed  -[OuroMDAppSupportTests.DocumentTruthTests testRealGitClassifiesNestedTrackedModifiedFile]
  1.124s  passed  -[OuroMDTests.OuroMDAppStorePackageReadinessTests testPackageReadinessWritesStructuredNonSecretArtifact]
  1.075s  passed  -[OuroMDTests.OuroMDAppStorePackageReadinessTests testReadinessSecretScanRedactsCredentialShapedFilenames]
  0.987s  passed  -[OuroMDTests.AppDelegateWindowRoutingTests testSaveAndRenameCommandsTargetKeyWindowOnly]
  0.943s  passed  -[OuroMDTests.AppModelReloadTests testSaveAsDirtyDocumentWritesEditorBuffer]
  0.892s  passed  -[OuroMDTests.FileWatcherLiveReloadTests testWatcherReflectsRapidAtomicReplaces]
  0.868s  passed  -[OuroMDTests.AppModelDeletionTests testDeletedFileSurfacesAsDeletedNotAsUnsavedEdit]
  0.800s  passed  -[OuroMDTests.OuroMDUpdateInstallerTests testApplyScriptRunsInTemporaryDirectoryWithoutNestingUpdatedApp]
  0.793s  passed  -[OuroMDTests.OuroMDAppStorePackageReadinessTests testReadinessDoesNotEchoSecretShapedArtifactPath]
==> exporting coverage summary

   file                                         lines    regions (branch)
-------------------------------------------------------------------------
   CommandPaletteCatalog.swift          106/106   100%      17/17    100%
   DocumentLink.swift                    61/61    100%      36/36    100%
   DocumentTruth.swift                  170/170   100%      82/82    100%
   HTMLDocument.swift                    37/37    100%      11/11    100%
   HeadingAnchor.swift                   31/31    100%      21/21    100%
   MarkdownTidy.swift                    87/87    100%      59/59    100%
-------------------------------------------------------------------------

PASS: pure Ouro MD support targets are 100% line + region (branch-equivalent) covered.
