linktest script completed: ok   OK ✓
IR resolved reference nodes rendered: 10   OK ✓
IR unresolved reference stays source text: 1   OK ✓
IR focused reference markers hidden: 1   OK ✓
IR reference has link affordance: 1   OK ✓
external reference opens on Command-mousedown: opened=["https://example.com/external", "other.md#target-heading", "https://example.com/collapsed", "https://example.com/shortcut", "https://example.com/normalized", "https://example.com/ascii-space", "https://example.com/nbsp"]   OK ✓
local reference opens in app: opened=["https://example.com/external", "other.md#target-heading", "https://example.com/collapsed", "https://example.com/shortcut", "https://example.com/normalized", "https://example.com/ascii-space", "https://example.com/nbsp"]   OK ✓
collapsed reference resolves: opened=["https://example.com/external", "other.md#target-heading", "https://example.com/collapsed", "https://example.com/shortcut", "https://example.com/normalized", "https://example.com/ascii-space", "https://example.com/nbsp"]   OK ✓
shortcut reference resolves: opened=["https://example.com/external", "other.md#target-heading", "https://example.com/collapsed", "https://example.com/shortcut", "https://example.com/normalized", "https://example.com/ascii-space", "https://example.com/nbsp"]   OK ✓
normalized label resolves: opened=["https://example.com/external", "other.md#target-heading", "https://example.com/collapsed", "https://example.com/shortcut", "https://example.com/normalized", "https://example.com/ascii-space", "https://example.com/nbsp"]   OK ✓
ASCII-space label resolves: opened=["https://example.com/external", "other.md#target-heading", "https://example.com/collapsed", "https://example.com/shortcut", "https://example.com/normalized", "https://example.com/ascii-space", "https://example.com/nbsp"]   OK ✓
NBSP label remains distinct: opened=["https://example.com/external", "other.md#target-heading", "https://example.com/collapsed", "https://example.com/shortcut", "https://example.com/normalized", "https://example.com/ascii-space", "https://example.com/nbsp"]   OK ✓
IR fragment scrolls: 1   OK ✓
IR linked heading uses semantic slug: 1   OK ✓
SV source remains literal: 1   OK ✓
SV preview resolves reference: 1   OK ✓
SV fragment scrolls: 1   OK ✓
fragment navigation keeps editor URL stable: 1   OK ✓
IR app export uses shared heading IDs: 1   OK ✓
SV app export uses shared heading IDs: 1   OK ✓
app export preserves non-heading IDs: 1   OK ✓
JavaScript heading slugger matches shared contract: 1   OK ✓
HTML heading scanner preserves raw text and quoted attributes: 1   OK ✓
