==> visual QA: fallback-quartz
page horizontal overflow: 0.0px ✓
headings: 2, long: 1, escaped: 0 ✓
images: 1, unloaded: 0, escaped: 0 ✓
nested list items: 3 ✓
callouts: 2 ✓
tables: 2, escaped: 0, collapsed cells: 0, imbalanced: 0 ✓
visual QA ok: fallback-quartz
==> visual QA: dogfood-quartz
page horizontal overflow: 0.0px ✓
headings: 2, long: 1, escaped: 0 ✓
images: 1, unloaded: 0, escaped: 0 ✓
nested list items: 5 ✓
callouts: 2 ✓
tables: 2, escaped: 0, collapsed cells: 0, imbalanced: 0 ✓
visual QA ok: dogfood-quartz
==> visual QA: dogfood-graphite
page horizontal overflow: 0.0px ✓
headings: 2, long: 1, escaped: 0 ✓
images: 1, unloaded: 0, escaped: 0 ✓
nested list items: 5 ✓
callouts: 2 ✓
tables: 2, escaped: 0, collapsed cells: 0, imbalanced: 0 ✓
visual QA ok: dogfood-graphite
visual QA ok
