[0/1] Planning build
Building for debugging...
[0/6] Write swift-version--58304C5D6DBC2206.txt
[2/84] Compiling OuroAppShellCore ShellBoundary.swift
[3/84] Compiling OuroMDCore MarkdownTidy.swift
[4/84] Emitting module OuroMDCore
[5/84] Compiling OuroMDCore OuroMDRelease.swift
[6/84] Compiling OuroMDCore HTMLDocument.swift
[7/84] Emitting module OuroMDAppSupport
[8/84] Compiling OuroMDAppSupport CommandPaletteCatalog.swift
[9/84] Compiling OuroAppShellCore ReleaseUpdatePolicy.swift
[10/84] Compiling OuroAppShellCore ReleaseVersionIdentity.swift
[11/86] Compiling OuroAppShellCore AppIdentity.swift
[12/86] Compiling OuroAppShellCore AppUpdate.swift
[13/86] Compiling Markdown DoxygenNote.swift
[14/86] Compiling Markdown DoxygenParameter.swift
[15/86] Compiling Markdown DoxygenReturns.swift
[16/86] Compiling Markdown ListItem.swift
[17/86] Compiling Markdown OrderedList.swift
[18/86] Compiling Markdown UnorderedList.swift
[19/86] Compiling Markdown Paragraph.swift
[20/93] Compiling Markdown LazySplitLines.swift
[21/93] Compiling Markdown ParseOptions.swift
[22/93] Compiling Markdown RangeAdjuster.swift
[23/93] Compiling Markdown RangerTracker.swift
[24/93] Compiling Markdown MarkupRewriter.swift
[25/93] Compiling Markdown BasicBlockContainer.swift
[26/93] Compiling Markdown BasicInlineContainer.swift
[27/93] Compiling Markdown InlineAttributes.swift
[28/93] Compiling Markdown Link.swift
[29/93] Compiling Markdown Strikethrough.swift
[30/93] Compiling Markdown Strong.swift
[31/93] Compiling Markdown CustomInline.swift
[32/93] Compiling Markdown InlineCode.swift
[33/93] Compiling Markdown InlineHTML.swift
[34/93] Compiling OuroAppShellCore ReleaseAssetNamingPolicy.swift
[35/93] Emitting module OuroAppShellCore
[36/93] Compiling OuroAppShellCore ReleaseUpdate.swift
[37/93] Emitting module Markdown
[38/102] Compiling Markdown CodeBlock.swift
[39/102] Compiling Markdown HTMLBlock.swift
[40/102] Compiling Markdown Heading.swift
[41/102] Compiling Markdown ThematicBreak.swift
[42/102] Compiling Markdown Table.swift
[43/102] Compiling Markdown TableBody.swift
[44/102] Compiling Markdown TableCell.swift
[45/102] Compiling Markdown TableCellContainer.swift
[46/102] Compiling Markdown TableHead.swift
[47/102] Compiling Markdown TableRow.swift
[48/102] Compiling Markdown Replacement.swift
[49/102] Compiling Markdown SourceLocation.swift
[50/102] Compiling Markdown Emphasis.swift
[51/102] Compiling Markdown Image.swift
[52/102] Compiling Markdown PlainTextConvertibleMarkup.swift
[53/102] Compiling Markdown RawMarkup.swift
[54/102] Compiling Markdown BlockDirective.swift
[55/102] Compiling Markdown BlockQuote.swift
[56/102] Compiling Markdown CustomBlock.swift
[57/102] Compiling Markdown DoxygenAbstract.swift
[58/102] Compiling Markdown DoxygenDiscussion.swift
[59/102] Compiling Markdown ChildIndexPath.swift
[60/102] Compiling Markdown DirectiveArgument.swift
[61/102] Compiling Markdown Document.swift
[62/102] Compiling Markdown LiteralMarkup.swift
[63/102] Compiling Markdown Markup.swift
[64/102] Compiling Markdown MarkupChildren.swift
[65/102] Compiling Markdown MarkupData.swift
[66/102] Emitting module OuroMDAppSupportTests
[67/102] Compiling OuroMDAppSupportTests CommandPaletteCatalogTests.swift
[68/102] Compiling OuroAppShellUI UpdateInstalledConfirmationView.swift
[69/102] Compiling OuroAppShellUI ReleaseUpdateViewState.swift
[70/102] Compiling OuroAppShellUI AppShellAboutModel.swift
[71/102] Compiling OuroAppShellUI ReleaseUpdateControls.swift
[72/102] Emitting module OuroAppShellUI
[73/102] Compiling OuroAppShellUI AppShellAboutView.swift
[74/102] Compiling OuroAppShellUI AppShellCommandReferenceView.swift
[75/102] Emitting module OuroAppShellContract
[76/102] Compiling OuroAppShellContract OuroAppShellContract.swift
[77/106] Compiling OuroAppShellConsumerTesting OuroAppShellContractAssertions.swift
[78/106] Emitting module OuroAppShellConsumerTesting
[79/106] Compiling Markdown CollectionExtensions.swift
[80/106] Compiling Markdown StringExtensions.swift
[81/106] Compiling Markdown MarkupVisitor.swift
[82/106] Compiling Markdown MarkupWalker.swift
[83/106] Compiling Markdown HTMLFormatter.swift
[84/106] Compiling Markdown MarkupFormatter.swift
[85/106] Compiling Markdown MarkupTreeDumper.swift
[86/106] Compiling Markdown BlockContainer.swift
[87/106] Compiling Markdown BlockMarkup.swift
[88/106] Compiling Markdown InlineContainer.swift
[89/106] Compiling Markdown InlineMarkup.swift
[90/106] Compiling Markdown ListItemContainer.swift
[91/106] Compiling Markdown AtomicCounter.swift
[92/106] Compiling Markdown CharacterExtensions.swift
[93/106] Compiling Markdown LineBreak.swift
[94/106] Compiling Markdown SoftBreak.swift
[95/106] Compiling Markdown SymbolLink.swift
[96/106] Compiling Markdown Text.swift
[97/106] Compiling Markdown Aside.swift
[98/106] Compiling Markdown BlockDirectiveParser.swift
[99/106] Compiling Markdown CommonMarkConverter.swift
[100/106] Emitting module OuroAppShellAppKit
[101/106] Compiling OuroAppShellAppKit AppShellWindowPresenter.swift
[102/159] Compiling OuroMD FolderBrowser.swift
[103/159] Compiling OuroMD FolderDisplay.swift
[104/159] Compiling OuroMD HeadlessHarness.swift
[105/159] Compiling OuroMD LinkTest.swift
[106/159] Compiling OuroMD LiveUpdateTest.swift
[107/159] Compiling OuroMD MarkdownParityTest.swift
[108/164] Compiling OuroMD DocumentWindowController.swift
[109/164] Compiling OuroMD EditorSurfaceTest.swift
[110/164] Compiling OuroMD EditorWebView.swift
[111/164] Compiling OuroMD Export.swift
[112/164] Compiling OuroMD FileWatcher.swift
[113/164] Compiling OuroMD FirstLaunchTest.swift
[114/164] Compiling OuroMD ReleaseUpdate.swift
[115/164] Compiling OuroMD ReloadRenderTest.swift
[116/164] Compiling OuroMD RenderProbe.swift
[117/164] Compiling OuroMD RoundTrip.swift
[118/164] Compiling OuroMD SearchRevealTest.swift
[119/164] Compiling OuroMD SecurityScopedResourceStore.swift
[120/164] Compiling OuroMD CodeWrapTest.swift
[121/164] Compiling OuroMD CommandPaletteCatalogAdapter.swift
[122/164] Compiling OuroMD ContentSearcher.swift
[123/164] Compiling OuroMD ContentView.swift
[124/164] Compiling OuroMD CopyFlavorTest.swift
[125/164] Compiling OuroMD DarkDiagramTest.swift
[126/164] Compiling OuroMD MarkdownRenderer.swift
[127/164] Compiling OuroMD MenuBuilder.swift
[128/164] Compiling OuroMD MermaidClipTest.swift
[129/164] Compiling OuroMD OuroMDDistribution.swift
[130/164] Compiling OuroMD OuroMDShellAdapter.swift
[131/164] Compiling OuroMD OuroMDShellContract.swift
[132/164] Compiling OuroMD OuroMDTelemetry.swift
[133/164] Compiling OuroMD OuroMDUpdate.swift
[134/164] Compiling OuroMD OuroMDUpdateCoordinator.swift
[135/164] Compiling OuroMD OuroMDUpdateInstaller.swift
[136/164] Compiling OuroMD OuroResources.swift
[137/164] Compiling OuroMD PerformanceProbe.swift
[138/164] Compiling OuroMD Welcome.swift
[139/164] Compiling OuroMD WrapGlueProbe.swift
[140/164] Compiling OuroMD WrapTest.swift
[141/164] Compiling OuroMD main.swift
[142/164] Compiling OuroMD resource_bundle_accessor.swift
[143/164] Emitting module OuroMD
[144/164] Compiling OuroMD AccessibilityAuditTest.swift
[145/164] Compiling OuroMD AlertMarkerTest.swift
[146/164] Compiling OuroMD AppDelegate.swift
[147/164] Compiling OuroMD AppInfoView.swift
[148/164] Compiling OuroMD AppModel.swift
[149/164] Compiling OuroMD CLI.swift
[150/164] Compiling OuroMD SelectionBlurTest.swift
[151/164] Compiling OuroMD Sidebar.swift
[152/164] Compiling OuroMD Snapshot.swift
[153/164] Compiling OuroMD TableWrapTest.swift
[154/164] Compiling OuroMD TerminationSaveCoordinator.swift
[155/164] Compiling OuroMD Themes.swift
[156/164] Compiling OuroMD UISurfaceTest.swift
[157/164] Compiling OuroMD UndoRedoCommandRouter.swift
[158/164] Compiling OuroMD UndoTest.swift
[159/164] Compiling OuroMD VisualQATest.swift
[159/164] Write Objects.LinkFileList
[160/164] Linking ouro-md
[161/164] Applying ouro-md
[163/194] Compiling OuroMDTests FileWatcherTests.swift
[164/194] Compiling OuroMDTests FolderBrowserTests.swift
[165/194] Compiling OuroMDTests FolderDisplayTests.swift
[166/194] Compiling OuroMDTests OuroMDPositioningTests.swift
[167/194] Compiling OuroMDTests OuroMDShellContractTests.swift
[168/194] Compiling OuroMDTests OuroMDTelemetryTests.swift
[169/197] Compiling OuroMDTests OuroMDAppStoreScreenshotTests.swift
[170/197] Compiling OuroMDTests OuroMDAppStoreStatusTests.swift
[171/197] Compiling OuroMDTests OuroMDDistributionTests.swift
[172/197] Compiling OuroMDTests HTMLDocumentTests.swift
[173/197] Compiling OuroMDTests MarkdownRendererTests.swift
[174/197] Compiling OuroMDTests MarkdownTidyTests.swift
[175/197] Compiling OuroMDTests OutlineTreeTests.swift
[176/197] Compiling OuroMDTests ReleaseUpdateTests.swift
[177/197] Compiling OuroMDTests TableLayoutPolicyTests.swift
[178/197] Compiling OuroMDTests OuroMDUpdateCoordinatorTests.swift
[179/197] Compiling OuroMDTests OuroMDUpdateInstallerTests.swift
[180/197] Compiling OuroMDTests OuroMDUpdateTests.swift
[181/197] Compiling OuroMDTests CommandPaletteTests.swift
[182/197] Compiling OuroMDTests ContentSearcherTests.swift
[183/197] Compiling OuroMDTests DocumentWindowControllerTests.swift
[184/197] Compiling OuroMDTests EditorWebViewTests.swift
[185/197] Emitting module OuroMDTests
[186/197] Compiling OuroMDTests AppDelegateLaunchTests.swift
[187/197] Compiling OuroMDTests AppDelegateWindowRoutingTests.swift
[188/197] Compiling OuroMDTests AppModelDeletionTests.swift
[189/197] Compiling OuroMDTests AppModelReloadTests.swift
[190/197] Compiling OuroMDTests OuroMDAppStoreApplyPlanTests.swift
[191/197] Compiling OuroMDTests OuroMDAppStorePackageReadinessTests.swift
[192/197] Compiling OuroMDTests OuroMDAppStoreRequestPlanTests.swift
[193/197] Compiling OuroMDTests TerminationSaveCoordinatorTests.swift
[194/197] Compiling OuroMDTests ThemeAccessibilityTests.swift
[195/197] Compiling OuroMDTests UndoRedoRoutingTests.swift
[196/199] Compiling ouro_mdPackageTests runner.swift
[197/199] Emitting module ouro_mdPackageTests
[197/199] Write Objects.LinkFileList
[198/199] Linking ouro-mdPackageTests
Build complete! (9.48s)
Test Suite 'All tests' started at 2026-07-09 03:33:58.073.
Test Suite 'ouro-mdPackageTests.xctest' started at 2026-07-09 03:33:58.074.
Test Suite 'AppDelegateLaunchTests' started at 2026-07-09 03:33:58.074.
Test Case '-[OuroMDTests.AppDelegateLaunchTests testOpensNewDocumentWhenNothingToRestore]' started.
Test Case '-[OuroMDTests.AppDelegateLaunchTests testOpensNewDocumentWhenNothingToRestore]' passed (0.001 seconds).
Test Case '-[OuroMDTests.AppDelegateLaunchTests testRestoresSessionWhenOneExistsAndNoDocumentOpened]' started.
Test Case '-[OuroMDTests.AppDelegateLaunchTests testRestoresSessionWhenOneExistsAndNoDocumentOpened]' passed (0.000 seconds).
Test Case '-[OuroMDTests.AppDelegateLaunchTests testSkipsFallbackWhenADocumentAlreadyOpened]' started.
Test Case '-[OuroMDTests.AppDelegateLaunchTests testSkipsFallbackWhenADocumentAlreadyOpened]' passed (0.000 seconds).
Test Suite 'AppDelegateLaunchTests' passed at 2026-07-09 03:33:58.075.
	 Executed 3 tests, with 0 failures (0 unexpected) in 0.001 (0.001) seconds
Test Suite 'AppDelegateWindowRoutingTests' started at 2026-07-09 03:33:58.075.
Test Case '-[OuroMDTests.AppDelegateWindowRoutingTests testApplicationOpenReusesCleanUntitledFrontWindowThenOpensNewWindows]' started.
Test Case '-[OuroMDTests.AppDelegateWindowRoutingTests testApplicationOpenReusesCleanUntitledFrontWindowThenOpensNewWindows]' passed (0.456 seconds).
Test Case '-[OuroMDTests.AppDelegateWindowRoutingTests testSaveAndRenameCommandsTargetKeyWindowOnly]' started.
Test Case '-[OuroMDTests.AppDelegateWindowRoutingTests testSaveAndRenameCommandsTargetKeyWindowOnly]' passed (0.289 seconds).
Test Case '-[OuroMDTests.AppDelegateWindowRoutingTests testSidebarAndThemeCommandsTargetKeyWindowOnly]' started.
Test Case '-[OuroMDTests.AppDelegateWindowRoutingTests testSidebarAndThemeCommandsTargetKeyWindowOnly]' passed (0.259 seconds).
Test Suite 'AppDelegateWindowRoutingTests' passed at 2026-07-09 03:33:59.079.
	 Executed 3 tests, with 0 failures (0 unexpected) in 1.004 (1.004) seconds
Test Suite 'AppModelDeletionTests' started at 2026-07-09 03:33:59.079.
Test Case '-[OuroMDTests.AppModelDeletionTests testDeletedFileSurfacesAsDeletedNotAsUnsavedEdit]' started.
Test Case '-[OuroMDTests.AppModelDeletionTests testDeletedFileSurfacesAsDeletedNotAsUnsavedEdit]' passed (0.867 seconds).
Test Case '-[OuroMDTests.AppModelDeletionTests testRecreatedFileClearsDeletedMarker]' started.
Test Case '-[OuroMDTests.AppModelDeletionTests testRecreatedFileClearsDeletedMarker]' passed (1.336 seconds).
Test Case '-[OuroMDTests.AppModelDeletionTests testTransientAtomicSaveGapIsNotFlaggedAsDeleted]' started.
Test Case '-[OuroMDTests.AppModelDeletionTests testTransientAtomicSaveGapIsNotFlaggedAsDeleted]' passed (1.544 seconds).
Test Suite 'AppModelDeletionTests' passed at 2026-07-09 03:34:02.827.
	 Executed 3 tests, with 0 failures (0 unexpected) in 3.747 (3.748) seconds
Test Suite 'AppModelReloadTests' started at 2026-07-09 03:34:02.827.
Test Case '-[OuroMDTests.AppModelReloadTests testAppearanceSelectionRemembersLightThemeAcrossModelRecreation]' started.
Test Case '-[OuroMDTests.AppModelReloadTests testAppearanceSelectionRemembersLightThemeAcrossModelRecreation]' passed (0.002 seconds).
Test Case '-[OuroMDTests.AppModelReloadTests testCleanPerformSaveCompletesWithoutRoundTripThroughEditor]' started.
Test Case '-[OuroMDTests.AppModelReloadTests testCleanPerformSaveCompletesWithoutRoundTripThroughEditor]' passed (0.134 seconds).
Test Case '-[OuroMDTests.AppModelReloadTests testCleanSaveDoesNotRoundTripThroughEditor]' started.
Test Case '-[OuroMDTests.AppModelReloadTests testCleanSaveDoesNotRoundTripThroughEditor]' passed (0.152 seconds).
Test Case '-[OuroMDTests.AppModelReloadTests testDirtyFormattingOnlySaveDoesNotRestoreOriginalBytes]' started.
Test Case '-[OuroMDTests.AppModelReloadTests testDirtyFormattingOnlySaveDoesNotRestoreOriginalBytes]' passed (0.287 seconds).
Test Case '-[OuroMDTests.AppModelReloadTests testEditorCrashRecoveryEmitsCompletionAfterRecoveredContentReachesBridge]' started.
Test Case '-[OuroMDTests.AppModelReloadTests testEditorCrashRecoveryEmitsCompletionAfterRecoveredContentReachesBridge]' passed (0.249 seconds).
Test Case '-[OuroMDTests.AppModelReloadTests testExternalEditBeforeEditorReadyQueuesReloadWithoutFalseCompletion]' started.
Test Case '-[OuroMDTests.AppModelReloadTests testExternalEditBeforeEditorReadyQueuesReloadWithoutFalseCompletion]' passed (0.224 seconds).
Test Case '-[OuroMDTests.AppModelReloadTests testExternalEditTriggersLiveReload]' started.
Test Case '-[OuroMDTests.AppModelReloadTests testExternalEditTriggersLiveReload]' passed (0.425 seconds).
Test Case '-[OuroMDTests.AppModelReloadTests testFailedDirtySaveAsRestoresPreviousURL]' started.
Test Case '-[OuroMDTests.AppModelReloadTests testFailedDirtySaveAsRestoresPreviousURL]' passed (0.294 seconds).
Test Case '-[OuroMDTests.AppModelReloadTests testFailedSaveAsRestoresPreviousURL]' started.
Test Case '-[OuroMDTests.AppModelReloadTests testFailedSaveAsRestoresPreviousURL]' passed (0.292 seconds).
Test Case '-[OuroMDTests.AppModelReloadTests testInitialUnreadableFileShowsErrorAndLoadsWelcome]' started.
Test Case '-[OuroMDTests.AppModelReloadTests testInitialUnreadableFileShowsErrorAndLoadsWelcome]' passed (0.109 seconds).
Test Case '-[OuroMDTests.AppModelReloadTests testInvalidFolderRegexSetsVisibleSearchError]' started.
Test Case '-[OuroMDTests.AppModelReloadTests testInvalidFolderRegexSetsVisibleSearchError]' passed (0.014 seconds).
Test Case '-[OuroMDTests.AppModelReloadTests testOpenFailureTelemetryIsCoarse]' started.
Test Case '-[OuroMDTests.AppModelReloadTests testOpenFailureTelemetryIsCoarse]' passed (0.018 seconds).
Test Case '-[OuroMDTests.AppModelReloadTests testOwnSaveDoesNotSelfReload]' started.
Test Case '-[OuroMDTests.AppModelReloadTests testOwnSaveDoesNotSelfReload]' passed (1.341 seconds).
Test Case '-[OuroMDTests.AppModelReloadTests testRenameCaseOnlyIsAllowed]' started.
Test Case '-[OuroMDTests.AppModelReloadTests testRenameCaseOnlyIsAllowed]' passed (0.098 seconds).
Test Case '-[OuroMDTests.AppModelReloadTests testRenameMovesFileAndRetargetsModel]' started.
Test Case '-[OuroMDTests.AppModelReloadTests testRenameMovesFileAndRetargetsModel]' passed (0.096 seconds).
Test Case '-[OuroMDTests.AppModelReloadTests testRenameRefusesCollision]' started.
Test Case '-[OuroMDTests.AppModelReloadTests testRenameRefusesCollision]' passed (0.116 seconds).
Test Case '-[OuroMDTests.AppModelReloadTests testRenameWithoutExtensionKeepsOriginal]' started.
Test Case '-[OuroMDTests.AppModelReloadTests testRenameWithoutExtensionKeepsOriginal]' passed (0.069 seconds).
Test Case '-[OuroMDTests.AppModelReloadTests testSaveAsCleanDocumentWritesNewDestination]' started.
Test Case '-[OuroMDTests.AppModelReloadTests testSaveAsCleanDocumentWritesNewDestination]' passed (0.533 seconds).
Test Case '-[OuroMDTests.AppModelReloadTests testSaveAsCleanNonUTF8DocumentCopiesOriginalBytes]' started.
Test Case '-[OuroMDTests.AppModelReloadTests testSaveAsCleanNonUTF8DocumentCopiesOriginalBytes]' passed (0.379 seconds).
Test Case '-[OuroMDTests.AppModelReloadTests testSaveAsDirtyDocumentWritesEditorBuffer]' started.
Test Case '-[OuroMDTests.AppModelReloadTests testSaveAsDirtyDocumentWritesEditorBuffer]' passed (0.701 seconds).
Test Case '-[OuroMDTests.AppModelReloadTests testSaveBeforeEditorReadyDoesNotEmptyFile]' started.
Test Case '-[OuroMDTests.AppModelReloadTests testSaveBeforeEditorReadyDoesNotEmptyFile]' passed (0.334 seconds).
Test Case '-[OuroMDTests.AppModelReloadTests testSaveWhenEditorValueUnavailableEmitsCoarseTelemetry]' started.
Test Case '-[OuroMDTests.AppModelReloadTests testSaveWhenEditorValueUnavailableEmitsCoarseTelemetry]' passed (0.293 seconds).
Test Case '-[OuroMDTests.AppModelReloadTests testSaveWithoutBridgeEmitsCoarseTelemetry]' started.
Test Case '-[OuroMDTests.AppModelReloadTests testSaveWithoutBridgeEmitsCoarseTelemetry]' passed (0.335 seconds).
Test Case '-[OuroMDTests.AppModelReloadTests testSearchSnippetClickRevealsCurrentFileMatch]' started.
Test Case '-[OuroMDTests.AppModelReloadTests testSearchSnippetClickRevealsCurrentFileMatch]' passed (0.277 seconds).
Test Case '-[OuroMDTests.AppModelReloadTests testSearchSnippetRevealUsesTrimmedQueryForPaddedFolderSearch]' started.
Test Case '-[OuroMDTests.AppModelReloadTests testSearchSnippetRevealUsesTrimmedQueryForPaddedFolderSearch]' passed (0.308 seconds).
Test Suite 'AppModelReloadTests' passed at 2026-07-09 03:34:09.911.
	 Executed 25 tests, with 0 failures (0 unexpected) in 7.081 (7.084) seconds
Test Suite 'CommandPaletteCatalogTests' started at 2026-07-09 03:34:09.911.
Test Case '-[OuroMDAppSupportTests.CommandPaletteCatalogTests testCatalogCarriesShortcutMetadataForPowerUserDiscovery]' started.
Test Case '-[OuroMDAppSupportTests.CommandPaletteCatalogTests testCatalogCarriesShortcutMetadataForPowerUserDiscovery]' passed (0.001 seconds).
Test Case '-[OuroMDAppSupportTests.CommandPaletteCatalogTests testCatalogFiltersByMultipleTermsShortcutAliasesAndLimits]' started.
Test Case '-[OuroMDAppSupportTests.CommandPaletteCatalogTests testCatalogFiltersByMultipleTermsShortcutAliasesAndLimits]' passed (0.004 seconds).
Test Case '-[OuroMDAppSupportTests.CommandPaletteCatalogTests testCatalogHonorsResultLimit]' started.
Test Case '-[OuroMDAppSupportTests.CommandPaletteCatalogTests testCatalogHonorsResultLimit]' passed (0.000 seconds).
Test Case '-[OuroMDAppSupportTests.CommandPaletteCatalogTests testCatalogIncludesThemeCommandsFromDescriptors]' started.
Test Case '-[OuroMDAppSupportTests.CommandPaletteCatalogTests testCatalogIncludesThemeCommandsFromDescriptors]' passed (0.000 seconds).
Test Suite 'CommandPaletteCatalogTests' passed at 2026-07-09 03:34:09.917.
	 Executed 4 tests, with 0 failures (0 unexpected) in 0.005 (0.006) seconds
Test Suite 'CommandPaletteTests' started at 2026-07-09 03:34:09.917.
Test Case '-[OuroMDTests.CommandPaletteTests testCatalogCarriesShortcutMetadataForPowerUserDiscovery]' started.
Test Case '-[OuroMDTests.CommandPaletteTests testCatalogCarriesShortcutMetadataForPowerUserDiscovery]' passed (0.000 seconds).
Test Case '-[OuroMDTests.CommandPaletteTests testCatalogFiltersByMultipleTermsAndLimitsDefaultSuggestions]' started.
Test Case '-[OuroMDTests.CommandPaletteTests testCatalogFiltersByMultipleTermsAndLimitsDefaultSuggestions]' passed (0.004 seconds).
Test Case '-[OuroMDTests.CommandPaletteTests testCatalogIncludesEditorMenuCommandsWithoutShortcuts]' started.
Test Case '-[OuroMDTests.CommandPaletteTests testCatalogIncludesEditorMenuCommandsWithoutShortcuts]' passed (0.000 seconds).
Test Case '-[OuroMDTests.CommandPaletteTests testPaletteDispatchesFormatModeSidebarAndThemeActions]' started.
Test Case '-[OuroMDTests.CommandPaletteTests testPaletteDispatchesFormatModeSidebarAndThemeActions]' passed (0.001 seconds).
Test Case '-[OuroMDTests.CommandPaletteTests testPaletteVisibilityAndFindCommandsResetQuery]' started.
Test Case '-[OuroMDTests.CommandPaletteTests testPaletteVisibilityAndFindCommandsResetQuery]' passed (0.000 seconds).
Test Suite 'CommandPaletteTests' passed at 2026-07-09 03:34:09.923.
	 Executed 5 tests, with 0 failures (0 unexpected) in 0.005 (0.006) seconds
Test Suite 'ContentSearcherTests' started at 2026-07-09 03:34:09.923.
Test Case '-[OuroMDTests.ContentSearcherTests testAppModelPublishesSearchCancelAndFormatsSkippedFileUXState]' started.
Test Case '-[OuroMDTests.ContentSearcherTests testAppModelPublishesSearchCancelAndFormatsSkippedFileUXState]' passed (0.114 seconds).
Test Case '-[OuroMDTests.ContentSearcherTests testBinaryAndUnreadableMarkdownFilesAreSkippedWithoutLeakingPaths]' started.
Test Case '-[OuroMDTests.ContentSearcherTests testBinaryAndUnreadableMarkdownFilesAreSkippedWithoutLeakingPaths]' passed (0.252 seconds).
Test Case '-[OuroMDTests.ContentSearcherTests testCaseSensitiveOption]' started.
Test Case '-[OuroMDTests.ContentSearcherTests testCaseSensitiveOption]' passed (0.139 seconds).
Test Case '-[OuroMDTests.ContentSearcherTests testInvalidRegularExpressionReportsValidationError]' started.
Test Case '-[OuroMDTests.ContentSearcherTests testInvalidRegularExpressionReportsValidationError]' passed (0.139 seconds).
Test Case '-[OuroMDTests.ContentSearcherTests testMatchOrdinalCountsEarlierOccurrencesOnSameLine]' started.
Test Case '-[OuroMDTests.ContentSearcherTests testMatchOrdinalCountsEarlierOccurrencesOnSameLine]' passed (0.052 seconds).
Test Case '-[OuroMDTests.ContentSearcherTests testSearchCanBeCancelledBeforeCompletion]' started.
Test Case '-[OuroMDTests.ContentSearcherTests testSearchCanBeCancelledBeforeCompletion]' passed (0.935 seconds).
Test Case '-[OuroMDTests.ContentSearcherTests testStreamsRankedResultsWithSnippets]' started.
Test Case '-[OuroMDTests.ContentSearcherTests testStreamsRankedResultsWithSnippets]' passed (0.127 seconds).
Test Case '-[OuroMDTests.ContentSearcherTests testTruncatedSnippetKeepsSourceCoordinates]' started.
Test Case '-[OuroMDTests.ContentSearcherTests testTruncatedSnippetKeepsSourceCoordinates]' passed (0.175 seconds).
Test Suite 'ContentSearcherTests' passed at 2026-07-09 03:34:11.857.
	 Executed 8 tests, with 0 failures (0 unexpected) in 1.933 (1.935) seconds
Test Suite 'DocumentWindowControllerTests' started at 2026-07-09 03:34:11.857.
Test Case '-[OuroMDTests.DocumentWindowControllerTests testDocumentChromeAndTitleOpenAcrossSavedRenamedAndDeletedStates]' started.
Test Case '-[OuroMDTests.DocumentWindowControllerTests testDocumentChromeAndTitleOpenAcrossSavedRenamedAndDeletedStates]' passed (0.326 seconds).
Test Case '-[OuroMDTests.DocumentWindowControllerTests testTitleClickDragDecisionKeepsSmallMotionClickable]' started.
Test Case '-[OuroMDTests.DocumentWindowControllerTests testTitleClickDragDecisionKeepsSmallMotionClickable]' passed (0.000 seconds).
Test Case '-[OuroMDTests.DocumentWindowControllerTests testTitleClickDragDecisionTreatsThresholdAsDrag]' started.
Test Case '-[OuroMDTests.DocumentWindowControllerTests testTitleClickDragDecisionTreatsThresholdAsDrag]' passed (0.000 seconds).
Test Case '-[OuroMDTests.DocumentWindowControllerTests testTitleClickRoutesToOpenPanelInsteadOfRename]' started.
Test Case '-[OuroMDTests.DocumentWindowControllerTests testTitleClickRoutesToOpenPanelInsteadOfRename]' passed (0.080 seconds).
Test Suite 'DocumentWindowControllerTests' passed at 2026-07-09 03:34:12.264.
	 Executed 4 tests, with 0 failures (0 unexpected) in 0.406 (0.406) seconds
Test Suite 'EditorWebViewTests' started at 2026-07-09 03:34:12.264.
Test Case '-[OuroMDTests.EditorWebViewTests testEditorDropWebViewAcceptsOnlyOpenableMarkdownFiles]' started.
Test Case '-[OuroMDTests.EditorWebViewTests testEditorDropWebViewAcceptsOnlyOpenableMarkdownFiles]' passed (0.082 seconds).
Test Case '-[OuroMDTests.EditorWebViewTests testInitialThemeBootstrapSeedsDarkThemeBeforeEditorReady]' started.
Test Case '-[OuroMDTests.EditorWebViewTests testInitialThemeBootstrapSeedsDarkThemeBeforeEditorReady]' passed (0.001 seconds).
Test Suite 'EditorWebViewTests' passed at 2026-07-09 03:34:12.347.
	 Executed 2 tests, with 0 failures (0 unexpected) in 0.083 (0.083) seconds
Test Suite 'FileWatcherTests' started at 2026-07-09 03:34:12.347.
Test Case '-[OuroMDTests.FileWatcherTests testDetectsInPlaceWrite]' started.
Test Case '-[OuroMDTests.FileWatcherTests testDetectsInPlaceWrite]' passed (0.767 seconds).
Test Case '-[OuroMDTests.FileWatcherTests testReArmsAcrossAtomicReplace]' started.
Test Case '-[OuroMDTests.FileWatcherTests testReArmsAcrossAtomicReplace]' passed (1.038 seconds).
Test Suite 'FileWatcherTests' passed at 2026-07-09 03:34:14.152.
	 Executed 2 tests, with 0 failures (0 unexpected) in 1.805 (1.806) seconds
Test Suite 'FolderBrowserTests' started at 2026-07-09 03:34:14.152.
Test Case '-[OuroMDTests.FolderBrowserTests testDeepTreeReportsTruncationAtDepthCap]' started.
Test Case '-[OuroMDTests.FolderBrowserTests testDeepTreeReportsTruncationAtDepthCap]' passed (0.248 seconds).
Test Case '-[OuroMDTests.FolderBrowserTests testFlatListIncludesOnlyOpenableFiles]' started.
Test Case '-[OuroMDTests.FolderBrowserTests testFlatListIncludesOnlyOpenableFiles]' passed (0.241 seconds).
Test Case '-[OuroMDTests.FolderBrowserTests testFolderSortLabelsAndDateSorts]' started.
Test Case '-[OuroMDTests.FolderBrowserTests testFolderSortLabelsAndDateSorts]' passed (0.248 seconds).
Test Case '-[OuroMDTests.FolderBrowserTests testLargeWorkspaceBudgetSkipsOversizedHiddenAndSymlinkedFiles]' started.
Test Case '-[OuroMDTests.FolderBrowserTests testLargeWorkspaceBudgetSkipsOversizedHiddenAndSymlinkedFiles]' passed (1.861 seconds).
Test Case '-[OuroMDTests.FolderBrowserTests testNameSortIsNatural]' started.
Test Case '-[OuroMDTests.FolderBrowserTests testNameSortIsNatural]' passed (0.314 seconds).
Test Case '-[OuroMDTests.FolderBrowserTests testOpenFolderPopulatesModelAndFilter]' started.
Test Case '-[OuroMDTests.FolderBrowserTests testOpenFolderPopulatesModelAndFilter]' passed (0.784 seconds).
Test Case '-[OuroMDTests.FolderBrowserTests testReadsNonUTF8File]' started.
Test Case '-[OuroMDTests.FolderBrowserTests testReadsNonUTF8File]' passed (0.116 seconds).
Test Case '-[OuroMDTests.FolderBrowserTests testSnapshotOfMissingFolderIsEmpty]' started.
Test Case '-[OuroMDTests.FolderBrowserTests testSnapshotOfMissingFolderIsEmpty]' passed (0.217 seconds).
Test Case '-[OuroMDTests.FolderBrowserTests testSnapshotProvidesTreeAndFlatViewsFromOneAPI]' started.
Test Case '-[OuroMDTests.FolderBrowserTests testSnapshotProvidesTreeAndFlatViewsFromOneAPI]' passed (0.174 seconds).
Test Case '-[OuroMDTests.FolderBrowserTests testSymlinkCycleDoesNotCrashOrRecurse]' started.
Test Case '-[OuroMDTests.FolderBrowserTests testSymlinkCycleDoesNotCrashOrRecurse]' passed (0.239 seconds).
Test Case '-[OuroMDTests.FolderBrowserTests testTreeGroupsDirsFirstAndPrunesEmpties]' started.
Test Case '-[OuroMDTests.FolderBrowserTests testTreeGroupsDirsFirstAndPrunesEmpties]' passed (0.175 seconds).
Test Case '-[OuroMDTests.FolderBrowserTests testUnusualNamesDuplicateBasenamesAndSymlinkedMarkdownAreHandled]' started.
Test Case '-[OuroMDTests.FolderBrowserTests testUnusualNamesDuplicateBasenamesAndSymlinkedMarkdownAreHandled]' passed (0.490 seconds).
Test Suite 'FolderBrowserTests' passed at 2026-07-09 03:34:19.261.
	 Executed 12 tests, with 0 failures (0 unexpected) in 5.107 (5.108) seconds
Test Suite 'FolderDisplayTests' started at 2026-07-09 03:34:19.261.
Test Case '-[OuroMDTests.FolderDisplayTests testDuplicateFileNamesAreDetectedCaseInsensitively]' started.
Test Case '-[OuroMDTests.FolderDisplayTests testDuplicateFileNamesAreDetectedCaseInsensitively]' passed (0.001 seconds).
Test Case '-[OuroMDTests.FolderDisplayTests testRelativePathAndParentHintStayWithinMountedFolder]' started.
Test Case '-[OuroMDTests.FolderDisplayTests testRelativePathAndParentHintStayWithinMountedFolder]' passed (0.000 seconds).
Test Suite 'FolderDisplayTests' passed at 2026-07-09 03:34:19.262.
	 Executed 2 tests, with 0 failures (0 unexpected) in 0.001 (0.001) seconds
Test Suite 'HTMLDocumentTests' started at 2026-07-09 03:34:19.262.
Test Case '-[OuroMDTests.HTMLDocumentTests testEscapeAttrAlsoEscapesDoubleQuotes]' started.
Test Case '-[OuroMDTests.HTMLDocumentTests testEscapeAttrAlsoEscapesDoubleQuotes]' passed (0.000 seconds).
Test Case '-[OuroMDTests.HTMLDocumentTests testEscapeHandlesEveryReservedCharacterAndPassesOthersThrough]' started.
Test Case '-[OuroMDTests.HTMLDocumentTests testEscapeHandlesEveryReservedCharacterAndPassesOthersThrough]' passed (0.000 seconds).
Test Case '-[OuroMDTests.HTMLDocumentTests testWrapProducesCompleteDocumentWithEscapedTitleAndEmbeddedCSS]' started.
Test Case '-[OuroMDTests.HTMLDocumentTests testWrapProducesCompleteDocumentWithEscapedTitleAndEmbeddedCSS]' passed (0.000 seconds).
Test Suite 'HTMLDocumentTests' passed at 2026-07-09 03:34:19.262.
	 Executed 3 tests, with 0 failures (0 unexpected) in 0.001 (0.001) seconds
Test Suite 'MarkdownRendererTests' started at 2026-07-09 03:34:19.262.
Test Case '-[OuroMDTests.MarkdownRendererTests testBlockQuote]' started.
Test Case '-[OuroMDTests.MarkdownRendererTests testBlockQuote]' passed (0.003 seconds).
Test Case '-[OuroMDTests.MarkdownRendererTests testBoldAndItalic]' started.
Test Case '-[OuroMDTests.MarkdownRendererTests testBoldAndItalic]' passed (0.001 seconds).
Test Case '-[OuroMDTests.MarkdownRendererTests testBrokenOrUnknownFootnoteReferencesAreLeftAsText]' started.
Test Case '-[OuroMDTests.MarkdownRendererTests testBrokenOrUnknownFootnoteReferencesAreLeftAsText]' passed (0.001 seconds).
Test Case '-[OuroMDTests.MarkdownRendererTests testCodeOnlyTableCellsAreMarkedForIntrinsicWidth]' started.
Test Case '-[OuroMDTests.MarkdownRendererTests testCodeOnlyTableCellsAreMarkedForIntrinsicWidth]' passed (0.001 seconds).
Test Case '-[OuroMDTests.MarkdownRendererTests testDocumentWrap]' started.
Test Case '-[OuroMDTests.MarkdownRendererTests testDocumentWrap]' passed (0.000 seconds).
Test Case '-[OuroMDTests.MarkdownRendererTests testDuplicateFootnoteDefinitionsDoNotCrash]' started.
Test Case '-[OuroMDTests.MarkdownRendererTests testDuplicateFootnoteDefinitionsDoNotCrash]' passed (0.000 seconds).
Test Case '-[OuroMDTests.MarkdownRendererTests testFencedCodeBlock]' started.
Test Case '-[OuroMDTests.MarkdownRendererTests testFencedCodeBlock]' passed (0.000 seconds).
Test Case '-[OuroMDTests.MarkdownRendererTests testFootnoteContinuationsAreRendered]' started.
Test Case '-[OuroMDTests.MarkdownRendererTests testFootnoteContinuationsAreRendered]' passed (0.000 seconds).
Test Case '-[OuroMDTests.MarkdownRendererTests testFootnoteDefinitionsInsideCodeBlocksRemainCode]' started.
Test Case '-[OuroMDTests.MarkdownRendererTests testFootnoteDefinitionsInsideCodeBlocksRemainCode]' passed (0.000 seconds).
Test Case '-[OuroMDTests.MarkdownRendererTests testFootnoteMultiParagraphContinuationRendersInsideFootnote]' started.
Test Case '-[OuroMDTests.MarkdownRendererTests testFootnoteMultiParagraphContinuationRendersInsideFootnote]' passed (0.000 seconds).
Test Case '-[OuroMDTests.MarkdownRendererTests testFootnoteReferencesInsideFencedCodeAreLeftAlone]' started.
Test Case '-[OuroMDTests.MarkdownRendererTests testFootnoteReferencesInsideFencedCodeAreLeftAlone]' passed (0.000 seconds).
Test Case '-[OuroMDTests.MarkdownRendererTests testFootnoteReferencesInsideIndentedCodeAreLeftAlone]' started.
Test Case '-[OuroMDTests.MarkdownRendererTests testFootnoteReferencesInsideIndentedCodeAreLeftAlone]' passed (0.000 seconds).
Test Case '-[OuroMDTests.MarkdownRendererTests testFootnoteReferencesInsideInlineCodeOrEscapesAreLeftAlone]' started.
Test Case '-[OuroMDTests.MarkdownRendererTests testFootnoteReferencesInsideInlineCodeOrEscapesAreLeftAlone]' passed (0.000 seconds).
Test Case '-[OuroMDTests.MarkdownRendererTests testFootnotesRenderAsBacklinkedSection]' started.
Test Case '-[OuroMDTests.MarkdownRendererTests testFootnotesRenderAsBacklinkedSection]' passed (0.000 seconds).
Test Case '-[OuroMDTests.MarkdownRendererTests testHeading]' started.
Test Case '-[OuroMDTests.MarkdownRendererTests testHeading]' passed (0.000 seconds).
Test Case '-[OuroMDTests.MarkdownRendererTests testHeadingHasSlugID]' started.
Test Case '-[OuroMDTests.MarkdownRendererTests testHeadingHasSlugID]' passed (0.000 seconds).
Test Case '-[OuroMDTests.MarkdownRendererTests testHeadingSlugCollapsesRuns]' started.
Test Case '-[OuroMDTests.MarkdownRendererTests testHeadingSlugCollapsesRuns]' passed (0.000 seconds).
Test Case '-[OuroMDTests.MarkdownRendererTests testHTMLEscaping]' started.
Test Case '-[OuroMDTests.MarkdownRendererTests testHTMLEscaping]' passed (0.000 seconds).
Test Case '-[OuroMDTests.MarkdownRendererTests testImageAlt]' started.
Test Case '-[OuroMDTests.MarkdownRendererTests testImageAlt]' passed (0.000 seconds).
Test Case '-[OuroMDTests.MarkdownRendererTests testImageSourcesAreEscapedOrInlined]' started.
Test Case '-[OuroMDTests.MarkdownRendererTests testImageSourcesAreEscapedOrInlined]' passed (0.090 seconds).
Test Case '-[OuroMDTests.MarkdownRendererTests testInlineCode]' started.
Test Case '-[OuroMDTests.MarkdownRendererTests testInlineCode]' passed (0.000 seconds).
Test Case '-[OuroMDTests.MarkdownRendererTests testLineBreaksAndRawHTMLPassThrough]' started.
Test Case '-[OuroMDTests.MarkdownRendererTests testLineBreaksAndRawHTMLPassThrough]' passed (0.000 seconds).
Test Case '-[OuroMDTests.MarkdownRendererTests testLink]' started.
Test Case '-[OuroMDTests.MarkdownRendererTests testLink]' passed (0.000 seconds).
Test Case '-[OuroMDTests.MarkdownRendererTests testLongFencesCanContainShorterFenceExamples]' started.
Test Case '-[OuroMDTests.MarkdownRendererTests testLongFencesCanContainShorterFenceExamples]' passed (0.000 seconds).
Test Case '-[OuroMDTests.MarkdownRendererTests testOrderedList]' started.
Test Case '-[OuroMDTests.MarkdownRendererTests testOrderedList]' passed (0.000 seconds).
Test Case '-[OuroMDTests.MarkdownRendererTests testPathologicalTableCellsRenderAlignmentHTMLURLsAndEmptyCells]' started.
Test Case '-[OuroMDTests.MarkdownRendererTests testPathologicalTableCellsRenderAlignmentHTMLURLsAndEmptyCells]' passed (0.001 seconds).
Test Case '-[OuroMDTests.MarkdownRendererTests testRepeatedFootnoteReferencesUseUniqueAnchorIDs]' started.
Test Case '-[OuroMDTests.MarkdownRendererTests testRepeatedFootnoteReferencesUseUniqueAnchorIDs]' passed (0.000 seconds).
Test Case '-[OuroMDTests.MarkdownRendererTests testShortCellsStayFreeWhileLongAndCodeBearingCellsGetAReadableFloor]' started.
Test Case '-[OuroMDTests.MarkdownRendererTests testShortCellsStayFreeWhileLongAndCodeBearingCellsGetAReadableFloor]' passed (0.000 seconds).
Test Case '-[OuroMDTests.MarkdownRendererTests testStrikethrough]' started.
Test Case '-[OuroMDTests.MarkdownRendererTests testStrikethrough]' passed (0.000 seconds).
Test Case '-[OuroMDTests.MarkdownRendererTests testTable]' started.
Test Case '-[OuroMDTests.MarkdownRendererTests testTable]' passed (0.000 seconds).
Test Case '-[OuroMDTests.MarkdownRendererTests testTaskList]' started.
Test Case '-[OuroMDTests.MarkdownRendererTests testTaskList]' passed (0.000 seconds).
Test Case '-[OuroMDTests.MarkdownRendererTests testThematicBreak]' started.
Test Case '-[OuroMDTests.MarkdownRendererTests testThematicBreak]' passed (0.000 seconds).
Test Case '-[OuroMDTests.MarkdownRendererTests testThemeStore]' started.
Test Case '-[OuroMDTests.MarkdownRendererTests testThemeStore]' passed (0.000 seconds).
Test Case '-[OuroMDTests.MarkdownRendererTests testUnorderedList]' started.
Test Case '-[OuroMDTests.MarkdownRendererTests testUnorderedList]' passed (0.000 seconds).
Test Suite 'MarkdownRendererTests' passed at 2026-07-09 03:34:19.366.
	 Executed 34 tests, with 0 failures (0 unexpected) in 0.102 (0.104) seconds
Test Suite 'MarkdownTidyTests' started at 2026-07-09 03:34:19.366.
Test Case '-[OuroMDTests.MarkdownTidyTests testCollapsesConsecutiveBlankLines]' started.
Test Case '-[OuroMDTests.MarkdownTidyTests testCollapsesConsecutiveBlankLines]' passed (0.000 seconds).
Test Case '-[OuroMDTests.MarkdownTidyTests testDoesNotRewriteNonTableLinesThatMerelyUseSeparatorCharacters]' started.
Test Case '-[OuroMDTests.MarkdownTidyTests testDoesNotRewriteNonTableLinesThatMerelyUseSeparatorCharacters]' passed (0.000 seconds).
Test Case '-[OuroMDTests.MarkdownTidyTests testDoesNotTouchFencedCode]' started.
Test Case '-[OuroMDTests.MarkdownTidyTests testDoesNotTouchFencedCode]' passed (0.000 seconds).
Test Case '-[OuroMDTests.MarkdownTidyTests testDoesNotTouchTildeFencedCode]' started.
Test Case '-[OuroMDTests.MarkdownTidyTests testDoesNotTouchTildeFencedCode]' passed (0.000 seconds).
Test Case '-[OuroMDTests.MarkdownTidyTests testExpandsCompactAndNoSpaceSeparators]' started.
Test Case '-[OuroMDTests.MarkdownTidyTests testExpandsCompactAndNoSpaceSeparators]' passed (0.000 seconds).
Test Case '-[OuroMDTests.MarkdownTidyTests testExpandsTableSeparator]' started.
Test Case '-[OuroMDTests.MarkdownTidyTests testExpandsTableSeparator]' passed (0.000 seconds).
Test Case '-[OuroMDTests.MarkdownTidyTests testFrontMatterClosingFenceAtEndOfDocumentUnchanged]' started.
Test Case '-[OuroMDTests.MarkdownTidyTests testFrontMatterClosingFenceAtEndOfDocumentUnchanged]' passed (0.000 seconds).
Test Case '-[OuroMDTests.MarkdownTidyTests testFrontMatterOnlyNoBodyUnchanged]' started.
Test Case '-[OuroMDTests.MarkdownTidyTests testFrontMatterOnlyNoBodyUnchanged]' passed (0.000 seconds).
Test Case '-[OuroMDTests.MarkdownTidyTests testFrontMatterWithExistingBlankLineUnchanged]' started.
Test Case '-[OuroMDTests.MarkdownTidyTests testFrontMatterWithExistingBlankLineUnchanged]' passed (0.000 seconds).
Test Case '-[OuroMDTests.MarkdownTidyTests testIndentedTableSeparatorKeepsItsIndent]' started.
Test Case '-[OuroMDTests.MarkdownTidyTests testIndentedTableSeparatorKeepsItsIndent]' passed (0.000 seconds).
Test Case '-[OuroMDTests.MarkdownTidyTests testLeavesHorizontalRuleAlone]' started.
Test Case '-[OuroMDTests.MarkdownTidyTests testLeavesHorizontalRuleAlone]' passed (0.000 seconds).
Test Case '-[OuroMDTests.MarkdownTidyTests testMidDocumentTripleDashNotTreatedAsFrontMatter]' started.
Test Case '-[OuroMDTests.MarkdownTidyTests testMidDocumentTripleDashNotTreatedAsFrontMatter]' passed (0.000 seconds).
Test Case '-[OuroMDTests.MarkdownTidyTests testMidDocumentTripleDashWithoutSurroundingBlanksNotTreatedAsFrontMatter]' started.
Test Case '-[OuroMDTests.MarkdownTidyTests testMidDocumentTripleDashWithoutSurroundingBlanksNotTreatedAsFrontMatter]' passed (0.000 seconds).
Test Case '-[OuroMDTests.MarkdownTidyTests testNonTableContentUnchanged]' started.
Test Case '-[OuroMDTests.MarkdownTidyTests testNonTableContentUnchanged]' passed (0.000 seconds).
Test Case '-[OuroMDTests.MarkdownTidyTests testNormalTidyDoesNotConsultOriginalForDirtySave]' started.
Test Case '-[OuroMDTests.MarkdownTidyTests testNormalTidyDoesNotConsultOriginalForDirtySave]' passed (0.000 seconds).
Test Case '-[OuroMDTests.MarkdownTidyTests testPreservesBlankLineAfterClosingFence]' started.
Test Case '-[OuroMDTests.MarkdownTidyTests testPreservesBlankLineAfterClosingFence]' passed (0.000 seconds).
Test Case '-[OuroMDTests.MarkdownTidyTests testPreservesTableAlignment]' started.
Test Case '-[OuroMDTests.MarkdownTidyTests testPreservesTableAlignment]' passed (0.000 seconds).
Test Case '-[OuroMDTests.MarkdownTidyTests testRestoresBlankLineAfterFrontMatter]' started.
Test Case '-[OuroMDTests.MarkdownTidyTests testRestoresBlankLineAfterFrontMatter]' passed (0.000 seconds).
Test Case '-[OuroMDTests.MarkdownTidyTests testRoundTripperReadsExistingInput]' started.
Test Case '-[OuroMDTests.MarkdownTidyTests testRoundTripperReadsExistingInput]' passed (0.262 seconds).
Test Case '-[OuroMDTests.MarkdownTidyTests testRoundTripperRejectsMissingInput]' started.
Test Case '-[OuroMDTests.MarkdownTidyTests testRoundTripperRejectsMissingInput]' passed (0.071 seconds).
Test Case '-[OuroMDTests.MarkdownTidyTests testRoundTripProbePreservesOriginalWhenOnlyKnownEditorNormalizationChanged]' started.
Test Case '-[OuroMDTests.MarkdownTidyTests testRoundTripProbePreservesOriginalWhenOnlyKnownEditorNormalizationChanged]' passed (0.000 seconds).
Test Case '-[OuroMDTests.MarkdownTidyTests testRoundTripProbeReturnsTidiedOutputWhenContentChanged]' started.
Test Case '-[OuroMDTests.MarkdownTidyTests testRoundTripProbeReturnsTidiedOutputWhenContentChanged]' passed (0.000 seconds).
Test Case '-[OuroMDTests.MarkdownTidyTests testSeparatorRequiresBothBoundingPipes]' started.
Test Case '-[OuroMDTests.MarkdownTidyTests testSeparatorRequiresBothBoundingPipes]' passed (0.000 seconds).
Test Case '-[OuroMDTests.MarkdownTidyTests testTidyIsIdempotent]' started.
Test Case '-[OuroMDTests.MarkdownTidyTests testTidyIsIdempotent]' passed (0.000 seconds).
Test Case '-[OuroMDTests.MarkdownTidyTests testUnclosedFrontMatterFenceLeftUnchanged]' started.
Test Case '-[OuroMDTests.MarkdownTidyTests testUnclosedFrontMatterFenceLeftUnchanged]' passed (0.000 seconds).
Test Suite 'MarkdownTidyTests' passed at 2026-07-09 03:34:19.705.
	 Executed 25 tests, with 0 failures (0 unexpected) in 0.337 (0.339) seconds
Test Suite 'OuroMDAppStoreApplyPlanTests' started at 2026-07-09 03:34:19.705.
Test Case '-[OuroMDTests.OuroMDAppStoreApplyPlanTests testApplyExecutorCapturesReviewDetailIdFromFetchResponse]' started.
Test Case '-[OuroMDTests.OuroMDAppStoreApplyPlanTests testApplyExecutorCapturesReviewDetailIdFromFetchResponse]' passed (0.429 seconds).
Test Case '-[OuroMDTests.OuroMDAppStoreApplyPlanTests testApplyExecutorClassifiesRetryableFixtureErrors]' started.
Test Case '-[OuroMDTests.OuroMDAppStoreApplyPlanTests testApplyExecutorClassifiesRetryableFixtureErrors]' passed (0.369 seconds).
Test Case '-[OuroMDTests.OuroMDAppStoreApplyPlanTests testApplyExecutorExecutesFakeTransportAndWritesRedactedArtifacts]' started.
Test Case '-[OuroMDTests.OuroMDAppStoreApplyPlanTests testApplyExecutorExecutesFakeTransportAndWritesRedactedArtifacts]' passed (0.511 seconds).
Test Case '-[OuroMDTests.OuroMDAppStoreApplyPlanTests testApplyExecutorRejectsBlockedDryRunPlans]' started.
Test Case '-[OuroMDTests.OuroMDAppStoreApplyPlanTests testApplyExecutorRejectsBlockedDryRunPlans]' passed (0.411 seconds).
Test Case '-[OuroMDTests.OuroMDAppStoreApplyPlanTests testApplyExecutorRejectsScreenshotBytesChangedAfterDryRun]' started.
Test Case '-[OuroMDTests.OuroMDAppStoreApplyPlanTests testApplyExecutorRejectsScreenshotBytesChangedAfterDryRun]' passed (0.380 seconds).
Test Case '-[OuroMDTests.OuroMDAppStoreApplyPlanTests testApplyExecutorRequiresExplicitApplyMode]' started.
Test Case '-[OuroMDTests.OuroMDAppStoreApplyPlanTests testApplyExecutorRequiresExplicitApplyMode]' passed (0.453 seconds).
Test Case '-[OuroMDTests.OuroMDAppStoreApplyPlanTests testLiveApplyAllowsRetargetedRejectedIdsWhenOwnedByPreflight]' started.
Test Case '-[OuroMDTests.OuroMDAppStoreApplyPlanTests testLiveApplyAllowsRetargetedRejectedIdsWhenOwnedByPreflight]' passed (0.355 seconds).
Test Case '-[OuroMDTests.OuroMDAppStoreApplyPlanTests testLiveApplyRejectsLaterStagesWithoutUnit7cResolvedStateBeforeNetwork]' started.
Test Case '-[OuroMDTests.OuroMDAppStoreApplyPlanTests testLiveApplyRejectsLaterStagesWithoutUnit7cResolvedStateBeforeNetwork]' passed (0.392 seconds).
Test Case '-[OuroMDTests.OuroMDAppStoreApplyPlanTests testLiveApplyRejectsMismatchedUploadedBuildPreflightBeforeNetwork]' started.
Test Case '-[OuroMDTests.OuroMDAppStoreApplyPlanTests testLiveApplyRejectsMismatchedUploadedBuildPreflightBeforeNetwork]' passed (0.433 seconds).
Test Case '-[OuroMDTests.OuroMDAppStoreApplyPlanTests testLiveApplyRejectsStalePersistedStateBeforeNetwork]' started.
Test Case '-[OuroMDTests.OuroMDAppStoreApplyPlanTests testLiveApplyRejectsStalePersistedStateBeforeNetwork]' passed (0.425 seconds).
Test Case '-[OuroMDTests.OuroMDAppStoreApplyPlanTests testLiveApplyRejectsUnownedPersistedStateBeforeNetwork]' started.
Test Case '-[OuroMDTests.OuroMDAppStoreApplyPlanTests testLiveApplyRejectsUnownedPersistedStateBeforeNetwork]' passed (0.353 seconds).
Test Case '-[OuroMDTests.OuroMDAppStoreApplyPlanTests testLiveApplyRequiresStageAndExactStatePreflight]' started.
Test Case '-[OuroMDTests.OuroMDAppStoreApplyPlanTests testLiveApplyRequiresStageAndExactStatePreflight]' passed (0.413 seconds).
Test Case '-[OuroMDTests.OuroMDAppStoreApplyPlanTests testLiveFinalSubmitRequiresOldRejectionThreadReplyHandlingBeforeNetwork]' started.
Test Case '-[OuroMDTests.OuroMDAppStoreApplyPlanTests testLiveFinalSubmitRequiresOldRejectionThreadReplyHandlingBeforeNetwork]' passed (0.384 seconds).
Test Suite 'OuroMDAppStoreApplyPlanTests' passed at 2026-07-09 03:34:25.014.
	 Executed 13 tests, with 0 failures (0 unexpected) in 5.307 (5.309) seconds
Test Suite 'OuroMDAppStorePackageReadinessTests' started at 2026-07-09 03:34:25.014.
Test Case '-[OuroMDTests.OuroMDAppStorePackageReadinessTests testArtifactFlagRequiresReadinessMode]' started.
Test Case '-[OuroMDTests.OuroMDAppStorePackageReadinessTests testArtifactFlagRequiresReadinessMode]' passed (0.103 seconds).
Test Case '-[OuroMDTests.OuroMDAppStorePackageReadinessTests testPackageReadinessWritesStructuredNonSecretArtifact]' started.
Test Case '-[OuroMDTests.OuroMDAppStorePackageReadinessTests testPackageReadinessWritesStructuredNonSecretArtifact]' passed (0.745 seconds).
Test Case '-[OuroMDTests.OuroMDAppStorePackageReadinessTests testReadinessDoesNotEchoSecretShapedArtifactPath]' started.
Test Case '-[OuroMDTests.OuroMDAppStorePackageReadinessTests testReadinessDoesNotEchoSecretShapedArtifactPath]' passed (0.657 seconds).
Test Case '-[OuroMDTests.OuroMDAppStorePackageReadinessTests testReadinessSecretScanRedactsCredentialShapedFilenames]' started.
Test Case '-[OuroMDTests.OuroMDAppStorePackageReadinessTests testReadinessSecretScanRedactsCredentialShapedFilenames]' passed (0.580 seconds).
Test Suite 'OuroMDAppStorePackageReadinessTests' passed at 2026-07-09 03:34:27.099.
	 Executed 4 tests, with 0 failures (0 unexpected) in 2.085 (2.085) seconds
Test Suite 'OuroMDAppStoreRequestPlanTests' started at 2026-07-09 03:34:27.099.
Test Case '-[OuroMDTests.OuroMDAppStoreRequestPlanTests testDryRunPlanBuildsExactTargetVersionRequestGraph]' started.
Test Case '-[OuroMDTests.OuroMDAppStoreRequestPlanTests testDryRunPlanBuildsExactTargetVersionRequestGraph]' passed (0.082 seconds).
Test Case '-[OuroMDTests.OuroMDAppStoreRequestPlanTests testDryRunPlanDoesNotSubmitWhenManifestOnlyHasRemoteScreenshotProof]' started.
Test Case '-[OuroMDTests.OuroMDAppStoreRequestPlanTests testDryRunPlanDoesNotSubmitWhenManifestOnlyHasRemoteScreenshotProof]' passed (0.208 seconds).
Test Case '-[OuroMDTests.OuroMDAppStoreRequestPlanTests testDryRunPlanIncludesMacScreenshotReservationUploadAndCommitSteps]' started.
Test Case '-[OuroMDTests.OuroMDAppStoreRequestPlanTests testDryRunPlanIncludesMacScreenshotReservationUploadAndCommitSteps]' passed (0.142 seconds).
Test Case '-[OuroMDTests.OuroMDAppStoreRequestPlanTests testDryRunPlanIncludesSubmitOnlyAfterRequiredLocalScreenshots]' started.
Test Case '-[OuroMDTests.OuroMDAppStoreRequestPlanTests testDryRunPlanIncludesSubmitOnlyAfterRequiredLocalScreenshots]' passed (0.366 seconds).
Test Case '-[OuroMDTests.OuroMDAppStoreRequestPlanTests testDryRunPlanOutputAndErrorsAreRedacted]' started.
Test Case '-[OuroMDTests.OuroMDAppStoreRequestPlanTests testDryRunPlanOutputAndErrorsAreRedacted]' passed (0.144 seconds).
Test Case '-[OuroMDTests.OuroMDAppStoreRequestPlanTests testDryRunPlanRecordsExistingRejectionThreadStrategyWithoutMutatingStaleSubmission]' started.
Test Case '-[OuroMDTests.OuroMDAppStoreRequestPlanTests testDryRunPlanRecordsExistingRejectionThreadStrategyWithoutMutatingStaleSubmission]' passed (0.091 seconds).
Test Case '-[OuroMDTests.OuroMDAppStoreRequestPlanTests testDryRunPlanRejectsExplicitGeneratedResourceIds]' started.
Test Case '-[OuroMDTests.OuroMDAppStoreRequestPlanTests testDryRunPlanRejectsExplicitGeneratedResourceIds]' passed (0.559 seconds).
Test Case '-[OuroMDTests.OuroMDAppStoreRequestPlanTests testDryRunPlanRejectsMissingReleaseHighlights]' started.
Test Case '-[OuroMDTests.OuroMDAppStoreRequestPlanTests testDryRunPlanRejectsMissingReleaseHighlights]' passed (0.258 seconds).
Test Case '-[OuroMDTests.OuroMDAppStoreRequestPlanTests testDryRunPlanRejectsStaleRejectedIdsForTargetGraph]' started.
Test Case '-[OuroMDTests.OuroMDAppStoreRequestPlanTests testDryRunPlanRejectsStaleRejectedIdsForTargetGraph]' passed (0.139 seconds).
Test Case '-[OuroMDTests.OuroMDAppStoreRequestPlanTests testDryRunPlanRejectsUnexpectedBundleInManifest]' started.
Test Case '-[OuroMDTests.OuroMDAppStoreRequestPlanTests testDryRunPlanRejectsUnexpectedBundleInManifest]' passed (0.242 seconds).
Test Case '-[OuroMDTests.OuroMDAppStoreRequestPlanTests testDryRunPlanRejectsUnknownArguments]' started.
Test Case '-[OuroMDTests.OuroMDAppStoreRequestPlanTests testDryRunPlanRejectsUnknownArguments]' passed (0.124 seconds).
Test Case '-[OuroMDTests.OuroMDAppStoreRequestPlanTests testDryRunPlanReusesExistingAppInfoLocalizationWhenProvided]' started.
Test Case '-[OuroMDTests.OuroMDAppStoreRequestPlanTests testDryRunPlanReusesExistingAppInfoLocalizationWhenProvided]' passed (0.143 seconds).
Test Case '-[OuroMDTests.OuroMDAppStoreRequestPlanTests testDryRunPlanUsesLocalScreenshotInputsAndIgnoresRemoteProofUris]' started.
Test Case '-[OuroMDTests.OuroMDAppStoreRequestPlanTests testDryRunPlanUsesLocalScreenshotInputsAndIgnoresRemoteProofUris]' passed (0.197 seconds).
Test Case '-[OuroMDTests.OuroMDAppStoreRequestPlanTests testDryRunPlanWritesTextArtifactWhenRequested]' started.
Test Case '-[OuroMDTests.OuroMDAppStoreRequestPlanTests testDryRunPlanWritesTextArtifactWhenRequested]' passed (0.160 seconds).
Test Suite 'OuroMDAppStoreRequestPlanTests' passed at 2026-07-09 03:34:29.955.
	 Executed 14 tests, with 0 failures (0 unexpected) in 2.855 (2.857) seconds
Test Suite 'OuroMDAppStoreScreenshotTests' started at 2026-07-09 03:34:29.955.
Test Case '-[OuroMDTests.OuroMDAppStoreScreenshotTests testAppStoreManifestDeclaresFourLocalReviewScreenshots]' started.
Test Case '-[OuroMDTests.OuroMDAppStoreScreenshotTests testAppStoreManifestDeclaresFourLocalReviewScreenshots]' passed (0.108 seconds).
Test Case '-[OuroMDTests.OuroMDAppStoreScreenshotTests testScreenshotCheckerSelftestCoversRemoteOnlyManifest]' started.
Test Case '-[OuroMDTests.OuroMDAppStoreScreenshotTests testScreenshotCheckerSelftestCoversRemoteOnlyManifest]' passed (0.141 seconds).
Test Suite 'OuroMDAppStoreScreenshotTests' passed at 2026-07-09 03:34:30.205.
	 Executed 2 tests, with 0 failures (0 unexpected) in 0.250 (0.250) seconds
Test Suite 'OuroMDAppStoreStatusTests' started at 2026-07-09 03:34:30.205.
Test Case '-[OuroMDTests.OuroMDAppStoreStatusTests testLiveStatusRequiresExplicitVersionIdsOrRejectedAuditFlag]' started.
Test Case '-[OuroMDTests.OuroMDAppStoreStatusTests testLiveStatusRequiresExplicitVersionIdsOrRejectedAuditFlag]' passed (0.112 seconds).
Test Case '-[OuroMDTests.OuroMDAppStoreStatusTests testRejectedAuditDefaultsAreExplicitInJsonAndText]' started.
Test Case '-[OuroMDTests.OuroMDAppStoreStatusTests testRejectedAuditDefaultsAreExplicitInJsonAndText]' passed (0.263 seconds).
Test Case '-[OuroMDTests.OuroMDAppStoreStatusTests testStatusReaderFailsWhenRequiredLiveFieldsAreMissing]' started.
Test Case '-[OuroMDTests.OuroMDAppStoreStatusTests testStatusReaderFailsWhenRequiredLiveFieldsAreMissing]' passed (0.124 seconds).
Test Case '-[OuroMDTests.OuroMDAppStoreStatusTests testStatusReaderMatchesReviewItemByAppStoreVersionRelationship]' started.
Test Case '-[OuroMDTests.OuroMDAppStoreStatusTests testStatusReaderMatchesReviewItemByAppStoreVersionRelationship]' passed (0.084 seconds).
Test Case '-[OuroMDTests.OuroMDAppStoreStatusTests testStatusReaderRedactsMultilinePrivateKeysFromErrors]' started.
Test Case '-[OuroMDTests.OuroMDAppStoreStatusTests testStatusReaderRedactsMultilinePrivateKeysFromErrors]' passed (0.119 seconds).
Test Case '-[OuroMDTests.OuroMDAppStoreStatusTests testStatusReaderRejectsReviewItemWithoutVersionRelationship]' started.
Test Case '-[OuroMDTests.OuroMDAppStoreStatusTests testStatusReaderRejectsReviewItemWithoutVersionRelationship]' passed (0.141 seconds).
Test Case '-[OuroMDTests.OuroMDAppStoreStatusTests testStatusReaderRejectsUnexpectedBundleId]' started.
Test Case '-[OuroMDTests.OuroMDAppStoreStatusTests testStatusReaderRejectsUnexpectedBundleId]' passed (0.138 seconds).
Test Case '-[OuroMDTests.OuroMDAppStoreStatusTests testStatusReaderRejectsUnknownArguments]' started.
Test Case '-[OuroMDTests.OuroMDAppStoreStatusTests testStatusReaderRejectsUnknownArguments]' passed (0.117 seconds).
Test Case '-[OuroMDTests.OuroMDAppStoreStatusTests testStatusReaderRequiresCompleteScreenshotDeliveryState]' started.
Test Case '-[OuroMDTests.OuroMDAppStoreStatusTests testStatusReaderRequiresCompleteScreenshotDeliveryState]' passed (0.103 seconds).
Test Case '-[OuroMDTests.OuroMDAppStoreStatusTests testStatusReaderRequiresDesktopScreenshotSet]' started.
Test Case '-[OuroMDTests.OuroMDAppStoreStatusTests testStatusReaderRequiresDesktopScreenshotSet]' passed (0.105 seconds).
Test Case '-[OuroMDTests.OuroMDAppStoreStatusTests testStatusReaderRequiresScreenshotDeliveryState]' started.
Test Case '-[OuroMDTests.OuroMDAppStoreStatusTests testStatusReaderRequiresScreenshotDeliveryState]' passed (0.100 seconds).
Test Case '-[OuroMDTests.OuroMDAppStoreStatusTests testStatusReaderSelftestNormalizesAndRedactsAppStoreConnectState]' started.
Test Case '-[OuroMDTests.OuroMDAppStoreStatusTests testStatusReaderSelftestNormalizesAndRedactsAppStoreConnectState]' passed (0.145 seconds).
Test Case '-[OuroMDTests.OuroMDAppStoreStatusTests testStatusReaderTextSummaryIsCompactAndRedacted]' started.
Test Case '-[OuroMDTests.OuroMDAppStoreStatusTests testStatusReaderTextSummaryIsCompactAndRedacted]' passed (0.134 seconds).
Test Case '-[OuroMDTests.OuroMDAppStoreStatusTests testStatusReaderWritesJsonArtifactWhenRequested]' started.
Test Case '-[OuroMDTests.OuroMDAppStoreStatusTests testStatusReaderWritesJsonArtifactWhenRequested]' passed (0.199 seconds).
Test Suite 'OuroMDAppStoreStatusTests' passed at 2026-07-09 03:34:32.092.
	 Executed 14 tests, with 0 failures (0 unexpected) in 1.885 (1.887) seconds
Test Suite 'OuroMDDistributionTests' started at 2026-07-09 03:34:32.092.
Test Case '-[OuroMDTests.OuroMDDistributionTests testAppStoreDisablesDirectUpdates]' started.
Test Case '-[OuroMDTests.OuroMDDistributionTests testAppStoreDisablesDirectUpdates]' passed (0.000 seconds).
Test Case '-[OuroMDTests.OuroMDDistributionTests testAppStoreManifestCarriesDistinctReviewMetadata]' started.
Test Case '-[OuroMDTests.OuroMDDistributionTests testAppStoreManifestCarriesDistinctReviewMetadata]' passed (0.001 seconds).
Test Case '-[OuroMDTests.OuroMDDistributionTests testDefaultsToDeveloperIDDirectUpdates]' started.
Test Case '-[OuroMDTests.OuroMDDistributionTests testDefaultsToDeveloperIDDirectUpdates]' passed (0.000 seconds).
Test Case '-[OuroMDTests.OuroMDDistributionTests testLocalBuildsAllowDirectUpdates]' started.
Test Case '-[OuroMDTests.OuroMDDistributionTests testLocalBuildsAllowDirectUpdates]' passed (0.000 seconds).
Test Suite 'OuroMDDistributionTests' passed at 2026-07-09 03:34:32.094.
	 Executed 4 tests, with 0 failures (0 unexpected) in 0.002 (0.002) seconds
Test Suite 'OuroMDPositioningTests' started at 2026-07-09 03:34:32.094.
Test Case '-[OuroMDTests.OuroMDPositioningTests testReleaseHighlightsCarryReviewFacingDifferentiators]' started.
Test Case '-[OuroMDTests.OuroMDPositioningTests testReleaseHighlightsCarryReviewFacingDifferentiators]' passed (0.000 seconds).
Test Case '-[OuroMDTests.OuroMDPositioningTests testReleaseHighlightsDoNotExposeInternalReviewRemediationLanguage]' started.
Test Case '-[OuroMDTests.OuroMDPositioningTests testReleaseHighlightsDoNotExposeInternalReviewRemediationLanguage]' passed (0.000 seconds).
Test Case '-[OuroMDTests.OuroMDPositioningTests testShellAboutSubtitleUsesLocalWorkspacePositioning]' started.
Test Case '-[OuroMDTests.OuroMDPositioningTests testShellAboutSubtitleUsesLocalWorkspacePositioning]' passed (0.003 seconds).
Test Case '-[OuroMDTests.OuroMDPositioningTests testWelcomeCopyExplainsLocalWorkspaceWorkflow]' started.
Test Case '-[OuroMDTests.OuroMDPositioningTests testWelcomeCopyExplainsLocalWorkspaceWorkflow]' passed (0.000 seconds).
Test Case '-[OuroMDTests.OuroMDPositioningTests testWelcomeVisualFixtureMatchesSourceWelcomeCopy]' started.
Test Case '-[OuroMDTests.OuroMDPositioningTests testWelcomeVisualFixtureMatchesSourceWelcomeCopy]' passed (0.000 seconds).
Test Suite 'OuroMDPositioningTests' passed at 2026-07-09 03:34:32.098.
	 Executed 5 tests, with 0 failures (0 unexpected) in 0.004 (0.004) seconds
Test Suite 'OuroMDShellContractTests' started at 2026-07-09 03:34:32.098.
Test Case '-[OuroMDTests.OuroMDShellContractTests testAppStoreShellContractUsesStoreOwnedUpdateSemantics]' started.
Test Case '-[OuroMDTests.OuroMDShellContractTests testAppStoreShellContractUsesStoreOwnedUpdateSemantics]' passed (0.001 seconds).
Test Case '-[OuroMDTests.OuroMDShellContractTests testShellCommandManifestPinsPublicSurfaceSemantics]' started.
Test Case '-[OuroMDTests.OuroMDShellContractTests testShellCommandManifestPinsPublicSurfaceSemantics]' passed (0.001 seconds).
Test Case '-[OuroMDTests.OuroMDShellContractTests testShellContractDocumentsUtilityWindowsAndSettingsEntryPoint]' started.
Test Case '-[OuroMDTests.OuroMDShellContractTests testShellContractDocumentsUtilityWindowsAndSettingsEntryPoint]' passed (0.001 seconds).
Test Case '-[OuroMDTests.OuroMDShellContractTests testShellContractIsValidAndDeclaresSharedSurfaces]' started.
Test Case '-[OuroMDTests.OuroMDShellContractTests testShellContractIsValidAndDeclaresSharedSurfaces]' passed (0.002 seconds).
Test Case '-[OuroMDTests.OuroMDShellContractTests testShellContractMatchesRuntimeIdentityReleaseAndShortcutSurfaces]' started.
Test Case '-[OuroMDTests.OuroMDShellContractTests testShellContractMatchesRuntimeIdentityReleaseAndShortcutSurfaces]' passed (0.002 seconds).
Test Suite 'OuroMDShellContractTests' passed at 2026-07-09 03:34:32.106.
	 Executed 5 tests, with 0 failures (0 unexpected) in 0.007 (0.007) seconds
Test Suite 'OuroMDTelemetryTests' started at 2026-07-09 03:34:32.106.
Test Case '-[OuroMDTests.OuroMDTelemetryTests testCaptureCanUseDefaultClockWithInjectedSender]' started.
Test Case '-[OuroMDTests.OuroMDTelemetryTests testCaptureCanUseDefaultClockWithInjectedSender]' passed (0.005 seconds).
Test Case '-[OuroMDTests.OuroMDTelemetryTests testCaptureReusesExistingDistinctID]' started.
Test Case '-[OuroMDTests.OuroMDTelemetryTests testCaptureReusesExistingDistinctID]' passed (0.003 seconds).
Test Case '-[OuroMDTests.OuroMDTelemetryTests testCaptureSendsAnonymousPostHogPayload]' started.
Test Case '-[OuroMDTests.OuroMDTelemetryTests testCaptureSendsAnonymousPostHogPayload]' passed (0.002 seconds).
Test Case '-[OuroMDTests.OuroMDTelemetryTests testConfigurationIgnoresAmbientPostHogKeyEnvironmentAndSupportsDisableFlag]' started.
Test Case '-[OuroMDTests.OuroMDTelemetryTests testConfigurationIgnoresAmbientPostHogKeyEnvironmentAndSupportsDisableFlag]' passed (0.233 seconds).
Test Case '-[OuroMDTests.OuroMDTelemetryTests testConfigurationIgnoresStoredPostHogDefaults]' started.
Test Case '-[OuroMDTests.OuroMDTelemetryTests testConfigurationIgnoresStoredPostHogDefaults]' passed (0.003 seconds).
Test Case '-[OuroMDTests.OuroMDTelemetryTests testConfigurationLoadsEmbeddedPostHogBundleValues]' started.
Test Case '-[OuroMDTests.OuroMDTelemetryTests testConfigurationLoadsEmbeddedPostHogBundleValues]' passed (0.380 seconds).
Test Case '-[OuroMDTests.OuroMDTelemetryTests testConfigurationRejectsInvalidEmbeddedHost]' started.
Test Case '-[OuroMDTests.OuroMDTelemetryTests testConfigurationRejectsInvalidEmbeddedHost]' passed (0.190 seconds).
Test Case '-[OuroMDTests.OuroMDTelemetryTests testOptOutSuppressesCaptureAndPersists]' started.
Test Case '-[OuroMDTests.OuroMDTelemetryTests testOptOutSuppressesCaptureAndPersists]' passed (0.002 seconds).
Test Case '-[OuroMDTests.OuroMDTelemetryTests testUnconfiguredTelemetryIsDisabled]' started.
Test Case '-[OuroMDTests.OuroMDTelemetryTests testUnconfiguredTelemetryIsDisabled]' passed (0.001 seconds).
Test Suite 'OuroMDTelemetryTests' passed at 2026-07-09 03:34:32.925.
	 Executed 9 tests, with 0 failures (0 unexpected) in 0.819 (0.819) seconds
Test Suite 'OuroMDUpdateCoordinatorTests' started at 2026-07-09 03:34:32.925.
Test Case '-[OuroMDTests.OuroMDUpdateCoordinatorTests testApplyStagedUpdateOnQuitOnlyWhenEnabledAndNotManualInstall]' started.
Test Case '-[OuroMDTests.OuroMDUpdateCoordinatorTests testApplyStagedUpdateOnQuitOnlyWhenEnabledAndNotManualInstall]' passed (0.004 seconds).
Test Case '-[OuroMDTests.OuroMDUpdateCoordinatorTests testAppShellUpdateActionsExposeReviewButKeepDirectInstallBehindOuroMDPrompt]' started.
Test Case '-[OuroMDTests.OuroMDUpdateCoordinatorTests testAppShellUpdateActionsExposeReviewButKeepDirectInstallBehindOuroMDPrompt]' passed (0.004 seconds).
Test Case '-[OuroMDTests.OuroMDUpdateCoordinatorTests testAutoUpdateCheckIsDefaultOnThrottledAndOncePerSession]' started.
Test Case '-[OuroMDTests.OuroMDUpdateCoordinatorTests testAutoUpdateCheckIsDefaultOnThrottledAndOncePerSession]' passed (0.002 seconds).
Test Case '-[OuroMDTests.OuroMDUpdateCoordinatorTests testAutoUpdateCheckSkipsWhenDisabled]' started.
Test Case '-[OuroMDTests.OuroMDUpdateCoordinatorTests testAutoUpdateCheckSkipsWhenDisabled]' passed (0.002 seconds).
Test Case '-[OuroMDTests.OuroMDUpdateCoordinatorTests testAutoUpdateDefaultsToEnabledAndPersistsOptOut]' started.
Test Case '-[OuroMDTests.OuroMDUpdateCoordinatorTests testAutoUpdateDefaultsToEnabledAndPersistsOptOut]' passed (0.001 seconds).
Test Case '-[OuroMDTests.OuroMDUpdateCoordinatorTests testAutoUpdateStagesInstallableUpdateInBackground]' started.
Test Case '-[OuroMDTests.OuroMDUpdateCoordinatorTests testAutoUpdateStagesInstallableUpdateInBackground]' passed (0.002 seconds).
Test Case '-[OuroMDTests.OuroMDUpdateCoordinatorTests testBadgeAndPromptUseCheckedReleaseWhenNoUpdateIsStaged]' started.
Test Case '-[OuroMDTests.OuroMDUpdateCoordinatorTests testBadgeAndPromptUseCheckedReleaseWhenNoUpdateIsStaged]' passed (0.001 seconds).
Test Case '-[OuroMDTests.OuroMDUpdateCoordinatorTests testCancelPendingManualInstallPreventsLaterApply]' started.
Test Case '-[OuroMDTests.OuroMDUpdateCoordinatorTests testCancelPendingManualInstallPreventsLaterApply]' passed (0.002 seconds).
Test Case '-[OuroMDTests.OuroMDUpdateCoordinatorTests testCheckedReleaseStateTakesPrecedenceOverLaunchInstalledState]' started.
Test Case '-[OuroMDTests.OuroMDUpdateCoordinatorTests testCheckedReleaseStateTakesPrecedenceOverLaunchInstalledState]' passed (0.003 seconds).
Test Case '-[OuroMDTests.OuroMDUpdateCoordinatorTests testDismissingNonInstallablePromptDoesNotEmitDeferredTelemetry]' started.
Test Case '-[OuroMDTests.OuroMDUpdateCoordinatorTests testDismissingNonInstallablePromptDoesNotEmitDeferredTelemetry]' passed (0.001 seconds).
Test Case '-[OuroMDTests.OuroMDUpdateCoordinatorTests testFailedStartedManualInstallCanRetryWithoutAnotherCheck]' started.
Test Case '-[OuroMDTests.OuroMDUpdateCoordinatorTests testFailedStartedManualInstallCanRetryWithoutAnotherCheck]' passed (0.024 seconds).
Test Case '-[OuroMDTests.OuroMDUpdateCoordinatorTests testLaunchVersionMemorySurfacesPostUpdateConfirmationOnceVersionChanges]' started.
Test Case '-[OuroMDTests.OuroMDUpdateCoordinatorTests testLaunchVersionMemorySurfacesPostUpdateConfirmationOnceVersionChanges]' passed (0.002 seconds).
Test Case '-[OuroMDTests.OuroMDUpdateCoordinatorTests testManualCheckAwaitsInFlightLaunchCheckBeforePrompting]' started.
Test Case '-[OuroMDTests.OuroMDUpdateCoordinatorTests testManualCheckAwaitsInFlightLaunchCheckBeforePrompting]' passed (0.002 seconds).
Test Case '-[OuroMDTests.OuroMDUpdateCoordinatorTests testManualCheckClearsPendingStageWhenReleaseIsNoLongerInstallable]' started.
Test Case '-[OuroMDTests.OuroMDUpdateCoordinatorTests testManualCheckClearsPendingStageWhenReleaseIsNoLongerInstallable]' passed (0.002 seconds).
Test Case '-[OuroMDTests.OuroMDUpdateCoordinatorTests testManualCheckPromptsInstallableCurrentAndUnavailableStates]' started.
Test Case '-[OuroMDTests.OuroMDUpdateCoordinatorTests testManualCheckPromptsInstallableCurrentAndUnavailableStates]' passed (0.001 seconds).
Test Case '-[OuroMDTests.OuroMDUpdateCoordinatorTests testManualCheckReportsMissingInstallableAssets]' started.
Test Case '-[OuroMDTests.OuroMDUpdateCoordinatorTests testManualCheckReportsMissingInstallableAssets]' passed (0.001 seconds).
Test Case '-[OuroMDTests.OuroMDUpdateCoordinatorTests testManualInstallExposesProgressWhileStageIsRunning]' started.
Test Case '-[OuroMDTests.OuroMDUpdateCoordinatorTests testManualInstallExposesProgressWhileStageIsRunning]' passed (0.001 seconds).
Test Case '-[OuroMDTests.OuroMDUpdateCoordinatorTests testManualInstallFailureSetsFailedPromptForAppObserver]' started.
Test Case '-[OuroMDTests.OuroMDUpdateCoordinatorTests testManualInstallFailureSetsFailedPromptForAppObserver]' passed (0.001 seconds).
Test Case '-[OuroMDTests.OuroMDUpdateCoordinatorTests testManualInstallOfPendingStageIsIdempotent]' started.
Test Case '-[OuroMDTests.OuroMDUpdateCoordinatorTests testManualInstallOfPendingStageIsIdempotent]' passed (0.002 seconds).
Test Case '-[OuroMDTests.OuroMDUpdateCoordinatorTests testManualInstallReportsPlannerFailure]' started.
Test Case '-[OuroMDTests.OuroMDUpdateCoordinatorTests testManualInstallReportsPlannerFailure]' passed (0.001 seconds).
Test Case '-[OuroMDTests.OuroMDUpdateCoordinatorTests testManualInstallReportsStagingProgressBeforeApplying]' started.
Test Case '-[OuroMDTests.OuroMDUpdateCoordinatorTests testManualInstallReportsStagingProgressBeforeApplying]' passed (0.001 seconds).
Test Case '-[OuroMDTests.OuroMDUpdateCoordinatorTests testManualInstallRequiresPriorCheck]' started.
Test Case '-[OuroMDTests.OuroMDUpdateCoordinatorTests testManualInstallRequiresPriorCheck]' passed (0.001 seconds).
Test Case '-[OuroMDTests.OuroMDUpdateCoordinatorTests testManualInstallRestagesWhenCheckedReleaseIsNewerThanPendingStage]' started.
Test Case '-[OuroMDTests.OuroMDUpdateCoordinatorTests testManualInstallRestagesWhenCheckedReleaseIsNewerThanPendingStage]' passed (0.004 seconds).
Test Case '-[OuroMDTests.OuroMDUpdateCoordinatorTests testManualInstallUsesAlreadyStagedUpdateAndSuppressesQuitApply]' started.
Test Case '-[OuroMDTests.OuroMDUpdateCoordinatorTests testManualInstallUsesAlreadyStagedUpdateAndSuppressesQuitApply]' passed (0.003 seconds).
Test Case '-[OuroMDTests.OuroMDUpdateCoordinatorTests testManualUpdateFailureTelemetryDoesNotLeakRawErrorDetails]' started.
Test Case '-[OuroMDTests.OuroMDUpdateCoordinatorTests testManualUpdateFailureTelemetryDoesNotLeakRawErrorDetails]' passed (0.001 seconds).
Test Case '-[OuroMDTests.OuroMDUpdateCoordinatorTests testManualUpdateFlowCapturesTelemetryWithoutRawErrorDetails]' started.
Test Case '-[OuroMDTests.OuroMDUpdateCoordinatorTests testManualUpdateFlowCapturesTelemetryWithoutRawErrorDetails]' passed (0.001 seconds).
Test Case '-[OuroMDTests.OuroMDUpdateCoordinatorTests testPromptDisplayHelpersAreUserFacing]' started.
Test Case '-[OuroMDTests.OuroMDUpdateCoordinatorTests testPromptDisplayHelpersAreUserFacing]' passed (0.000 seconds).
Test Case '-[OuroMDTests.OuroMDUpdateCoordinatorTests testPromptFallsBackToStagedVersionWhenLatestSnapshotIsNotInstallable]' started.
Test Case '-[OuroMDTests.OuroMDUpdateCoordinatorTests testPromptFallsBackToStagedVersionWhenLatestSnapshotIsNotInstallable]' passed (0.002 seconds).
Test Case '-[OuroMDTests.OuroMDUpdateCoordinatorTests testPromptPresentationBindingDismissesPrompt]' started.
Test Case '-[OuroMDTests.OuroMDUpdateCoordinatorTests testPromptPresentationBindingDismissesPrompt]' passed (0.001 seconds).
Test Case '-[OuroMDTests.OuroMDUpdateCoordinatorTests testReleaseMetadataFormatsPublishedDateAndNotesPreview]' started.
Test Case '-[OuroMDTests.OuroMDUpdateCoordinatorTests testReleaseMetadataFormatsPublishedDateAndNotesPreview]' passed (0.002 seconds).
Test Case '-[OuroMDTests.OuroMDUpdateCoordinatorTests testReleaseStatusLineCoversUncheckedCheckingCurrentAvailableAndUnavailableStates]' started.
Test Case '-[OuroMDTests.OuroMDUpdateCoordinatorTests testReleaseStatusLineCoversUncheckedCheckingCurrentAvailableAndUnavailableStates]' passed (0.001 seconds).
Test Case '-[OuroMDTests.OuroMDUpdateCoordinatorTests testStartedManualInstallCanCancelInFlightStageAndRetry]' started.
Test Case '-[OuroMDTests.OuroMDUpdateCoordinatorTests testStartedManualInstallCanCancelInFlightStageAndRetry]' passed (0.014 seconds).
Test Suite 'OuroMDUpdateCoordinatorTests' passed at 2026-07-09 03:34:33.016.
	 Executed 32 tests, with 0 failures (0 unexpected) in 0.088 (0.091) seconds
Test Suite 'OuroMDUpdateInstallerTests' started at 2026-07-09 03:34:33.016.
Test Case '-[OuroMDTests.OuroMDUpdateInstallerTests testApplyScriptDoesNotDeleteBackupBeforeDestinationShapeIsProven]' started.
Test Case '-[OuroMDTests.OuroMDUpdateInstallerTests testApplyScriptDoesNotDeleteBackupBeforeDestinationShapeIsProven]' passed (0.001 seconds).
Test Case '-[OuroMDTests.OuroMDUpdateInstallerTests testApplyScriptFailsFastAroundBackupInstallAndRollback]' started.
Test Case '-[OuroMDTests.OuroMDUpdateInstallerTests testApplyScriptFailsFastAroundBackupInstallAndRollback]' passed (0.000 seconds).
Test Case '-[OuroMDTests.OuroMDUpdateInstallerTests testApplyScriptRestoresBackupWhenReplacementIsNotAnAppBundle]' started.
Test Case '-[OuroMDTests.OuroMDUpdateInstallerTests testApplyScriptRestoresBackupWhenReplacementIsNotAnAppBundle]' passed (0.620 seconds).
Test Case '-[OuroMDTests.OuroMDUpdateInstallerTests testApplyScriptRestoresStaleBackupBeforeTryingNewInstall]' started.
ditto: Cannot get the real path for source '/var/folders/md/_fkq3wc92_z55cgtlrfrcfh40000gn/T/ouro-apply-stale-backup-6C52BE05-E341-4DB7-B332-5B8DF7ABE531/missing-staged/Ouro MD.app'
Test Case '-[OuroMDTests.OuroMDUpdateInstallerTests testApplyScriptRestoresStaleBackupBeforeTryingNewInstall]' passed (0.315 seconds).
Test Case '-[OuroMDTests.OuroMDUpdateInstallerTests testApplyScriptRunsInTemporaryDirectoryWithoutNestingUpdatedApp]' started.
Test Case '-[OuroMDTests.OuroMDUpdateInstallerTests testApplyScriptRunsInTemporaryDirectoryWithoutNestingUpdatedApp]' passed (1.255 seconds).
Test Case '-[OuroMDTests.OuroMDUpdateInstallerTests testInstallErrorDescriptionsAreUserReadable]' started.
Test Case '-[OuroMDTests.OuroMDUpdateInstallerTests testInstallErrorDescriptionsAreUserReadable]' passed (0.000 seconds).
Test Case '-[OuroMDTests.OuroMDUpdateInstallerTests testOneLineInstallerRollbackDoesNotSwallowRestoreFailure]' started.
Test Case '-[OuroMDTests.OuroMDUpdateInstallerTests testOneLineInstallerRollbackDoesNotSwallowRestoreFailure]' passed (0.001 seconds).
Test Case '-[OuroMDTests.OuroMDUpdateInstallerTests testStagePreservesInstallerErrorFromDataLoader]' started.
Test Case '-[OuroMDTests.OuroMDUpdateInstallerTests testStagePreservesInstallerErrorFromDataLoader]' passed (0.132 seconds).
Test Case '-[OuroMDTests.OuroMDUpdateInstallerTests testStageSucceedsAfterManifestArchiveExtractedBundleAndCodesignVerify]' started.
Test Case '-[OuroMDTests.OuroMDUpdateInstallerTests testStageSucceedsAfterManifestArchiveExtractedBundleAndCodesignVerify]' passed (0.132 seconds).
Test Case '-[OuroMDTests.OuroMDUpdateInstallerTests testStageThrowsOnArchiveNameMismatch]' started.
Test Case '-[OuroMDTests.OuroMDUpdateInstallerTests testStageThrowsOnArchiveNameMismatch]' passed (0.293 seconds).
Test Case '-[OuroMDTests.OuroMDUpdateInstallerTests testStageThrowsOnBundleIdentifierMismatch]' started.
Test Case '-[OuroMDTests.OuroMDUpdateInstallerTests testStageThrowsOnBundleIdentifierMismatch]' passed (0.121 seconds).
Test Case '-[OuroMDTests.OuroMDUpdateInstallerTests testStageThrowsOnByteCountMismatch]' started.
Test Case '-[OuroMDTests.OuroMDUpdateInstallerTests testStageThrowsOnByteCountMismatch]' passed (0.150 seconds).
Test Case '-[OuroMDTests.OuroMDUpdateInstallerTests testStageThrowsOnCodesignFailure]' started.
Test Case '-[OuroMDTests.OuroMDUpdateInstallerTests testStageThrowsOnCodesignFailure]' passed (0.145 seconds).
Test Case '-[OuroMDTests.OuroMDUpdateInstallerTests testStageThrowsOnManifestDecodeFailure]' started.
Test Case '-[OuroMDTests.OuroMDUpdateInstallerTests testStageThrowsOnManifestDecodeFailure]' passed (0.059 seconds).
Test Case '-[OuroMDTests.OuroMDUpdateInstallerTests testStageThrowsOnMissingStagedApp]' started.
Test Case '-[OuroMDTests.OuroMDUpdateInstallerTests testStageThrowsOnMissingStagedApp]' passed (0.152 seconds).
Test Case '-[OuroMDTests.OuroMDUpdateInstallerTests testStageThrowsOnNonNewerVersion]' started.
Test Case '-[OuroMDTests.OuroMDUpdateInstallerTests testStageThrowsOnNonNewerVersion]' passed (0.099 seconds).
Test Case '-[OuroMDTests.OuroMDUpdateInstallerTests testStageThrowsOnSHAMismatch]' started.
Test Case '-[OuroMDTests.OuroMDUpdateInstallerTests testStageThrowsOnSHAMismatch]' passed (0.251 seconds).
Test Case '-[OuroMDTests.OuroMDUpdateInstallerTests testStageThrowsOnStagedBundleIdentifierMismatch]' started.
Test Case '-[OuroMDTests.OuroMDUpdateInstallerTests testStageThrowsOnStagedBundleIdentifierMismatch]' passed (0.070 seconds).
Test Case '-[OuroMDTests.OuroMDUpdateInstallerTests testStageThrowsOnStagedVersionMismatch]' started.
Test Case '-[OuroMDTests.OuroMDUpdateInstallerTests testStageThrowsOnStagedVersionMismatch]' passed (0.139 seconds).
Test Case '-[OuroMDTests.OuroMDUpdateInstallerTests testStageThrowsOnUnzipFailureWithExitStatusFallback]' started.
Test Case '-[OuroMDTests.OuroMDUpdateInstallerTests testStageThrowsOnUnzipFailureWithExitStatusFallback]' passed (0.124 seconds).
Test Case '-[OuroMDTests.OuroMDUpdateInstallerTests testStageWrapsGenericDataLoaderFailureAsDownloadError]' started.
Test Case '-[OuroMDTests.OuroMDUpdateInstallerTests testStageWrapsGenericDataLoaderFailureAsDownloadError]' passed (0.112 seconds).
Test Suite 'OuroMDUpdateInstallerTests' passed at 2026-07-09 03:34:37.187.
	 Executed 21 tests, with 0 failures (0 unexpected) in 4.169 (4.171) seconds
Test Suite 'OuroMDUpdateTests' started at 2026-07-09 03:34:37.187.
Test Case '-[OuroMDTests.OuroMDUpdateTests testPlannerAcceptsOuroMDReleaseAssets]' started.
Test Case '-[OuroMDTests.OuroMDUpdateTests testPlannerAcceptsOuroMDReleaseAssets]' passed (0.000 seconds).
Test Case '-[OuroMDTests.OuroMDUpdateTests testPlannerRequiresHTTPSReleaseAssets]' started.
Test Case '-[OuroMDTests.OuroMDUpdateTests testPlannerRequiresHTTPSReleaseAssets]' passed (0.000 seconds).
Test Case '-[OuroMDTests.OuroMDUpdateTests testVerificationAcceptsNewerOuroMDManifest]' started.
Test Case '-[OuroMDTests.OuroMDUpdateTests testVerificationAcceptsNewerOuroMDManifest]' passed (0.000 seconds).
Test Case '-[OuroMDTests.OuroMDUpdateTests testVerificationIgnoresBuildIdentityForOuroMDReleases]' started.
Test Case '-[OuroMDTests.OuroMDUpdateTests testVerificationIgnoresBuildIdentityForOuroMDReleases]' passed (0.000 seconds).
Test Suite 'OuroMDUpdateTests' passed at 2026-07-09 03:34:37.188.
	 Executed 4 tests, with 0 failures (0 unexpected) in 0.001 (0.001) seconds
Test Suite 'OutlineTreeTests' started at 2026-07-09 03:34:37.188.
Test Case '-[OuroMDTests.OutlineTreeTests testHandlesLeadingDeepHeading]' started.
Test Case '-[OuroMDTests.OutlineTreeTests testHandlesLeadingDeepHeading]' passed (0.000 seconds).
Test Case '-[OuroMDTests.OutlineTreeTests testNestsByLevel]' started.
Test Case '-[OuroMDTests.OutlineTreeTests testNestsByLevel]' passed (0.000 seconds).
Test Suite 'OutlineTreeTests' passed at 2026-07-09 03:34:37.189.
	 Executed 2 tests, with 0 failures (0 unexpected) in 0.000 (0.000) seconds
Test Suite 'ReleaseUpdateTests' started at 2026-07-09 03:34:37.189.
Test Case '-[OuroMDTests.ReleaseUpdateTests testCheckerConstructionUsesOuroMDConfiguration]' started.
Test Case '-[OuroMDTests.ReleaseUpdateTests testCheckerConstructionUsesOuroMDConfiguration]' passed (0.000 seconds).
Test Case '-[OuroMDTests.ReleaseUpdateTests testCustomConfigurationFlowsIntoShellConfiguration]' started.
Test Case '-[OuroMDTests.ReleaseUpdateTests testCustomConfigurationFlowsIntoShellConfiguration]' passed (0.000 seconds).
Test Case '-[OuroMDTests.ReleaseUpdateTests testDefaultConfigurationTargetsStableOuroMDGitHubReleases]' started.
Test Case '-[OuroMDTests.ReleaseUpdateTests testDefaultConfigurationTargetsStableOuroMDGitHubReleases]' passed (0.000 seconds).
Test Case '-[OuroMDTests.ReleaseUpdateTests testReleaseDescriptorMatchesCurrentDistribution]' started.
Test Case '-[OuroMDTests.ReleaseUpdateTests testReleaseDescriptorMatchesCurrentDistribution]' passed (0.000 seconds).
Test Suite 'ReleaseUpdateTests' passed at 2026-07-09 03:34:37.190.
	 Executed 4 tests, with 0 failures (0 unexpected) in 0.001 (0.001) seconds
Test Suite 'TableLayoutPolicyTests' started at 2026-07-09 03:34:37.190.
Test Case '-[OuroMDTests.TableLayoutPolicyTests testEditorThemeLeftAlignsTablesAndCapsThemAtTheColumn]' started.
Test Case '-[OuroMDTests.TableLayoutPolicyTests testEditorThemeLeftAlignsTablesAndCapsThemAtTheColumn]' passed (0.005 seconds).
Test Case '-[OuroMDTests.TableLayoutPolicyTests testStandaloneThemeLeftAlignsTablesAndCapsThemAtTheColumn]' started.
Test Case '-[OuroMDTests.TableLayoutPolicyTests testStandaloneThemeLeftAlignsTablesAndCapsThemAtTheColumn]' passed (0.001 seconds).
Test Suite 'TableLayoutPolicyTests' passed at 2026-07-09 03:34:37.196.
	 Executed 2 tests, with 0 failures (0 unexpected) in 0.006 (0.006) seconds
Test Suite 'TerminationSaveCoordinatorTests' started at 2026-07-09 03:34:37.196.
Test Case '-[OuroMDTests.TerminationSaveCoordinatorTests testDefaultCancelHandlerIsSafeWhenSaveFails]' started.
Test Case '-[OuroMDTests.TerminationSaveCoordinatorTests testDefaultCancelHandlerIsSafeWhenSaveFails]' passed (0.001 seconds).
Test Case '-[OuroMDTests.TerminationSaveCoordinatorTests testRepliesFalseAndCancelsWhenAnySaveFails]' started.
Test Case '-[OuroMDTests.TerminationSaveCoordinatorTests testRepliesFalseAndCancelsWhenAnySaveFails]' passed (0.000 seconds).
Test Case '-[OuroMDTests.TerminationSaveCoordinatorTests testRepliesTrueImmediatelyWhenNothingIsDirty]' started.
Test Case '-[OuroMDTests.TerminationSaveCoordinatorTests testRepliesTrueImmediatelyWhenNothingIsDirty]' passed (0.000 seconds).
Test Case '-[OuroMDTests.TerminationSaveCoordinatorTests testRepliesTrueOnlyAfterAllSavesSucceed]' started.
Test Case '-[OuroMDTests.TerminationSaveCoordinatorTests testRepliesTrueOnlyAfterAllSavesSucceed]' passed (0.000 seconds).
Test Case '-[OuroMDTests.TerminationSaveCoordinatorTests testSaveFailureCancelsPendingManualUpdateBeforeQuitReply]' started.
Test Case '-[OuroMDTests.TerminationSaveCoordinatorTests testSaveFailureCancelsPendingManualUpdateBeforeQuitReply]' passed (0.002 seconds).
Test Case '-[OuroMDTests.TerminationSaveCoordinatorTests testTimeoutCancelsInsteadOfForcingQuit]' started.
Test Case '-[OuroMDTests.TerminationSaveCoordinatorTests testTimeoutCancelsInsteadOfForcingQuit]' passed (0.014 seconds).
Test Suite 'TerminationSaveCoordinatorTests' passed at 2026-07-09 03:34:37.214.
	 Executed 6 tests, with 0 failures (0 unexpected) in 0.018 (0.018) seconds
Test Suite 'ThemeAccessibilityTests' started at 2026-07-09 03:34:37.214.
Test Case '-[OuroMDTests.ThemeAccessibilityTests testBuiltInThemesMeetContrastForDocumentTextLinksAndSecondaryText]' started.
Test Case '-[OuroMDTests.ThemeAccessibilityTests testBuiltInThemesMeetContrastForDocumentTextLinksAndSecondaryText]' passed (0.001 seconds).
Test Case '-[OuroMDTests.ThemeAccessibilityTests testEditorThemesRespectReducedMotionForFocusMode]' started.
Test Case '-[OuroMDTests.ThemeAccessibilityTests testEditorThemesRespectReducedMotionForFocusMode]' passed (0.002 seconds).
Test Suite 'ThemeAccessibilityTests' passed at 2026-07-09 03:34:37.217.
	 Executed 2 tests, with 0 failures (0 unexpected) in 0.003 (0.003) seconds
Test Suite 'UndoRedoRoutingTests' started at 2026-07-09 03:34:37.217.
Test Case '-[OuroMDTests.UndoRedoRoutingTests testClearRecentDocumentsUsesInjectedHandler]' started.
Test Case '-[OuroMDTests.UndoRedoRoutingTests testClearRecentDocumentsUsesInjectedHandler]' passed (0.000 seconds).
Test Case '-[OuroMDTests.UndoRedoRoutingTests testCommandPaletteMenuUsesStandardSearchableActionShortcut]' started.
Test Case '-[OuroMDTests.UndoRedoRoutingTests testCommandPaletteMenuUsesStandardSearchableActionShortcut]' passed (0.002 seconds).
Test Case '-[OuroMDTests.UndoRedoRoutingTests testCommandYRedoUsesEditorFallbackWhenFocusIsInWebEditor]' started.
Test Case '-[OuroMDTests.UndoRedoRoutingTests testCommandYRedoUsesEditorFallbackWhenFocusIsInWebEditor]' passed (0.000 seconds).
Test Case '-[OuroMDTests.UndoRedoRoutingTests testHelpMenuSurfacesKeyboardShortcutsReference]' started.
Test Case '-[OuroMDTests.UndoRedoRoutingTests testHelpMenuSurfacesKeyboardShortcutsReference]' passed (0.001 seconds).
Test Case '-[OuroMDTests.UndoRedoRoutingTests testHelpMenuSurfacesVersionAndUpdateCommands]' started.
Test Case '-[OuroMDTests.UndoRedoRoutingTests testHelpMenuSurfacesVersionAndUpdateCommands]' passed (0.001 seconds).
Test Case '-[OuroMDTests.UndoRedoRoutingTests testMenuValidationChecksRecentItemsAndDefaults]' started.
Test Case '-[OuroMDTests.UndoRedoRoutingTests testMenuValidationChecksRecentItemsAndDefaults]' passed (0.001 seconds).
Test Case '-[OuroMDTests.UndoRedoRoutingTests testMenuValidationDisablesEditorOnlyCommandsWithoutAWindow]' started.
Test Case '-[OuroMDTests.UndoRedoRoutingTests testMenuValidationDisablesEditorOnlyCommandsWithoutAWindow]' passed (0.000 seconds).
Test Case '-[OuroMDTests.UndoRedoRoutingTests testMenuValidationKeepsGlobalCommandsEnabledWithoutAWindow]' started.
Test Case '-[OuroMDTests.UndoRedoRoutingTests testMenuValidationKeepsGlobalCommandsEnabledWithoutAWindow]' passed (0.000 seconds).
Test Case '-[OuroMDTests.UndoRedoRoutingTests testRecentMenuDelegateShowsEmptyStateFromInjectedProvider]' started.
Test Case '-[OuroMDTests.UndoRedoRoutingTests testRecentMenuDelegateShowsEmptyStateFromInjectedProvider]' passed (0.000 seconds).
Test Case '-[OuroMDTests.UndoRedoRoutingTests testRecentMenuDelegateUsesInjectedRecentProvider]' started.
Test Case '-[OuroMDTests.UndoRedoRoutingTests testRecentMenuDelegateUsesInjectedRecentProvider]' passed (0.000 seconds).
Test Case '-[OuroMDTests.UndoRedoRoutingTests testRedoDoesNotFallThroughWhenNativeTextViewHasEmptyStack]' started.
Test Case '-[OuroMDTests.UndoRedoRoutingTests testRedoDoesNotFallThroughWhenNativeTextViewHasEmptyStack]' passed (0.000 seconds).
Test Case '-[OuroMDTests.UndoRedoRoutingTests testShortcutMonitorHandlesNSApplicationSendEventBeforeMenuDispatch]' started.
Test Case '-[OuroMDTests.UndoRedoRoutingTests testShortcutMonitorHandlesNSApplicationSendEventBeforeMenuDispatch]' passed (0.010 seconds).
Test Case '-[OuroMDTests.UndoRedoRoutingTests testShortcutParserRecognizesMacUndoRedoKeystrokes]' started.
Test Case '-[OuroMDTests.UndoRedoRoutingTests testShortcutParserRecognizesMacUndoRedoKeystrokes]' passed (0.000 seconds).
Test Case '-[OuroMDTests.UndoRedoRoutingTests testShortcutParserRejectsModifiedNonUndoRedoKeystrokes]' started.
Test Case '-[OuroMDTests.UndoRedoRoutingTests testShortcutParserRejectsModifiedNonUndoRedoKeystrokes]' passed (0.000 seconds).
Test Case '-[OuroMDTests.UndoRedoRoutingTests testUndoAndRedoFallBackForTextViewsInsideWebView]' started.
Test Case '-[OuroMDTests.UndoRedoRoutingTests testUndoAndRedoFallBackForTextViewsInsideWebView]' passed (0.038 seconds).
Test Case '-[OuroMDTests.UndoRedoRoutingTests testUndoAndRedoFallBackWhenResponderIsNotNativeTextView]' started.
Test Case '-[OuroMDTests.UndoRedoRoutingTests testUndoAndRedoFallBackWhenResponderIsNotNativeTextView]' passed (0.000 seconds).
Test Case '-[OuroMDTests.UndoRedoRoutingTests testUndoAndRedoMenuItemsTargetNativeAppDelegateSelectors]' started.
Test Case '-[OuroMDTests.UndoRedoRoutingTests testUndoAndRedoMenuItemsTargetNativeAppDelegateSelectors]' passed (0.001 seconds).
Test Case '-[OuroMDTests.UndoRedoRoutingTests testUndoAndRedoUseNativeTextViewManagerWhenAvailable]' started.
Test Case '-[OuroMDTests.UndoRedoRoutingTests testUndoAndRedoUseNativeTextViewManagerWhenAvailable]' passed (0.000 seconds).
Test Case '-[OuroMDTests.UndoRedoRoutingTests testUndoDoesNotFallThroughWhenNativeTextViewHasEmptyStack]' started.
Test Case '-[OuroMDTests.UndoRedoRoutingTests testUndoDoesNotFallThroughWhenNativeTextViewHasEmptyStack]' passed (0.000 seconds).
Test Case '-[OuroMDTests.UndoRedoRoutingTests testViewSearchMenuTargetsSidebarSearch]' started.
Test Case '-[OuroMDTests.UndoRedoRoutingTests testViewSearchMenuTargetsSidebarSearch]' passed (0.001 seconds).
Test Suite 'UndoRedoRoutingTests' passed at 2026-07-09 03:34:37.276.
	 Executed 20 tests, with 0 failures (0 unexpected) in 0.057 (0.059) seconds
Test Suite 'ouro-mdPackageTests.xctest' passed at 2026-07-09 03:34:37.276.
	 Executed 298 tests, with 0 failures (0 unexpected) in 39.174 (39.202) seconds
Test Suite 'All tests' passed at 2026-07-09 03:34:37.276.
	 Executed 298 tests, with 0 failures (0 unexpected) in 39.174 (39.203) seconds
◇ Test run started.
↳ Testing Library Version: 1902
↳ Target Platform: arm64e-apple-macos14.0
✔ Test run with 0 tests in 0 suites passed after 0.001 seconds.
