Building for debugging...
[0/5] Write sources
[1/5] Write swift-version--58304C5D6DBC2206.txt
[3/5] Compiling OuroMDTests OuroMDAppStoreApplyPlanTests.swift
[4/5] Emitting module OuroMDTests
[4/6] Write Objects.LinkFileList
[5/6] Linking ouro-mdPackageTests
Build complete! (2.81s)
Test Suite 'Selected tests' started at 2026-07-09 02:40:58.791.
Test Suite 'ouro-mdPackageTests.xctest' started at 2026-07-09 02:40:58.792.
Test Suite 'OuroMDAppStoreApplyPlanTests' started at 2026-07-09 02:40:58.792.
Test Case '-[OuroMDTests.OuroMDAppStoreApplyPlanTests testLiveFinalSubmitRequiresOldRejectionThreadReplyHandlingBeforeNetwork]' started.
/Users/arimendelow/Projects/ouro-md-app-store-spam-rejection/Tests/OuroMDTests/OuroMDAppStoreApplyPlanTests.swift:417: error: -[OuroMDTests.OuroMDAppStoreApplyPlanTests testLiveFinalSubmitRequiresOldRejectionThreadReplyHandlingBeforeNetwork] : XCTAssertTrue failed
/Users/arimendelow/Projects/ouro-md-app-store-spam-rejection/Tests/OuroMDTests/OuroMDAppStoreApplyPlanTests.swift:418: error: -[OuroMDTests.OuroMDAppStoreApplyPlanTests testLiveFinalSubmitRequiresOldRejectionThreadReplyHandlingBeforeNetwork] : XCTAssertFalse failed
Test Case '-[OuroMDTests.OuroMDAppStoreApplyPlanTests testLiveFinalSubmitRequiresOldRejectionThreadReplyHandlingBeforeNetwork]' failed (0.464 seconds).
Test Suite 'OuroMDAppStoreApplyPlanTests' failed at 2026-07-09 02:40:59.257.
	 Executed 1 test, with 2 failures (0 unexpected) in 0.464 (0.464) seconds
Test Suite 'ouro-mdPackageTests.xctest' failed at 2026-07-09 02:40:59.257.
	 Executed 1 test, with 2 failures (0 unexpected) in 0.464 (0.464) seconds
Test Suite 'Selected tests' failed at 2026-07-09 02:40:59.257.
	 Executed 1 test, with 2 failures (0 unexpected) in 0.464 (0.465) seconds
◇ Test run started.
↳ Testing Library Version: 1902
↳ Target Platform: arm64e-apple-macos14.0
✔ Test run with 0 tests in 0 suites passed after 0.001 seconds.
