Building for debugging...
[0/5] Write sources
[1/5] Write swift-version--58304C5D6DBC2206.txt
[3/5] Compiling OuroMDTests OuroMDAppStoreApplyPlanTests.swift
[4/5] Emitting module OuroMDTests
[4/6] Write Objects.LinkFileList
[5/6] Linking ouro-mdPackageTests
Build complete! (3.57s)
Test Suite 'Selected tests' started at 2026-07-09 02:05:15.716.
Test Suite 'ouro-mdPackageTests.xctest' started at 2026-07-09 02:05:15.719.
Test Suite 'OuroMDAppStoreApplyPlanTests' started at 2026-07-09 02:05:15.719.
Test Case '-[OuroMDTests.OuroMDAppStoreApplyPlanTests testLiveApplyRejectsStalePersistedStateBeforeNetwork]' started.
/Users/arimendelow/Projects/ouro-md-app-store-spam-rejection/Tests/OuroMDTests/OuroMDAppStoreApplyPlanTests.swift:232: error: -[OuroMDTests.OuroMDAppStoreApplyPlanTests testLiveApplyRejectsStalePersistedStateBeforeNetwork] : XCTAssertTrue failed
/Users/arimendelow/Projects/ouro-md-app-store-spam-rejection/Tests/OuroMDTests/OuroMDAppStoreApplyPlanTests.swift:233: error: -[OuroMDTests.OuroMDAppStoreApplyPlanTests testLiveApplyRejectsStalePersistedStateBeforeNetwork] : XCTAssertTrue failed
Test Case '-[OuroMDTests.OuroMDAppStoreApplyPlanTests testLiveApplyRejectsStalePersistedStateBeforeNetwork]' failed (1.397 seconds).
Test Suite 'OuroMDAppStoreApplyPlanTests' failed at 2026-07-09 02:05:17.116.
	 Executed 1 test, with 2 failures (0 unexpected) in 1.397 (1.397) seconds
Test Suite 'ouro-mdPackageTests.xctest' failed at 2026-07-09 02:05:17.116.
	 Executed 1 test, with 2 failures (0 unexpected) in 1.397 (1.397) seconds
Test Suite 'Selected tests' failed at 2026-07-09 02:05:17.116.
	 Executed 1 test, with 2 failures (0 unexpected) in 1.397 (1.400) seconds
◇ Test run started.
↳ Testing Library Version: 1902
↳ Target Platform: arm64e-apple-macos14.0
✔ Test run with 0 tests in 0 suites passed after 0.001 seconds.
