shell dependency fresh: ouro-native-apple-app-shell@014cf09b21721987027dad19c7eaa50fb5d70566 (remote main 805ff2bece925c1ac6be759b338f4c35cc4d636e has no newer package-relevant shell changes)
==> Building (release)…
[0/1] Planning build
Building for production...
[0/2] Write swift-version--58304C5D6DBC2206.txt
Build complete! (1.20s)
==> Assembling OuroMD.app…
==> Telemetry: disabled (set OURO_MD_POSTHOG_KEY or VITE_POSTHOG_KEY to configure)
==> Ad-hoc signing…
==> Done: /Users/arimendelow/Projects/ouro-md-apple-distribution-kit-adoption/OuroMD.app
    Launch with:  open OuroMD.app
signing identity: configured
notarization credentials: app-store-connect-api-key configured
signing readiness ok
==> Developer ID signing /Users/arimendelow/Projects/ouro-md-apple-distribution-kit-adoption/dist/.stage/Ouro MD.app
/Users/arimendelow/Projects/ouro-md-apple-distribution-kit-adoption/dist/.stage/Ouro MD.app: replacing existing signature
/Users/arimendelow/Projects/ouro-md-apple-distribution-kit-adoption/dist/.stage/Ouro MD.app: valid on disk
/Users/arimendelow/Projects/ouro-md-apple-distribution-kit-adoption/dist/.stage/Ouro MD.app: satisfies its Designated Requirement
==> Creating notarization upload /var/folders/md/_fkq3wc92_z55cgtlrfrcfh40000gn/T//ouro-md-notary.HykzZR/Ouro MD-notary.zip
==> Submitting to Apple notary service
Conducting pre-submission checks for Ouro MD-notary.zip and initiating connection to the Apple notary service...
Submission ID received
  id: be0f50b9-c3a9-4ff9-9824-efdd7e964ddf
Successfully uploaded file
  id: be0f50b9-c3a9-4ff9-9824-efdd7e964ddf
  path: /var/folders/md/_fkq3wc92_z55cgtlrfrcfh40000gn/T/ouro-md-notary.HykzZR/Ouro MD-notary.zip
Waiting for processing to complete.
Current status: In Progress...Current status: In Progress....Current status: In Progress.....Current status: Accepted......Processing complete
  id: be0f50b9-c3a9-4ff9-9824-efdd7e964ddf
  status: Accepted

==> Stapling notarization ticket
Processing: /Users/arimendelow/Projects/ouro-md-apple-distribution-kit-adoption/dist/.stage/Ouro MD.app
Processing: /Users/arimendelow/Projects/ouro-md-apple-distribution-kit-adoption/dist/.stage/Ouro MD.app
The staple and validate action worked!
Processing: /Users/arimendelow/Projects/ouro-md-apple-distribution-kit-adoption/dist/.stage/Ouro MD.app
The validate action worked!
/Users/arimendelow/Projects/ouro-md-apple-distribution-kit-adoption/dist/.stage/Ouro MD.app: accepted
source=Notarized Developer ID
developer-id notarization ok: /Users/arimendelow/Projects/ouro-md-apple-distribution-kit-adoption/dist/.stage/Ouro MD.app
==> Archiving Ouro MD.app -> dist/Ouro-MD-0.9.77.zip
==> Creating Ouro MD DMG -> dist/Ouro-MD-0.9.77.dmg
dmg created: /Users/arimendelow/Projects/ouro-md-apple-distribution-kit-adoption/dist/Ouro-MD-0.9.77.dmg
==> Wrote dist/Ouro-MD-0.9.77.manifest.json
    zip 7915258 bytes · sha256 05dba9fb3c7be829fabd218976df9e016a1b1cabad09c76b4c17bd83a9f4eec1
    dmg 10548387 bytes · sha256 410162b8132e7164a4d5bf67d8d4c6b34a6e9824055abf71537c3fb87b565ad6
packaged app: version=0.9.77 build=0.9.77 bundle=bot.ouro.md git=3d4588085890
/tmp/ouro-md-dmg-verify.AZ0shX/installed/Ouro MD.app: valid on disk
/tmp/ouro-md-dmg-verify.AZ0shX/installed/Ouro MD.app: satisfies its Designated Requirement
telemetry: not embedded (allowed for this run)
version output: ouro-md 0.9.77 (3d4588085890)
bundleURL:    /tmp/ouro-md-dmg-verify.AZ0shX/installed/Ouro MD.app
resourceURL:  /tmp/ouro-md-dmg-verify.AZ0shX/installed/Ouro MD.app/Contents/Resources
executableURL:/tmp/ouro-md-dmg-verify.AZ0shX/installed/Ouro MD.app/Contents/MacOS/ouro-md
  bundleURL/ouro-md_OuroMD.bundle: missing  (/tmp/ouro-md-dmg-verify.AZ0shX/installed/Ouro MD.app/ouro-md_OuroMD.bundle)
  resourceURL/ouro-md_OuroMD.bundle: EXISTS  (/tmp/ouro-md-dmg-verify.AZ0shX/installed/Ouro MD.app/Contents/Resources/ouro-md_OuroMD.bundle)
OuroResources.web(index.html): FOUND  (/tmp/ouro-md-dmg-verify.AZ0shX/installed/Ouro MD.app/Contents/Resources/ouro-md_OuroMD.bundle/web/index.html)
PASS initial callout hides raw marker and keeps source: label=initial hasAlert=true alertCount=2 hasMarker=true markerText=[!NOTE] markerFont=0px markerOpacity=0 before="Note"/block hasTip=true tipNested=true value=# Alerts\n\n> Leading-space top-level quote stays normal.\n\n- List item\n  > [!NOTE]\n  > List-contained marker stays normal.\n  >\n\n> [!NOTE]\n> An alert.\n\n> [!TIP]\n> Tip alert.\n>\n>> Nested quote body.\n>>\n\n> `[!NOTE]`\n> Code marker stays normal.\n\n> [!NOTE](https://x.com)\n> Link marker stays normal.\n\n> **[!NOTE]**\n> Strong marker stays normal.\n\n> [!NOTE][ref]\n> Ref marker stays normal.\n\n> Ordinary quote first.\n> [!NOTE] later stays normal.\n\n>> [!NOTE]\n>> Nested marker stays normal.\n>>\n\nOutside paragraph.\n
PASS focused callout reveals editable marker: label=focused hasAlert=true alertCount=2 hasMarker=true markerText=[!NOTE] markerFont=16px markerOpacity=0.6 before="Note"/none hasTip=true tipNested=true value=# Alerts\n\n> Leading-space top-level quote stays normal.\n\n- List item\n  > [!NOTE]\n  > List-contained marker stays normal.\n  >\n\n> [!NOTE]\n> An alert.\n\n> [!TIP]\n> Tip alert.\n>\n>> Nested quote body.\n>>\n\n> `[!NOTE]`\n> Code marker stays normal.\n\n> [!NOTE](https://x.com)\n> Link marker stays normal.\n\n> **[!NOTE]**\n> Strong marker stays normal.\n\n> [!NOTE][ref]\n> Ref marker stays normal.\n\n> Ordinary quote first.\n> [!NOTE] later stays normal.\n\n>> [!NOTE]\n>> Nested marker stays normal.\n>>\n\nOutside paragraph.\n
PASS editing alert body preserves marker: label=edited hasAlert=true alertCount=2 hasMarker=true markerText=[!NOTE] markerFont=16px markerOpacity=0.6 before="Note"/none hasTip=true tipNested=true value=# Alerts\n\n> Leading-space top-level quote stays normal.\n\n- List item\n  > [!NOTE]\n  > List-contained marker stays normal.\n  >\n\n> [!NOTE]\n> An alert. Edited\n\n> [!TIP]\n> Tip alert.\n>\n>> Nested quote body.\n>>\n\n> `[!NOTE]`\n> Code marker stays normal.\n\n> [!NOTE](https://x.com)\n> Link marker stays normal.\n\n> **[!NOTE]**\n> Strong marker stays normal.\n\n> [!NOTE][ref]\n> Ref marker stays normal.\n\n> Ordinary quote first.\n> [!NOTE] later stays normal.\n\n>> [!NOTE]\n>> Nested marker stays normal.\n>>\n\nOutside paragraph.\n
PASS alert body undo/redo preserves marker: undo=label=alert-undo hasAlert=true alertCount=2 hasMarker=true markerText=[!NOTE] markerFont=16px markerOpacity=0.6 before="Note"/none hasTip=true tipNested=true value=# Alerts\n\n> Leading-space top-level quote stays normal.\n\n- List item\n  > [!NOTE]\n  > List-contained marker stays normal.\n  >\n\n> [!NOTE]\n> An alert.\n\n> [!TIP]\n> Tip alert.\n>\n>> Nested quote body.\n>>\n\n> `[!NOTE]`\n> Code marker stays normal.\n\n> [!NOTE](https://x.com)\n> Link marker stays normal.\n\n> **[!NOTE]**\n> Strong marker stays normal.\n\n> [!NOTE][ref]\n> Ref marker stays normal.\n\n> Ordinary quote first.\n> [!NOTE] later stays normal.\n\n>> [!NOTE]\n>> Nested marker stays normal.\n>>\n\nOutside paragraph.\n redo=label=alert-redo hasAlert=true alertCount=2 hasMarker=true markerText=[!NOTE] markerFont=16px markerOpacity=0.6 before="Note"/none hasTip=true tipNested=true value=# Alerts\n\n> Leading-space top-level quote stays normal.\n\n- List item\n  > [!NOTE]\n  > List-contained marker stays normal.\n  >\n\n> [!NOTE]\n> An alert. Edited\n\n> [!TIP]\n> Tip alert.\n>\n>> Nested quote body.\n>>\n\n> `[!NOTE]`\n> Code marker stays normal.\n\n> [!NOTE](https://x.com)\n> Link marker stays normal.\n\n> **[!NOTE]**\n> Strong marker stays normal.\n\n> [!NOTE][ref]\n> Ref marker stays normal.\n\n> Ordinary quote first.\n> [!NOTE] later stays normal.\n\n>> [!NOTE]\n>> Nested marker stays normal.\n>>\n\nOutside paragraph.\n
PASS split-view rebuild preserves callout marker: label=sv hasAlert=true alertCount=2 hasMarker=true markerText=[!NOTE] markerFont=0px markerOpacity=0 before="Note"/block hasTip=true tipNested=true value=# Alerts\n\n> Leading-space top-level quote stays normal.\n\n- List item\n  > [!NOTE]\n  > List-contained marker stays normal.\n\n> [!NOTE]\n> An alert. Edited\n\n> [!TIP]\n> Tip alert.\n> \n> > Nested quote body.\n\n> `[!NOTE]`\n> Code marker stays normal.\n\n> [!NOTE](https://x.com)\n> Link marker stays normal.\n\n> **[!NOTE]**\n> Strong marker stays normal.\n\n> [!NOTE][ref]\n> Ref marker stays normal.\n\n> Ordinary quote first.\n> [!NOTE] later stays normal.\n\n> > [!NOTE]\n> > Nested marker stays normal.\n\nOutside paragraph.\n\n
PASS instant-render rebuild preserves callout marker: label=ir hasAlert=true alertCount=2 hasMarker=true markerText=[!NOTE] markerFont=0px markerOpacity=0 before="Note"/block hasTip=true tipNested=true value=# Alerts\n\n> Leading-space top-level quote stays normal.\n\n- List item\n  > [!NOTE]\n  > List-contained marker stays normal.\n  >\n\n> [!NOTE]\n> An alert. Edited\n\n> [!TIP]\n> Tip alert.\n>\n>> Nested quote body.\n>>\n\n> `[!NOTE]`\n> Code marker stays normal.\n\n> [!NOTE](https://x.com)\n> Link marker stays normal.\n\n> **[!NOTE]**\n> Strong marker stays normal.\n\n> [!NOTE][ref]\n> Ref marker stays normal.\n\n> Ordinary quote first.\n> [!NOTE] later stays normal.\n\n>> [!NOTE]\n>> Nested marker stays normal.\n>>\n\nOutside paragraph.\n
PASS spanning selection includes hidden marker: label=spanning-selection hasAlert=true alertCount=1 hasMarker=true markerText=[!NOTE] markerFont=0px markerOpacity=0 before="Note"/block hasTip=false tipNested=false value=Before paragraph.\n\n> [!NOTE]\n> Selection body.\n\nAfter paragraph.\n
PASS editing marker to unsupported type removes alert styling: label=unsupported-marker-edit hasAlert=false alertCount=0 hasMarker=false markerText= markerFont= markerOpacity= before=/ hasTip=false tipNested=false value=> [!CUSTOM]\n> Marker edit body.\n
==> ouro-md --undotest
PASS multi-step undo/redo: edit=ONE TWOAlpha line.\n undo1=ONEAlpha line.\n undo2=Alpha line.\n redo1=ONEAlpha line.\n redo2=ONE TWOAlpha line.\n
==> ouro-md --wraptest
type " over selection: hello “world"   OK ✓
type ( over selection: hello (world)   OK ✓
paste url over selection: hello [world](https://x.com)   OK ✓
auto-pair ( then x: hello(x)   OK ✓
skip over typed ): ()x   OK ✓
skip over a curly close-quote: a”xb   OK ✓
backspace deletes pair:    OK ✓
==> ouro-md --linktest
IR link node rendered for [text](url): found=true   OK ✓
⌘-mousedown posts openURL with the link's URL: opened=https://ouro.bot   OK ✓
==> ouro-md --wrapgluetest
leading enumerator wrapped in .ouro-nowrap: 3. Instructions   OK ✓
bracketed inline code wrapped in .ouro-nowrap: code in: (`abc123`)   OK ✓
glue does not change the Markdown round-trip: before==after: true   OK ✓
==> ouro-md --renderprobe
heading     : rendered ✓
bold        : rendered ✓
inlineCode  : rendered ✓
codeBlock   : rendered ✓
table       : rendered ✓
taskList    : rendered ✓
math        : rendered ✓
footnote    : rendered ✓
alert       : rendered ✓
mermaid     : rendered ✓
==> ouro-md --mermaidcliptest
mermaid rendered: yes ✓ (6 labels)
max label overflow: 0.0px ✓
==> ouro-md --reloadrendertest
new diagram rendered: yes ✓ (svg=true beta=true)
stale diagram cleared: yes ✓
scroll preserved: yes ✓ (before=150 after=150)
==> ouro-md --darkdiagramtest
[light] nodeFillLuminance=238 fill=rgb(236, 236, 255) found=true
[dark] nodeFillLuminance=32 fill=rgb(31, 32, 32) found=true
diagram re-themed on light→dark switch: yes ✓ (light=238 dark=32)
==> ouro-md --selectionblurtest
selection made:                 ✓
blur to chrome mutes:           ✓
focus return un-mutes:          ✓
focus within editor no flicker: ✓
file switch clears selection:   ✓
==> ouro-md --copyflavortest
default  : ✓  plain[md=true vis=true] html[rendered=true empty=false]
markdown : ✓  plain[md=true vis=true] html[rendered=false empty=true]
plain    : ✓  plain[md=false vis=true] html[rendered=false empty=true]
html     : ✓  plain[md=false vis=true] html[rendered=true empty=false]
==> ouro-md --performanceprobe
large document load: 260.0ms headings=0 tables=0 html=37469 value=33246 ✓
large document edit latency: 76.0ms ✓
large document replace latency: 131.0ms ✓
large document clear latency: 5.0ms ✓
folder search latency: 20.3ms results=107 ✓
resident memory: 80.6MB delta=71.8MB ✓
==> ouro-md --accessibilityaudit
runtime accessibility smoke: ✓
shell rendered accessibility labels: ✓
source accessibility labels: ✓
menu shortcut coverage: ✓
menu shortcut conflicts: ✓
command discoverability catalog: ✓
==> ouro-md --markdownparitytest
renderer parity: ✓
html quartz parity: ✓
html graphite parity: ✓
html manuscript parity: ✓
html newsprint parity: ✓
pdf export parity: ✓ bytes=36264
==> ouro-md --codewraptest
code blocks present: 1 ✓
page horizontal overflow: 0.0px ✓
code blocks clipped by viewport: 0 ✓
code blocks with own horizontal scroll: 1 ✓ (max 1908.0px)
code blocks initially scrolled sideways: 0 ✓
==> visual QA: fallback-quartz
page horizontal overflow: 0.0px ✓
headings: 2, long: 1, escaped: 0 ✓
images: 1, unloaded: 0, escaped: 0 ✓
nested list items: 3 ✓
callouts: 2 ✓
tables: 2, escaped: 0, collapsed cells: 0, imbalanced: 0 ✓
visual QA ok: fallback-quartz
==> visual QA: dogfood-quartz
page horizontal overflow: 0.0px ✓
headings: 2, long: 1, escaped: 0 ✓
images: 1, unloaded: 0, escaped: 0 ✓
nested list items: 5 ✓
callouts: 2 ✓
tables: 2, escaped: 0, collapsed cells: 0, imbalanced: 0 ✓
visual QA ok: dogfood-quartz
==> visual QA: dogfood-graphite
page horizontal overflow: 0.0px ✓
headings: 2, long: 1, escaped: 0 ✓
images: 1, unloaded: 0, escaped: 0 ✓
nested list items: 5 ✓
callouts: 2 ✓
tables: 2, escaped: 0, collapsed cells: 0, imbalanced: 0 ✓
visual QA ok: dogfood-graphite
visual QA ok
==> ouro-md --searchrevealtest
whole-word reveal selection: needle before[
] after[
] in needlex
needle
111
222 ✓
regex reveal selection: 222 in needlex
needle
111
222 matches[111,222] ✓
==> ouro-md --uisurfacetest
preferences fitting size: 560.0x413.0 ✓
about fitting size: 520.0x520.0 ✓
search sidebar fitting size: 208.0x95.0 ✓
editor palette/status fitting size: 400.0x320.0 ✓
command reference fitting size: 560.0x620.0 ✓
status/palette semantic state: ✓
command discoverability semantic state: ✓
available update controls fitting size: 560.0x130.0 ✓
update progress fitting size: installing 400.0x131.0 failed 400.0x105.0 ✓
installing update review state: ✓
direct shell install suppressed; review prompt available: ✓
invalid regex visible state: ✓
search result row state: ✓
menu topology: ✓
accessibility labels: ✓
==> ouro-md --editorsurfacetest
markdown file drop classification: ok
image paste data-uri insertion: ok
image drop data-uri insertion: ok
web content recovery reload: ok
html exports all themes: ok
print dry-run operation: ok
pdf export probe: ok
==> ouro-md --firstlaunchtest
first launch welcome pixels: 660 nonblank samples
==> ouro-md --tablewraptest
tables present: 8 ✓
page horizontal overflow: 0.0px ✓
tables clipped by viewport: 0 ✓
tables with own horizontal scroll: 7 ✓
clearly-scrollable tables with edge affordance: 7/7 ✓
fitting tables with stray affordance: 0 ✓
tables not flush with text left edge: 0 ✓
tables initially scrolled sideways: 0 ✓
collapsed long cells: 0 ✓
cells with clipped (hidden) code: 0 ✓
collapsed empty cells: 0 ✓
code spilling across cells: 0 ✓
inline elements spilling across cells: 0 ✓
invalid table metrics: 0 ✓
table 01 width 412.0px scroll 709.0px left 0.0px min-long 283.0px min-code 492.5px column-ratio 8.02
table 02 width 412.0px scroll 278.0px left 0.0px min-long 283.0px min-code 405.8px column-ratio 1.43
table 03 width 412.0px scroll 1359.0px left 0.0px min-long 283.0px min-code 1090.7px column-ratio 9.64
table 04 width 412.0px scroll 840.0px left 0.0px min-long 283.0px min-code 475.2px column-ratio 1.74
table 05 width 412.0px scroll 721.0px left 0.0px min-long 283.0px min-code 0.0px column-ratio 1.00
table 06 width 412.0px scroll 825.0px left 0.0px min-long 431.8px min-code 431.8px column-ratio 1.86
table 07 width 412.0px scroll 155.0px left 0.0px min-long 283.0px min-code 0.0px column-ratio 1.00
table 08 width 420.0px scroll 0.0px left 0.0px min-long 327.7px min-code 0.0px column-ratio 3.59
==> ouro-md --tablewraptest --tablewrap-file Tests/Fixtures/dogfood-wide-tables.md
tables present: 16 ✓
pathological categories: alignment,empty,html,huge,long-code,sparse,url ✓
alignment matrix center/right: true/true ✓
huge table metrics present: true ✓
page horizontal overflow: 0.0px ✓
tables clipped by viewport: 0 ✓
tables with own horizontal scroll: 15 ✓
clearly-scrollable tables with edge affordance: 15/15 ✓
fitting tables with stray affordance: 0 ✓
tables not flush with text left edge: 0 ✓
tables initially scrolled sideways: 0 ✓
collapsed long cells: 0 ✓
cells with clipped (hidden) code: 0 ✓
collapsed empty cells: 0 ✓
code spilling across cells: 0 ✓
inline elements spilling across cells: 0 ✓
invalid table metrics: 0 ✓
table 01 width 412.0px scroll 875.0px left 0.0px min-long 283.0px min-code 431.8px column-ratio 8.30
table 02 width 412.0px scroll 1359.0px left 0.0px min-long 283.0px min-code 283.0px column-ratio 9.64
table 03 width 412.0px scroll 526.0px left 0.0px min-long 283.0px min-code 283.0px column-ratio 3.21
table 04 [sparse] width 412.0px scroll 769.0px left 0.0px min-long 283.0px min-code 743.9px column-ratio 11.40
table 05 width 412.0px scroll 1160.0px left 0.0px min-long 283.0px min-code 1203.4px column-ratio 14.26
table 06 width 412.0px scroll 1616.0px left 0.0px min-long 275.8px min-code 275.8px column-ratio 8.05
table 07 width 412.0px scroll 155.0px left 0.0px min-long 283.0px min-code 0.0px column-ratio 1.00
table 08 width 412.0px scroll 200.0px left 0.0px min-long 283.0px min-code 283.0px column-ratio 1.16
table 09 width 412.0px scroll 395.0px left 0.0px min-long 283.0px min-code 431.8px column-ratio 4.72
table 10 [empty] width 412.0px scroll 330.0px left 0.0px min-long 283.0px min-code 0.0px column-ratio 3.64
table 11 [alignment] width 420.0px scroll 0.0px left 0.0px min-long 0.0px min-code 121.9px column-ratio 1.46
table 12 [html] width 412.0px scroll 721.0px left 0.0px min-long 283.0px min-code 283.0px column-ratio 1.00
table 13 [url] width 412.0px scroll 706.0px left 0.0px min-long 283.0px min-code 726.6px column-ratio 6.79
table 14 [sparse] width 412.0px scroll 278.0px left 0.0px min-long 283.0px min-code 283.0px column-ratio 4.22
table 15 [long-code] width 412.0px scroll 1005.0px left 0.0px min-long 283.0px min-code 1021.3px column-ratio 9.16
table 16 [huge] width 412.0px scroll 255.0px left 0.0px min-long 0.0px min-code 0.0px column-ratio 1.00
==> ouro-md --tablewraptest --tablewrap-width 1000 --tablewrap-height 1300 --tablewrap-file Tests/Fixtures/dogfood-wide-tables.md
tables present: 16 ✓
pathological categories: alignment,empty,html,huge,long-code,sparse,url ✓
alignment matrix center/right: true/true ✓
huge table metrics present: true ✓
page horizontal overflow: 0.0px ✓
tables clipped by viewport: 0 ✓
tables with own horizontal scroll: 10 ✓
clearly-scrollable tables with edge affordance: 10/10 ✓
fitting tables with stray affordance: 0 ✓
tables not flush with text left edge: 0 ✓
tables initially scrolled sideways: 0 ✓
collapsed long cells: 0 ✓
cells with clipped (hidden) code: 0 ✓
collapsed empty cells: 0 ✓
code spilling across cells: 0 ✓
inline elements spilling across cells: 0 ✓
invalid table metrics: 0 ✓
table 01 width 792.0px scroll 495.0px left 0.0px min-long 283.0px min-code 431.8px column-ratio 8.30
table 02 width 792.0px scroll 979.0px left 0.0px min-long 283.0px min-code 283.0px column-ratio 9.64
table 03 width 792.0px scroll 146.0px left 0.0px min-long 283.0px min-code 283.0px column-ratio 3.21
table 04 [sparse] width 792.0px scroll 389.0px left 0.0px min-long 283.0px min-code 743.9px column-ratio 11.40
table 05 width 792.0px scroll 780.0px left 0.0px min-long 283.0px min-code 1203.4px column-ratio 14.26
table 06 width 792.0px scroll 1236.0px left 0.0px min-long 275.8px min-code 275.8px column-ratio 8.05
table 07 width 714.0px scroll 0.0px left 0.0px min-long 283.0px min-code 0.0px column-ratio 1.52
table 08 width 800.0px scroll 0.0px left 0.0px min-long 399.5px min-code 399.5px column-ratio 1.00
table 09 width 792.0px scroll 15.0px left 0.0px min-long 283.0px min-code 431.8px column-ratio 4.72
table 10 [empty] width 800.0px scroll 0.0px left 0.0px min-long 283.0px min-code 0.0px column-ratio 4.39
table 11 [alignment] width 529.0px scroll 0.0px left 0.0px min-long 0.0px min-code 155.0px column-ratio 1.52
table 12 [html] width 792.0px scroll 341.0px left 0.0px min-long 283.0px min-code 283.0px column-ratio 1.00
table 13 [url] width 792.0px scroll 326.0px left 0.0px min-long 283.0px min-code 726.6px column-ratio 6.79
table 14 [sparse] width 800.0px scroll 0.0px left 0.0px min-long 355.0px min-code 355.0px column-ratio 4.70
table 15 [long-code] width 792.0px scroll 625.0px left 0.0px min-long 283.0px min-code 1021.3px column-ratio 9.16
table 16 [huge] width 800.0px scroll 0.0px left 0.0px min-long 0.0px min-code 0.0px column-ratio 1.00
==> ouro-md --tablewraptest --tablewrap-width 1400 --tablewrap-height 5000 --tablewrap-file Tests/Fixtures/dogfood-wide-tables.md
tables present: 16 ✓
pathological categories: alignment,empty,html,huge,long-code,sparse,url ✓
alignment matrix center/right: true/true ✓
huge table metrics present: true ✓
page horizontal overflow: 0.0px ✓
tables clipped by viewport: 0 ✓
tables with own horizontal scroll: 8 ✓
clearly-scrollable tables with edge affordance: 8/8 ✓
fitting tables with stray affordance: 0 ✓
tables not flush with text left edge: 0 ✓
tables initially scrolled sideways: 0 ✓
collapsed long cells: 0 ✓
cells with clipped (hidden) code: 0 ✓
collapsed empty cells: 0 ✓
code spilling across cells: 0 ✓
inline elements spilling across cells: 0 ✓
invalid table metrics: 0 ✓
table 01 width 956.0px scroll 331.0px left 0.0px min-long 283.0px min-code 431.8px column-ratio 8.30
table 02 width 956.0px scroll 815.0px left 0.0px min-long 283.0px min-code 283.0px column-ratio 9.64
table 03 width 964.0px scroll 0.0px left 0.0px min-long 283.0px min-code 283.0px column-ratio 3.50
table 04 [sparse] width 956.0px scroll 225.0px left 0.0px min-long 283.0px min-code 743.9px column-ratio 11.40
table 05 width 956.0px scroll 616.0px left 0.0px min-long 283.0px min-code 1203.4px column-ratio 14.26
table 06 width 956.0px scroll 1072.0px left 0.0px min-long 275.8px min-code 275.8px column-ratio 8.05
table 07 width 714.0px scroll 0.0px left 0.0px min-long 283.0px min-code 0.0px column-ratio 1.52
table 08 width 964.0px scroll 0.0px left 0.0px min-long 481.5px min-code 481.5px column-ratio 1.00
table 09 width 964.0px scroll 0.0px left 0.0px min-long 283.0px min-code 588.5px column-ratio 6.43
table 10 [empty] width 964.0px scroll 0.0px left 0.0px min-long 283.0px min-code 0.0px column-ratio 6.35
table 11 [alignment] width 529.0px scroll 0.0px left 0.0px min-long 0.0px min-code 155.0px column-ratio 1.52
table 12 [html] width 956.0px scroll 177.0px left 0.0px min-long 283.0px min-code 283.0px column-ratio 1.00
table 13 [url] width 956.0px scroll 162.0px left 0.0px min-long 283.0px min-code 726.6px column-ratio 6.79
table 14 [sparse] width 964.0px scroll 0.0px left 0.0px min-long 440.5px min-code 440.5px column-ratio 5.71
table 15 [long-code] width 956.0px scroll 461.0px left 0.0px min-long 283.0px min-code 1021.3px column-ratio 9.16
table 16 [huge] width 964.0px scroll 0.0px left 0.0px min-long 0.0px min-code 0.0px column-ratio 1.00
==> ouro-md --roundtrip /tmp/ouro-md-native-scenarios.2pHBqp/roundtrip.md --out /tmp/ouro-md-native-scenarios.2pHBqp/roundtrip-out.md
==> ouro-md selftest
native scenarios ok
PASS multi-step undo/redo: edit=ONE TWOAlpha line.\n undo1=ONEAlpha line.\n undo2=Alpha line.\n redo1=ONEAlpha line.\n redo2=ONE TWOAlpha line.\n
release policy scan ok
packaged app probes ok
release policy scan ok
packaged app: version=0.9.77 build=0.9.77 bundle=bot.ouro.md git=3d4588085890
/tmp/ouro-md-local-release.DqkNBq/extracted/Ouro MD.app: valid on disk
/tmp/ouro-md-local-release.DqkNBq/extracted/Ouro MD.app: satisfies its Designated Requirement
telemetry: not embedded (allowed for this run)
version output: ouro-md 0.9.77 (3d4588085890)
bundleURL:    /tmp/ouro-md-local-release.DqkNBq/extracted/Ouro MD.app
resourceURL:  /tmp/ouro-md-local-release.DqkNBq/extracted/Ouro MD.app/Contents/Resources
executableURL:/tmp/ouro-md-local-release.DqkNBq/extracted/Ouro MD.app/Contents/MacOS/ouro-md
  bundleURL/ouro-md_OuroMD.bundle: missing  (/tmp/ouro-md-local-release.DqkNBq/extracted/Ouro MD.app/ouro-md_OuroMD.bundle)
  resourceURL/ouro-md_OuroMD.bundle: EXISTS  (/tmp/ouro-md-local-release.DqkNBq/extracted/Ouro MD.app/Contents/Resources/ouro-md_OuroMD.bundle)
OuroResources.web(index.html): FOUND  (/tmp/ouro-md-local-release.DqkNBq/extracted/Ouro MD.app/Contents/Resources/ouro-md_OuroMD.bundle/web/index.html)
PASS initial callout hides raw marker and keeps source: label=initial hasAlert=true alertCount=2 hasMarker=true markerText=[!NOTE] markerFont=0px markerOpacity=0 before="Note"/block hasTip=true tipNested=true value=# Alerts\n\n> Leading-space top-level quote stays normal.\n\n- List item\n  > [!NOTE]\n  > List-contained marker stays normal.\n  >\n\n> [!NOTE]\n> An alert.\n\n> [!TIP]\n> Tip alert.\n>\n>> Nested quote body.\n>>\n\n> `[!NOTE]`\n> Code marker stays normal.\n\n> [!NOTE](https://x.com)\n> Link marker stays normal.\n\n> **[!NOTE]**\n> Strong marker stays normal.\n\n> [!NOTE][ref]\n> Ref marker stays normal.\n\n> Ordinary quote first.\n> [!NOTE] later stays normal.\n\n>> [!NOTE]\n>> Nested marker stays normal.\n>>\n\nOutside paragraph.\n
PASS focused callout reveals editable marker: label=focused hasAlert=true alertCount=2 hasMarker=true markerText=[!NOTE] markerFont=16px markerOpacity=0.6 before="Note"/none hasTip=true tipNested=true value=# Alerts\n\n> Leading-space top-level quote stays normal.\n\n- List item\n  > [!NOTE]\n  > List-contained marker stays normal.\n  >\n\n> [!NOTE]\n> An alert.\n\n> [!TIP]\n> Tip alert.\n>\n>> Nested quote body.\n>>\n\n> `[!NOTE]`\n> Code marker stays normal.\n\n> [!NOTE](https://x.com)\n> Link marker stays normal.\n\n> **[!NOTE]**\n> Strong marker stays normal.\n\n> [!NOTE][ref]\n> Ref marker stays normal.\n\n> Ordinary quote first.\n> [!NOTE] later stays normal.\n\n>> [!NOTE]\n>> Nested marker stays normal.\n>>\n\nOutside paragraph.\n
PASS editing alert body preserves marker: label=edited hasAlert=true alertCount=2 hasMarker=true markerText=[!NOTE] markerFont=16px markerOpacity=0.6 before="Note"/none hasTip=true tipNested=true value=# Alerts\n\n> Leading-space top-level quote stays normal.\n\n- List item\n  > [!NOTE]\n  > List-contained marker stays normal.\n  >\n\n> [!NOTE]\n> An alert. Edited\n\n> [!TIP]\n> Tip alert.\n>\n>> Nested quote body.\n>>\n\n> `[!NOTE]`\n> Code marker stays normal.\n\n> [!NOTE](https://x.com)\n> Link marker stays normal.\n\n> **[!NOTE]**\n> Strong marker stays normal.\n\n> [!NOTE][ref]\n> Ref marker stays normal.\n\n> Ordinary quote first.\n> [!NOTE] later stays normal.\n\n>> [!NOTE]\n>> Nested marker stays normal.\n>>\n\nOutside paragraph.\n
PASS alert body undo/redo preserves marker: undo=label=alert-undo hasAlert=true alertCount=2 hasMarker=true markerText=[!NOTE] markerFont=16px markerOpacity=0.6 before="Note"/none hasTip=true tipNested=true value=# Alerts\n\n> Leading-space top-level quote stays normal.\n\n- List item\n  > [!NOTE]\n  > List-contained marker stays normal.\n  >\n\n> [!NOTE]\n> An alert.\n\n> [!TIP]\n> Tip alert.\n>\n>> Nested quote body.\n>>\n\n> `[!NOTE]`\n> Code marker stays normal.\n\n> [!NOTE](https://x.com)\n> Link marker stays normal.\n\n> **[!NOTE]**\n> Strong marker stays normal.\n\n> [!NOTE][ref]\n> Ref marker stays normal.\n\n> Ordinary quote first.\n> [!NOTE] later stays normal.\n\n>> [!NOTE]\n>> Nested marker stays normal.\n>>\n\nOutside paragraph.\n redo=label=alert-redo hasAlert=true alertCount=2 hasMarker=true markerText=[!NOTE] markerFont=16px markerOpacity=0.6 before="Note"/none hasTip=true tipNested=true value=# Alerts\n\n> Leading-space top-level quote stays normal.\n\n- List item\n  > [!NOTE]\n  > List-contained marker stays normal.\n  >\n\n> [!NOTE]\n> An alert. Edited\n\n> [!TIP]\n> Tip alert.\n>\n>> Nested quote body.\n>>\n\n> `[!NOTE]`\n> Code marker stays normal.\n\n> [!NOTE](https://x.com)\n> Link marker stays normal.\n\n> **[!NOTE]**\n> Strong marker stays normal.\n\n> [!NOTE][ref]\n> Ref marker stays normal.\n\n> Ordinary quote first.\n> [!NOTE] later stays normal.\n\n>> [!NOTE]\n>> Nested marker stays normal.\n>>\n\nOutside paragraph.\n
PASS split-view rebuild preserves callout marker: label=sv hasAlert=true alertCount=2 hasMarker=true markerText=[!NOTE] markerFont=0px markerOpacity=0 before="Note"/block hasTip=true tipNested=true value=# Alerts\n\n> Leading-space top-level quote stays normal.\n\n- List item\n  > [!NOTE]\n  > List-contained marker stays normal.\n\n> [!NOTE]\n> An alert. Edited\n\n> [!TIP]\n> Tip alert.\n> \n> > Nested quote body.\n\n> `[!NOTE]`\n> Code marker stays normal.\n\n> [!NOTE](https://x.com)\n> Link marker stays normal.\n\n> **[!NOTE]**\n> Strong marker stays normal.\n\n> [!NOTE][ref]\n> Ref marker stays normal.\n\n> Ordinary quote first.\n> [!NOTE] later stays normal.\n\n> > [!NOTE]\n> > Nested marker stays normal.\n\nOutside paragraph.\n\n
PASS instant-render rebuild preserves callout marker: label=ir hasAlert=true alertCount=2 hasMarker=true markerText=[!NOTE] markerFont=0px markerOpacity=0 before="Note"/block hasTip=true tipNested=true value=# Alerts\n\n> Leading-space top-level quote stays normal.\n\n- List item\n  > [!NOTE]\n  > List-contained marker stays normal.\n  >\n\n> [!NOTE]\n> An alert. Edited\n\n> [!TIP]\n> Tip alert.\n>\n>> Nested quote body.\n>>\n\n> `[!NOTE]`\n> Code marker stays normal.\n\n> [!NOTE](https://x.com)\n> Link marker stays normal.\n\n> **[!NOTE]**\n> Strong marker stays normal.\n\n> [!NOTE][ref]\n> Ref marker stays normal.\n\n> Ordinary quote first.\n> [!NOTE] later stays normal.\n\n>> [!NOTE]\n>> Nested marker stays normal.\n>>\n\nOutside paragraph.\n
PASS spanning selection includes hidden marker: label=spanning-selection hasAlert=true alertCount=1 hasMarker=true markerText=[!NOTE] markerFont=0px markerOpacity=0 before="Note"/block hasTip=false tipNested=false value=Before paragraph.\n\n> [!NOTE]\n> Selection body.\n\nAfter paragraph.\n
PASS editing marker to unsupported type removes alert styling: label=unsupported-marker-edit hasAlert=false alertCount=0 hasMarker=false markerText= markerFont= markerOpacity= before=/ hasTip=false tipNested=false value=> [!CUSTOM]\n> Marker edit body.\n
==> ouro-md --undotest
PASS multi-step undo/redo: edit=ONE TWOAlpha line.\n undo1=ONEAlpha line.\n undo2=Alpha line.\n redo1=ONEAlpha line.\n redo2=ONE TWOAlpha line.\n
==> ouro-md --wraptest
type " over selection: hello “world"   OK ✓
type ( over selection: hello (world)   OK ✓
paste url over selection: hello [world](https://x.com)   OK ✓
auto-pair ( then x: hello(x)   OK ✓
skip over typed ): ()x   OK ✓
skip over a curly close-quote: a”xb   OK ✓
backspace deletes pair:    OK ✓
==> ouro-md --linktest
IR link node rendered for [text](url): found=true   OK ✓
⌘-mousedown posts openURL with the link's URL: opened=https://ouro.bot   OK ✓
==> ouro-md --wrapgluetest
leading enumerator wrapped in .ouro-nowrap: 3. Instructions   OK ✓
bracketed inline code wrapped in .ouro-nowrap: code in: (`abc123`)   OK ✓
glue does not change the Markdown round-trip: before==after: true   OK ✓
==> ouro-md --renderprobe
heading     : rendered ✓
bold        : rendered ✓
inlineCode  : rendered ✓
codeBlock   : rendered ✓
table       : rendered ✓
taskList    : rendered ✓
math        : rendered ✓
footnote    : rendered ✓
alert       : rendered ✓
mermaid     : rendered ✓
==> ouro-md --mermaidcliptest
mermaid rendered: yes ✓ (6 labels)
max label overflow: 0.0px ✓
==> ouro-md --reloadrendertest
new diagram rendered: yes ✓ (svg=true beta=true)
stale diagram cleared: yes ✓
scroll preserved: yes ✓ (before=150 after=150)
==> ouro-md --darkdiagramtest
[light] nodeFillLuminance=238 fill=rgb(236, 236, 255) found=true
[dark] nodeFillLuminance=32 fill=rgb(31, 32, 32) found=true
diagram re-themed on light→dark switch: yes ✓ (light=238 dark=32)
==> ouro-md --selectionblurtest
selection made:                 ✓
blur to chrome mutes:           ✓
focus return un-mutes:          ✓
focus within editor no flicker: ✓
file switch clears selection:   ✓
==> ouro-md --copyflavortest
default  : ✓  plain[md=true vis=true] html[rendered=true empty=false]
markdown : ✓  plain[md=true vis=true] html[rendered=false empty=true]
plain    : ✓  plain[md=false vis=true] html[rendered=false empty=true]
html     : ✓  plain[md=false vis=true] html[rendered=true empty=false]
==> ouro-md --performanceprobe
large document load: 251.0ms headings=0 tables=0 html=37469 value=33246 ✓
large document edit latency: 71.0ms ✓
large document replace latency: 133.0ms ✓
large document clear latency: 5.0ms ✓
folder search latency: 21.2ms results=107 ✓
resident memory: 80.4MB delta=71.6MB ✓
==> ouro-md --accessibilityaudit
runtime accessibility smoke: ✓
shell rendered accessibility labels: ✓
source accessibility labels: ✓
menu shortcut coverage: ✓
menu shortcut conflicts: ✓
command discoverability catalog: ✓
==> ouro-md --markdownparitytest
renderer parity: ✓
html quartz parity: ✓
html graphite parity: ✓
html manuscript parity: ✓
html newsprint parity: ✓
pdf export parity: ✓ bytes=36264
==> ouro-md --codewraptest
code blocks present: 1 ✓
page horizontal overflow: 0.0px ✓
code blocks clipped by viewport: 0 ✓
code blocks with own horizontal scroll: 1 ✓ (max 1908.0px)
code blocks initially scrolled sideways: 0 ✓
==> visual QA: fallback-quartz
page horizontal overflow: 0.0px ✓
headings: 2, long: 1, escaped: 0 ✓
images: 1, unloaded: 0, escaped: 0 ✓
nested list items: 3 ✓
callouts: 2 ✓
tables: 2, escaped: 0, collapsed cells: 0, imbalanced: 0 ✓
visual QA ok: fallback-quartz
==> visual QA: dogfood-quartz
page horizontal overflow: 0.0px ✓
headings: 2, long: 1, escaped: 0 ✓
images: 1, unloaded: 0, escaped: 0 ✓
nested list items: 5 ✓
callouts: 2 ✓
tables: 2, escaped: 0, collapsed cells: 0, imbalanced: 0 ✓
visual QA ok: dogfood-quartz
==> visual QA: dogfood-graphite
page horizontal overflow: 0.0px ✓
headings: 2, long: 1, escaped: 0 ✓
images: 1, unloaded: 0, escaped: 0 ✓
nested list items: 5 ✓
callouts: 2 ✓
tables: 2, escaped: 0, collapsed cells: 0, imbalanced: 0 ✓
visual QA ok: dogfood-graphite
visual QA ok
==> ouro-md --searchrevealtest
whole-word reveal selection: needle before[
] after[
] in needlex
needle
111
222 ✓
regex reveal selection: 222 in needlex
needle
111
222 matches[111,222] ✓
==> ouro-md --uisurfacetest
preferences fitting size: 560.0x413.0 ✓
about fitting size: 520.0x520.0 ✓
search sidebar fitting size: 208.0x95.0 ✓
editor palette/status fitting size: 400.0x320.0 ✓
command reference fitting size: 560.0x620.0 ✓
status/palette semantic state: ✓
command discoverability semantic state: ✓
available update controls fitting size: 560.0x130.0 ✓
update progress fitting size: installing 400.0x131.0 failed 400.0x105.0 ✓
installing update review state: ✓
direct shell install suppressed; review prompt available: ✓
invalid regex visible state: ✓
search result row state: ✓
menu topology: ✓
accessibility labels: ✓
==> ouro-md --editorsurfacetest
markdown file drop classification: ok
image paste data-uri insertion: ok
image drop data-uri insertion: ok
web content recovery reload: ok
html exports all themes: ok
print dry-run operation: ok
pdf export probe: ok
==> ouro-md --firstlaunchtest
first launch welcome pixels: 660 nonblank samples
==> ouro-md --tablewraptest
tables present: 8 ✓
page horizontal overflow: 0.0px ✓
tables clipped by viewport: 0 ✓
tables with own horizontal scroll: 7 ✓
clearly-scrollable tables with edge affordance: 7/7 ✓
fitting tables with stray affordance: 0 ✓
tables not flush with text left edge: 0 ✓
tables initially scrolled sideways: 0 ✓
collapsed long cells: 0 ✓
cells with clipped (hidden) code: 0 ✓
collapsed empty cells: 0 ✓
code spilling across cells: 0 ✓
inline elements spilling across cells: 0 ✓
invalid table metrics: 0 ✓
table 01 width 412.0px scroll 709.0px left 0.0px min-long 283.0px min-code 492.5px column-ratio 8.02
table 02 width 412.0px scroll 278.0px left 0.0px min-long 283.0px min-code 405.8px column-ratio 1.43
table 03 width 412.0px scroll 1359.0px left 0.0px min-long 283.0px min-code 1090.7px column-ratio 9.64
table 04 width 412.0px scroll 840.0px left 0.0px min-long 283.0px min-code 475.2px column-ratio 1.74
table 05 width 412.0px scroll 721.0px left 0.0px min-long 283.0px min-code 0.0px column-ratio 1.00
table 06 width 412.0px scroll 825.0px left 0.0px min-long 431.8px min-code 431.8px column-ratio 1.86
table 07 width 412.0px scroll 155.0px left 0.0px min-long 283.0px min-code 0.0px column-ratio 1.00
table 08 width 420.0px scroll 0.0px left 0.0px min-long 327.7px min-code 0.0px column-ratio 3.59
==> ouro-md --tablewraptest --tablewrap-file Tests/Fixtures/dogfood-wide-tables.md
tables present: 16 ✓
pathological categories: alignment,empty,html,huge,long-code,sparse,url ✓
alignment matrix center/right: true/true ✓
huge table metrics present: true ✓
page horizontal overflow: 0.0px ✓
tables clipped by viewport: 0 ✓
tables with own horizontal scroll: 15 ✓
clearly-scrollable tables with edge affordance: 15/15 ✓
fitting tables with stray affordance: 0 ✓
tables not flush with text left edge: 0 ✓
tables initially scrolled sideways: 0 ✓
collapsed long cells: 0 ✓
cells with clipped (hidden) code: 0 ✓
collapsed empty cells: 0 ✓
code spilling across cells: 0 ✓
inline elements spilling across cells: 0 ✓
invalid table metrics: 0 ✓
table 01 width 412.0px scroll 875.0px left 0.0px min-long 283.0px min-code 431.8px column-ratio 8.30
table 02 width 412.0px scroll 1359.0px left 0.0px min-long 283.0px min-code 283.0px column-ratio 9.64
table 03 width 412.0px scroll 526.0px left 0.0px min-long 283.0px min-code 283.0px column-ratio 3.21
table 04 [sparse] width 412.0px scroll 769.0px left 0.0px min-long 283.0px min-code 743.9px column-ratio 11.40
table 05 width 412.0px scroll 1160.0px left 0.0px min-long 283.0px min-code 1203.4px column-ratio 14.26
table 06 width 412.0px scroll 1616.0px left 0.0px min-long 275.8px min-code 275.8px column-ratio 8.05
table 07 width 412.0px scroll 155.0px left 0.0px min-long 283.0px min-code 0.0px column-ratio 1.00
table 08 width 412.0px scroll 200.0px left 0.0px min-long 283.0px min-code 283.0px column-ratio 1.16
table 09 width 412.0px scroll 395.0px left 0.0px min-long 283.0px min-code 431.8px column-ratio 4.72
table 10 [empty] width 412.0px scroll 330.0px left 0.0px min-long 283.0px min-code 0.0px column-ratio 3.64
table 11 [alignment] width 420.0px scroll 0.0px left 0.0px min-long 0.0px min-code 121.9px column-ratio 1.46
table 12 [html] width 412.0px scroll 721.0px left 0.0px min-long 283.0px min-code 283.0px column-ratio 1.00
table 13 [url] width 412.0px scroll 706.0px left 0.0px min-long 283.0px min-code 726.6px column-ratio 6.79
table 14 [sparse] width 412.0px scroll 278.0px left 0.0px min-long 283.0px min-code 283.0px column-ratio 4.22
table 15 [long-code] width 412.0px scroll 1005.0px left 0.0px min-long 283.0px min-code 1021.3px column-ratio 9.16
table 16 [huge] width 412.0px scroll 255.0px left 0.0px min-long 0.0px min-code 0.0px column-ratio 1.00
==> ouro-md --tablewraptest --tablewrap-width 1000 --tablewrap-height 1300 --tablewrap-file Tests/Fixtures/dogfood-wide-tables.md
tables present: 16 ✓
pathological categories: alignment,empty,html,huge,long-code,sparse,url ✓
alignment matrix center/right: true/true ✓
huge table metrics present: true ✓
page horizontal overflow: 0.0px ✓
tables clipped by viewport: 0 ✓
tables with own horizontal scroll: 10 ✓
clearly-scrollable tables with edge affordance: 10/10 ✓
fitting tables with stray affordance: 0 ✓
tables not flush with text left edge: 0 ✓
tables initially scrolled sideways: 0 ✓
collapsed long cells: 0 ✓
cells with clipped (hidden) code: 0 ✓
collapsed empty cells: 0 ✓
code spilling across cells: 0 ✓
inline elements spilling across cells: 0 ✓
invalid table metrics: 0 ✓
table 01 width 792.0px scroll 495.0px left 0.0px min-long 283.0px min-code 431.8px column-ratio 8.30
table 02 width 792.0px scroll 979.0px left 0.0px min-long 283.0px min-code 283.0px column-ratio 9.64
table 03 width 792.0px scroll 146.0px left 0.0px min-long 283.0px min-code 283.0px column-ratio 3.21
table 04 [sparse] width 792.0px scroll 389.0px left 0.0px min-long 283.0px min-code 743.9px column-ratio 11.40
table 05 width 792.0px scroll 780.0px left 0.0px min-long 283.0px min-code 1203.4px column-ratio 14.26
table 06 width 792.0px scroll 1236.0px left 0.0px min-long 275.8px min-code 275.8px column-ratio 8.05
table 07 width 714.0px scroll 0.0px left 0.0px min-long 283.0px min-code 0.0px column-ratio 1.52
table 08 width 800.0px scroll 0.0px left 0.0px min-long 399.5px min-code 399.5px column-ratio 1.00
table 09 width 792.0px scroll 15.0px left 0.0px min-long 283.0px min-code 431.8px column-ratio 4.72
table 10 [empty] width 800.0px scroll 0.0px left 0.0px min-long 283.0px min-code 0.0px column-ratio 4.39
table 11 [alignment] width 529.0px scroll 0.0px left 0.0px min-long 0.0px min-code 155.0px column-ratio 1.52
table 12 [html] width 792.0px scroll 341.0px left 0.0px min-long 283.0px min-code 283.0px column-ratio 1.00
table 13 [url] width 792.0px scroll 326.0px left 0.0px min-long 283.0px min-code 726.6px column-ratio 6.79
table 14 [sparse] width 800.0px scroll 0.0px left 0.0px min-long 355.0px min-code 355.0px column-ratio 4.70
table 15 [long-code] width 792.0px scroll 625.0px left 0.0px min-long 283.0px min-code 1021.3px column-ratio 9.16
table 16 [huge] width 800.0px scroll 0.0px left 0.0px min-long 0.0px min-code 0.0px column-ratio 1.00
==> ouro-md --tablewraptest --tablewrap-width 1400 --tablewrap-height 5000 --tablewrap-file Tests/Fixtures/dogfood-wide-tables.md
tables present: 16 ✓
pathological categories: alignment,empty,html,huge,long-code,sparse,url ✓
alignment matrix center/right: true/true ✓
huge table metrics present: true ✓
page horizontal overflow: 0.0px ✓
tables clipped by viewport: 0 ✓
tables with own horizontal scroll: 8 ✓
clearly-scrollable tables with edge affordance: 8/8 ✓
fitting tables with stray affordance: 0 ✓
tables not flush with text left edge: 0 ✓
tables initially scrolled sideways: 0 ✓
collapsed long cells: 0 ✓
cells with clipped (hidden) code: 0 ✓
collapsed empty cells: 0 ✓
code spilling across cells: 0 ✓
inline elements spilling across cells: 0 ✓
invalid table metrics: 0 ✓
table 01 width 956.0px scroll 331.0px left 0.0px min-long 283.0px min-code 431.8px column-ratio 8.30
table 02 width 956.0px scroll 815.0px left 0.0px min-long 283.0px min-code 283.0px column-ratio 9.64
table 03 width 964.0px scroll 0.0px left 0.0px min-long 283.0px min-code 283.0px column-ratio 3.50
table 04 [sparse] width 956.0px scroll 225.0px left 0.0px min-long 283.0px min-code 743.9px column-ratio 11.40
table 05 width 956.0px scroll 616.0px left 0.0px min-long 283.0px min-code 1203.4px column-ratio 14.26
table 06 width 956.0px scroll 1072.0px left 0.0px min-long 275.8px min-code 275.8px column-ratio 8.05
table 07 width 714.0px scroll 0.0px left 0.0px min-long 283.0px min-code 0.0px column-ratio 1.52
table 08 width 964.0px scroll 0.0px left 0.0px min-long 481.5px min-code 481.5px column-ratio 1.00
table 09 width 964.0px scroll 0.0px left 0.0px min-long 283.0px min-code 588.5px column-ratio 6.43
table 10 [empty] width 964.0px scroll 0.0px left 0.0px min-long 283.0px min-code 0.0px column-ratio 6.35
table 11 [alignment] width 529.0px scroll 0.0px left 0.0px min-long 0.0px min-code 155.0px column-ratio 1.52
table 12 [html] width 956.0px scroll 177.0px left 0.0px min-long 283.0px min-code 283.0px column-ratio 1.00
table 13 [url] width 956.0px scroll 162.0px left 0.0px min-long 283.0px min-code 726.6px column-ratio 6.79
table 14 [sparse] width 964.0px scroll 0.0px left 0.0px min-long 440.5px min-code 440.5px column-ratio 5.71
table 15 [long-code] width 956.0px scroll 461.0px left 0.0px min-long 283.0px min-code 1021.3px column-ratio 9.16
table 16 [huge] width 964.0px scroll 0.0px left 0.0px min-long 0.0px min-code 0.0px column-ratio 1.00
==> ouro-md --roundtrip /tmp/ouro-md-native-scenarios.1xGhb7/roundtrip.md --out /tmp/ouro-md-native-scenarios.1xGhb7/roundtrip-out.md
==> ouro-md selftest
native scenarios ok
PASS multi-step undo/redo: edit=ONE TWOAlpha line.\n undo1=ONEAlpha line.\n undo2=Alpha line.\n redo1=ONEAlpha line.\n redo2=ONE TWOAlpha line.\n
release policy scan ok
packaged app probes ok
local release artifact verified: dist/Ouro-MD-0.9.77.zip (3d458808589089e72f70d49a6134f00a1fd5d950)

Publish with:
  gh release create v0.9.77 "dist/Ouro-MD-0.9.77.zip" "dist/Ouro-MD-0.9.77.dmg" "dist/Ouro-MD-0.9.77.manifest.json" \
    --repo ourostack/ouro-md --target "3d458808589089e72f70d49a6134f00a1fd5d950" \
    --title "Ouro MD 0.9.77" --notes "…"
