
> apple-distribution-kit@0.1.0 test
> vitest run


 RUN  v3.2.6 /Users/arimendelow/Projects/apple-distribution-kit

 ✓ test/reconcile.test.ts (4 tests) 2ms
 ✓ test/xcode-runner.test.ts (15 tests) 4ms
 ✓ test/manifest-plan.test.ts (28 tests) 10ms
 ✓ test/scaffold.test.ts (25 tests) 17ms
 ✓ test/asc-client.test.ts (17 tests) 20ms

 Test Files  5 passed (5)
      Tests  89 passed (89)
   Start at  13:03:43
   Duration  387ms (transform 217ms, setup 0ms, collect 451ms, tests 53ms, environment 1ms, prepare 307ms)


> apple-distribution-kit@0.1.0 build
> tsc -p tsconfig.json


> apple-distribution-kit@0.1.0 coverage
> vitest run --coverage


 RUN  v3.2.6 /Users/arimendelow/Projects/apple-distribution-kit
      Coverage enabled with v8

 ✓ test/reconcile.test.ts (4 tests) 3ms
 ✓ test/xcode-runner.test.ts (15 tests) 4ms
 ✓ test/manifest-plan.test.ts (28 tests) 10ms
 ✓ test/scaffold.test.ts (25 tests) 19ms
 ✓ test/asc-client.test.ts (17 tests) 21ms

 Test Files  5 passed (5)
      Tests  89 passed (89)
   Start at  13:03:45
   Duration  416ms (transform 138ms, setup 0ms, collect 378ms, tests 56ms, environment 1ms, prepare 330ms)

 % Coverage report from v8
------------------|---------|----------|---------|---------|-------------------
File              | % Stmts | % Branch | % Funcs | % Lines | Uncovered Line #s 
------------------|---------|----------|---------|---------|-------------------
All files         |     100 |      100 |     100 |     100 |                   
 asc.ts           |     100 |      100 |     100 |     100 |                   
 cli-core.ts      |     100 |      100 |     100 |     100 |                   
 config.ts        |     100 |      100 |     100 |     100 |                   
 index.ts         |     100 |      100 |     100 |     100 |                   
 manifest-path.ts |     100 |      100 |     100 |     100 |                   
 manifest.ts      |     100 |      100 |     100 |     100 |                   
 plan.ts          |     100 |      100 |     100 |     100 |                   
 reconcile.ts     |     100 |      100 |     100 |     100 |                   
 redaction.ts     |     100 |      100 |     100 |     100 |                   
 xcode-runner.ts  |     100 |      100 |     100 |     100 |                   
------------------|---------|----------|---------|---------|-------------------
